<?xml version="1.0" encoding="ISO-8859-1" ?>
<link_info>
   <banner>TMS320C2000 Linker PC v22.6.1.LTS</banner>
   <copyright>Copyright (c) 1996-2018 Texas Instruments Incorporated</copyright>
   <link_time>0x66698af6</link_time>
   <link_errors>0x0</link_errors>
   <output_file>F28388D_ZWT337_TIMETASK_CPU1.out</output_file>
   <entry_point>
      <name>code_start</name>
      <address>0x80000</address>
   </entry_point>
   <input_file_list>
      <input_file id="fl-2">
         <path>.\</path>
         <kind>object</kind>
         <file>isr.obj</file>
         <name>isr.obj</name>
      </input_file>
      <input_file id="fl-3">
         <path>.\</path>
         <kind>object</kind>
         <file>lut_sigmoid.obj</file>
         <name>lut_sigmoid.obj</name>
      </input_file>
      <input_file id="fl-6">
         <path>.\syscfg\</path>
         <kind>object</kind>
         <file>c2000ware_libraries.obj</file>
         <name>c2000ware_libraries.obj</name>
      </input_file>
      <input_file id="fl-7">
         <path>.\</path>
         <kind>object</kind>
         <file>timetask.obj</file>
         <name>timetask.obj</name>
      </input_file>
      <input_file id="fl-9">
         <path>.\cla\</path>
         <kind>object</kind>
         <file>initCLA.obj</file>
         <name>initCLA.obj</name>
      </input_file>
      <input_file id="fl-c">
         <path>.\device\driverlib\</path>
         <kind>object</kind>
         <file>adc.obj</file>
         <name>adc.obj</name>
      </input_file>
      <input_file id="fl-d">
         <path>.\device\driverlib\</path>
         <kind>object</kind>
         <file>asysctl.obj</file>
         <name>asysctl.obj</name>
      </input_file>
      <input_file id="fl-e">
         <path>.\device\driverlib\</path>
         <kind>object</kind>
         <file>bgcrc.obj</file>
         <name>bgcrc.obj</name>
      </input_file>
      <input_file id="fl-f">
         <path>.\device\driverlib\</path>
         <kind>object</kind>
         <file>can.obj</file>
         <name>can.obj</name>
      </input_file>
      <input_file id="fl-10">
         <path>.\device\driverlib\</path>
         <kind>object</kind>
         <file>cla.obj</file>
         <name>cla.obj</name>
      </input_file>
      <input_file id="fl-11">
         <path>.\device\driverlib\</path>
         <kind>object</kind>
         <file>clb.obj</file>
         <name>clb.obj</name>
      </input_file>
      <input_file id="fl-12">
         <path>.\device\driverlib\</path>
         <kind>object</kind>
         <file>cmpss.obj</file>
         <name>cmpss.obj</name>
      </input_file>
      <input_file id="fl-13">
         <path>.\device\driverlib\</path>
         <kind>object</kind>
         <file>cputimer.obj</file>
         <name>cputimer.obj</name>
      </input_file>
      <input_file id="fl-14">
         <path>.\device\driverlib\</path>
         <kind>object</kind>
         <file>dac.obj</file>
         <name>dac.obj</name>
      </input_file>
      <input_file id="fl-15">
         <path>.\device\driverlib\</path>
         <kind>object</kind>
         <file>dcc.obj</file>
         <name>dcc.obj</name>
      </input_file>
      <input_file id="fl-16">
         <path>.\device\driverlib\</path>
         <kind>object</kind>
         <file>dcsm.obj</file>
         <name>dcsm.obj</name>
      </input_file>
      <input_file id="fl-17">
         <path>.\device\driverlib\</path>
         <kind>object</kind>
         <file>dma.obj</file>
         <name>dma.obj</name>
      </input_file>
      <input_file id="fl-18">
         <path>.\device\driverlib\</path>
         <kind>object</kind>
         <file>ecap.obj</file>
         <name>ecap.obj</name>
      </input_file>
      <input_file id="fl-19">
         <path>.\device\driverlib\</path>
         <kind>object</kind>
         <file>emif.obj</file>
         <name>emif.obj</name>
      </input_file>
      <input_file id="fl-1b">
         <path>.\device\driverlib\</path>
         <kind>object</kind>
         <file>eqep.obj</file>
         <name>eqep.obj</name>
      </input_file>
      <input_file id="fl-1c">
         <path>.\device\driverlib\</path>
         <kind>object</kind>
         <file>erad.obj</file>
         <name>erad.obj</name>
      </input_file>
      <input_file id="fl-1d">
         <path>.\device\driverlib\</path>
         <kind>object</kind>
         <file>escss.obj</file>
         <name>escss.obj</name>
      </input_file>
      <input_file id="fl-1f">
         <path>.\device\driverlib\</path>
         <kind>object</kind>
         <file>fsi.obj</file>
         <name>fsi.obj</name>
      </input_file>
      <input_file id="fl-20">
         <path>.\device\driverlib\</path>
         <kind>object</kind>
         <file>gpio.obj</file>
         <name>gpio.obj</name>
      </input_file>
      <input_file id="fl-21">
         <path>.\device\driverlib\</path>
         <kind>object</kind>
         <file>hrcap.obj</file>
         <name>hrcap.obj</name>
      </input_file>
      <input_file id="fl-22">
         <path>.\device\driverlib\</path>
         <kind>object</kind>
         <file>hrpwm.obj</file>
         <name>hrpwm.obj</name>
      </input_file>
      <input_file id="fl-23">
         <path>.\device\driverlib\</path>
         <kind>object</kind>
         <file>i2c.obj</file>
         <name>i2c.obj</name>
      </input_file>
      <input_file id="fl-25">
         <path>.\device\driverlib\</path>
         <kind>object</kind>
         <file>ipc.obj</file>
         <name>ipc.obj</name>
      </input_file>
      <input_file id="fl-26">
         <path>.\device\driverlib\</path>
         <kind>object</kind>
         <file>mcan.obj</file>
         <name>mcan.obj</name>
      </input_file>
      <input_file id="fl-27">
         <path>.\device\driverlib\</path>
         <kind>object</kind>
         <file>mcbsp.obj</file>
         <name>mcbsp.obj</name>
      </input_file>
      <input_file id="fl-28">
         <path>.\device\driverlib\</path>
         <kind>object</kind>
         <file>memcfg.obj</file>
         <name>memcfg.obj</name>
      </input_file>
      <input_file id="fl-29">
         <path>.\device\driverlib\</path>
         <kind>object</kind>
         <file>pmbus.obj</file>
         <name>pmbus.obj</name>
      </input_file>
      <input_file id="fl-2a">
         <path>.\device\driverlib\</path>
         <kind>object</kind>
         <file>sci.obj</file>
         <name>sci.obj</name>
      </input_file>
      <input_file id="fl-2b">
         <path>.\device\driverlib\</path>
         <kind>object</kind>
         <file>sdfm.obj</file>
         <name>sdfm.obj</name>
      </input_file>
      <input_file id="fl-2c">
         <path>.\device\driverlib\</path>
         <kind>object</kind>
         <file>spi.obj</file>
         <name>spi.obj</name>
      </input_file>
      <input_file id="fl-2e">
         <path>.\device\driverlib\</path>
         <kind>object</kind>
         <file>usb.obj</file>
         <name>usb.obj</name>
      </input_file>
      <input_file id="fl-2f">
         <path>.\device\driverlib\</path>
         <kind>object</kind>
         <file>version.obj</file>
         <name>version.obj</name>
      </input_file>
      <input_file id="fl-30">
         <path>.\device\driverlib\</path>
         <kind>object</kind>
         <file>xbar.obj</file>
         <name>xbar.obj</name>
      </input_file>
      <input_file id="fl-31">
         <path>.\flashapi\</path>
         <kind>object</kind>
         <file>f021Bbox.obj</file>
         <name>f021Bbox.obj</name>
      </input_file>
      <input_file id="fl-32">
         <path>.\flashapi\</path>
         <kind>object</kind>
         <file>f021api.obj</file>
         <name>f021api.obj</name>
      </input_file>
      <input_file id="fl-33">
         <path>.\mb_slave\</path>
         <kind>object</kind>
         <file>CRC16.obj</file>
         <name>CRC16.obj</name>
      </input_file>
      <input_file id="fl-34">
         <path>.\mb_slave\</path>
         <kind>object</kind>
         <file>ModbusFunction.obj</file>
         <name>ModbusFunction.obj</name>
      </input_file>
      <input_file id="fl-35">
         <path>.\mb_slave\</path>
         <kind>object</kind>
         <file>ModbusPort.obj</file>
         <name>ModbusPort.obj</name>
      </input_file>
      <input_file id="fl-36">
         <path>.\mb_slave\</path>
         <kind>object</kind>
         <file>ModbusSlave.obj</file>
         <name>ModbusSlave.obj</name>
      </input_file>
      <input_file id="fl-37">
         <path>.\mb_slave\</path>
         <kind>object</kind>
         <file>linkVariables.obj</file>
         <name>linkVariables.obj</name>
      </input_file>
      <input_file id="fl-38">
         <path>.\mb_slave\</path>
         <kind>object</kind>
         <file>tbmenu.obj</file>
         <name>tbmenu.obj</name>
      </input_file>
      <input_file id="fl-56">
         <path>C:\ti\ccs1240\ccs\tools\compiler\ti-cgt-c2000_22.6.1.LTS\lib\</path>
         <kind>archive</kind>
         <file>rts2800_fpu64_eabi.lib</file>
         <name>memcpy.c.obj</name>
      </input_file>
      <input_file id="fl-57">
         <path>C:\ti\ccs1240\ccs\tools\compiler\ti-cgt-c2000_22.6.1.LTS\lib\</path>
         <kind>archive</kind>
         <file>rts2800_fpu64_eabi.lib</file>
         <name>pre_init.c.obj</name>
      </input_file>
      <input_file id="fl-59">
         <path>C:\ti\ccs1240\ccs\tools\compiler\ti-cgt-c2000_22.6.1.LTS\lib\</path>
         <kind>archive</kind>
         <file>rts2800_fpu64_eabi.lib</file>
         <name>copy_zero_init.c.obj</name>
      </input_file>
      <input_file id="fl-5a">
         <path>C:\ti\ccs1240\ccs\tools\compiler\ti-cgt-c2000_22.6.1.LTS\lib\</path>
         <kind>archive</kind>
         <file>rts2800_fpu64_eabi.lib</file>
         <name>copy_decompress_none.c.obj</name>
      </input_file>
      <input_file id="fl-5b">
         <path>C:\ti\ccs1240\ccs\tools\compiler\ti-cgt-c2000_22.6.1.LTS\lib\</path>
         <kind>archive</kind>
         <file>rts2800_fpu64_eabi.lib</file>
         <name>copy_decompress_lzss.c.obj</name>
      </input_file>
      <input_file id="fl-5d">
         <path>C:\ti\ccs1240\ccs\tools\compiler\ti-cgt-c2000_22.6.1.LTS\lib\</path>
         <kind>archive</kind>
         <file>rts2800_fpu64_eabi.lib</file>
         <name>_lock.c.obj</name>
      </input_file>
      <input_file id="fl-5f">
         <path>C:\ti\ccs1240\ccs\tools\compiler\ti-cgt-c2000_22.6.1.LTS\lib\</path>
         <kind>archive</kind>
         <file>rts2800_fpu64_eabi.lib</file>
         <name>memset.c.obj</name>
      </input_file>
      <input_file id="fl-60">
         <path>C:\ti\ccs1240\ccs\tools\compiler\ti-cgt-c2000_22.6.1.LTS\lib\</path>
         <kind>archive</kind>
         <file>rts2800_fpu64_eabi.lib</file>
         <name>cpy_tbl.c.obj</name>
      </input_file>
      <input_file id="fl-62">
         <path>C:\Users\User\AppData\Local\Temp\</path>
         <kind>object</kind>
         <file>{B9896F88-E4CA-41E4-ACBE-836F03AFDF99}</file>
         <name>{B9896F88-E4CA-41E4-ACBE-836F03AFDF99}</name>
      </input_file>
      <input_file id="fl-4">
         <path>.\</path>
         <kind>object</kind>
         <file>main.obj</file>
         <name>main.obj</name>
      </input_file>
      <input_file id="fl-5">
         <path>.\syscfg\</path>
         <kind>object</kind>
         <file>board.obj</file>
         <name>board.obj</name>
      </input_file>
      <input_file id="fl-8">
         <path>.\cla\</path>
         <kind>object</kind>
         <file>cla_task.obj</file>
         <name>cla_task.obj</name>
      </input_file>
      <input_file id="fl-a">
         <path>.\device\</path>
         <kind>object</kind>
         <file>device.obj</file>
         <name>device.obj</name>
      </input_file>
      <input_file id="fl-b">
         <path>.\device\</path>
         <kind>object</kind>
         <file>f2838x_codestartbranch.obj</file>
         <name>f2838x_codestartbranch.obj</name>
      </input_file>
      <input_file id="fl-1a">
         <path>.\device\driverlib\</path>
         <kind>object</kind>
         <file>epwm.obj</file>
         <name>epwm.obj</name>
      </input_file>
      <input_file id="fl-1e">
         <path>.\device\driverlib\</path>
         <kind>object</kind>
         <file>flash.obj</file>
         <name>flash.obj</name>
      </input_file>
      <input_file id="fl-24">
         <path>.\device\driverlib\</path>
         <kind>object</kind>
         <file>interrupt.obj</file>
         <name>interrupt.obj</name>
      </input_file>
      <input_file id="fl-2d">
         <path>.\device\driverlib\</path>
         <kind>object</kind>
         <file>sysctl.obj</file>
         <name>sysctl.obj</name>
      </input_file>
      <input_file id="fl-40">
         <kind>object</kind>
         <file>&lt;internal&gt;</file>
         <name>&lt;internal&gt;</name>
      </input_file>
      <input_file id="fl-41">
         <path>C:\Users\User\Desktop\GitHub\GW\C2000\F28388D_DualCore_Timetask\F28388D_ZWT337_TIMETASK_CPU1\</path>
         <kind>archive</kind>
         <file>F2838x_C28x_FlashAPI.lib</file>
         <name>Async.obj</name>
      </input_file>
      <input_file id="fl-42">
         <path>C:\Users\User\Desktop\GitHub\GW\C2000\F28388D_DualCore_Timetask\F28388D_ZWT337_TIMETASK_CPU1\</path>
         <kind>archive</kind>
         <file>F2838x_C28x_FlashAPI.lib</file>
         <name>Program.obj</name>
      </input_file>
      <input_file id="fl-43">
         <path>C:\Users\User\Desktop\GitHub\GW\C2000\F28388D_DualCore_Timetask\F28388D_ZWT337_TIMETASK_CPU1\</path>
         <kind>archive</kind>
         <file>F2838x_C28x_FlashAPI.lib</file>
         <name>Verify.obj</name>
      </input_file>
      <input_file id="fl-44">
         <path>C:\Users\User\Desktop\GitHub\GW\C2000\F28388D_DualCore_Timetask\F28388D_ZWT337_TIMETASK_CPU1\</path>
         <kind>archive</kind>
         <file>F2838x_C28x_FlashAPI.lib</file>
         <name>FlashStateMachine.obj</name>
      </input_file>
      <input_file id="fl-45">
         <path>C:\Users\User\Desktop\GitHub\GW\C2000\F28388D_DualCore_Timetask\F28388D_ZWT337_TIMETASK_CPU1\</path>
         <kind>archive</kind>
         <file>F2838x_C28x_FlashAPI.lib</file>
         <name>Init.obj</name>
      </input_file>
      <input_file id="fl-46">
         <path>C:\Users\User\Desktop\GitHub\GW\C2000\F28388D_DualCore_Timetask\F28388D_ZWT337_TIMETASK_CPU1\</path>
         <kind>archive</kind>
         <file>F2838x_C28x_FlashAPI.lib</file>
         <name>Utilities.obj</name>
      </input_file>
      <input_file id="fl-47">
         <path>C:\Users\User\Desktop\GitHub\GW\C2000\F28388D_DualCore_Timetask\F28388D_ZWT337_TIMETASK_CPU1\</path>
         <kind>archive</kind>
         <file>F2838x_C28x_FlashAPI.lib</file>
         <name>Read.obj</name>
      </input_file>
      <input_file id="fl-48">
         <path>..\</path>
         <kind>archive</kind>
         <file>SFO_v8_fpu_lib_build_c28_driverlib_eabi.lib</file>
         <name>SFO_v8_fpu_lib_build_c28_driverlib.obj</name>
      </input_file>
      <input_file id="fl-54">
         <path>C:\ti\ccs1240\ccs\tools\compiler\ti-cgt-c2000_22.6.1.LTS\lib\</path>
         <kind>archive</kind>
         <file>rts2800_fpu64_eabi.lib</file>
         <name>boot28.asm.obj</name>
      </input_file>
      <input_file id="fl-55">
         <path>C:\ti\ccs1240\ccs\tools\compiler\ti-cgt-c2000_22.6.1.LTS\lib\</path>
         <kind>archive</kind>
         <file>rts2800_fpu64_eabi.lib</file>
         <name>ll_cmp28.asm.obj</name>
      </input_file>
      <input_file id="fl-58">
         <path>C:\ti\ccs1240\ccs\tools\compiler\ti-cgt-c2000_22.6.1.LTS\lib\</path>
         <kind>archive</kind>
         <file>rts2800_fpu64_eabi.lib</file>
         <name>autoinit.c.obj</name>
      </input_file>
      <input_file id="fl-5c">
         <path>C:\ti\ccs1240\ccs\tools\compiler\ti-cgt-c2000_22.6.1.LTS\lib\</path>
         <kind>archive</kind>
         <file>rts2800_fpu64_eabi.lib</file>
         <name>exit.c.obj</name>
      </input_file>
      <input_file id="fl-5e">
         <path>C:\ti\ccs1240\ccs\tools\compiler\ti-cgt-c2000_22.6.1.LTS\lib\</path>
         <kind>archive</kind>
         <file>rts2800_fpu64_eabi.lib</file>
         <name>args_main.c.obj</name>
      </input_file>
      <input_file id="fl-61">
         <path>C:\ti\ccs1240\ccs\tools\compiler\ti-cgt-c2000_22.6.1.LTS\lib\</path>
         <kind>archive</kind>
         <file>rts2800_fpu64_eabi.lib</file>
         <name>startup.c.obj</name>
      </input_file>
   </input_file_list>
   <object_component_list>
      <object_component id="oc-53b">
         <name>.cinit..data.load</name>
         <load_address>0x80008</load_address>
         <run_address>0x80008</run_address>
         <size>0xb7</size>
      </object_component>
      <object_component id="oc-538">
         <name>__TI_handler_table</name>
         <load_address>0x800c0</load_address>
         <run_address>0x800c0</run_address>
         <size>0x6</size>
      </object_component>
      <object_component id="oc-53a">
         <name>.cinit..bss.load</name>
         <load_address>0x800c6</load_address>
         <run_address>0x800c6</run_address>
         <size>0x4</size>
      </object_component>
      <object_component id="oc-53c">
         <name>.cinit.RD_CPU2.load</name>
         <load_address>0x800ca</load_address>
         <run_address>0x800ca</run_address>
         <size>0x4</size>
      </object_component>
      <object_component id="oc-53d">
         <name>.cinit.RW_CPU1.load</name>
         <load_address>0x800ce</load_address>
         <run_address>0x800ce</run_address>
         <size>0x4</size>
      </object_component>
      <object_component id="oc-53e">
         <name>.cinit.cla_shared.load</name>
         <load_address>0x800d2</load_address>
         <run_address>0x800d2</run_address>
         <size>0x4</size>
      </object_component>
      <object_component id="oc-539">
         <name>__TI_cinit_table</name>
         <load_address>0x800d6</load_address>
         <run_address>0x800d6</run_address>
         <size>0x14</size>
      </object_component>
      <object_component id="oc-1c2">
         <name>.text:SYSCTL_init</name>
         <load_address>0x82000</load_address>
         <run_address>0x82000</run_address>
         <size>0x6ae</size>
         <input_file_ref idref="fl-5"/>
      </object_component>
      <object_component id="oc-253">
         <name>.text:DCC_verifyClockFrequency</name>
         <load_address>0x826ae</load_address>
         <run_address>0x826ae</run_address>
         <size>0x290</size>
         <input_file_ref idref="fl-15"/>
      </object_component>
      <object_component id="oc-153">
         <name>.text:SFO</name>
         <load_address>0x8293e</load_address>
         <run_address>0x8293e</run_address>
         <size>0x1f1</size>
         <input_file_ref idref="fl-48"/>
      </object_component>
      <object_component id="oc-261">
         <name>.text:SysCtl_isPLLValid</name>
         <load_address>0x82b2f</load_address>
         <run_address>0x82b2f</run_address>
         <size>0x1e1</size>
         <input_file_ref idref="fl-2d"/>
      </object_component>
      <object_component id="oc-1ab">
         <name>.text:Device_enableAllPeripherals</name>
         <load_address>0x82d10</load_address>
         <run_address>0x82d10</run_address>
         <size>0x167</size>
         <input_file_ref idref="fl-a"/>
      </object_component>
      <object_component id="oc-374">
         <name>.text:exeModbusSlave</name>
         <load_address>0x82e77</load_address>
         <run_address>0x82e77</run_address>
         <size>0x143</size>
         <input_file_ref idref="fl-36"/>
      </object_component>
      <object_component id="oc-18d">
         <name>.text:SysCtl_setClock</name>
         <load_address>0x82fba</load_address>
         <run_address>0x82fba</run_address>
         <size>0x133</size>
         <input_file_ref idref="fl-2d"/>
      </object_component>
      <object_component id="oc-3a2">
         <name>.text:writeReg</name>
         <load_address>0x830ed</load_address>
         <run_address>0x830ed</run_address>
         <size>0x124</size>
         <input_file_ref idref="fl-37"/>
      </object_component>
      <object_component id="oc-441">
         <name>.text:writeHoldingNRegister</name>
         <load_address>0x83211</load_address>
         <run_address>0x83211</run_address>
         <size>0x109</size>
         <input_file_ref idref="fl-34"/>
      </object_component>
      <object_component id="oc-43f">
         <name>.text:writeHoldingRegister</name>
         <load_address>0x8331a</load_address>
         <run_address>0x8331a</run_address>
         <size>0x108</size>
         <input_file_ref idref="fl-34"/>
      </object_component>
      <object_component id="oc-193">
         <name>.text:SysCtl_setAuxClock</name>
         <load_address>0x83422</load_address>
         <run_address>0x83422</run_address>
         <size>0xfc</size>
         <input_file_ref idref="fl-2d"/>
      </object_component>
      <object_component id="oc-47f">
         <name>.text:getModbusData</name>
         <load_address>0x8351e</load_address>
         <run_address>0x8351e</run_address>
         <size>0xf6</size>
         <input_file_ref idref="fl-38"/>
      </object_component>
      <object_component id="oc-43d">
         <name>.text:readHoldingRegister</name>
         <load_address>0x83614</load_address>
         <run_address>0x83614</run_address>
         <size>0xf6</size>
         <input_file_ref idref="fl-34"/>
      </object_component>
      <object_component id="oc-48b">
         <name>.text:setModbusData</name>
         <load_address>0x8370a</load_address>
         <run_address>0x8370a</run_address>
         <size>0xef</size>
         <input_file_ref idref="fl-38"/>
      </object_component>
      <object_component id="oc-39c">
         <name>.text:readRegN</name>
         <load_address>0x837f9</load_address>
         <run_address>0x837f9</run_address>
         <size>0xc5</size>
         <input_file_ref idref="fl-37"/>
      </object_component>
      <object_component id="oc-1f2">
         <name>.text:EPWM_init</name>
         <load_address>0x838be</load_address>
         <run_address>0x838be</run_address>
         <size>0x93</size>
         <input_file_ref idref="fl-5"/>
      </object_component>
      <object_component id="oc-159">
         <name>.text:initHRPWMxAB</name>
         <load_address>0x83951</load_address>
         <run_address>0x83951</run_address>
         <size>0x90</size>
         <input_file_ref idref="fl-4"/>
      </object_component>
      <object_component id="oc-1e0">
         <name>.text:CMP2_P_OCP_init</name>
         <load_address>0x839e1</load_address>
         <run_address>0x839e1</run_address>
         <size>0x8d</size>
         <input_file_ref idref="fl-5"/>
      </object_component>
      <object_component id="oc-2e1">
         <name>.text:SCI_setConfig</name>
         <load_address>0x83a6e</load_address>
         <run_address>0x83a6e</run_address>
         <size>0x8d</size>
         <input_file_ref idref="fl-2a"/>
      </object_component>
      <object_component id="oc-308">
         <name>.text:task25msec</name>
         <load_address>0x83afb</load_address>
         <run_address>0x83afb</run_address>
         <size>0x84</size>
         <input_file_ref idref="fl-7"/>
      </object_component>
      <object_component id="oc-1da">
         <name>.text:CMP5_P_OVP_init</name>
         <load_address>0x83b7f</load_address>
         <run_address>0x83b7f</run_address>
         <size>0x81</size>
         <input_file_ref idref="fl-5"/>
      </object_component>
      <object_component id="oc-1a5">
         <name>.text:SysCtl_getAuxClock</name>
         <load_address>0x83c00</load_address>
         <run_address>0x83c00</run_address>
         <size>0x81</size>
         <input_file_ref idref="fl-2d"/>
      </object_component>
      <object_component id="oc-104">
         <name>.text:main</name>
         <load_address>0x83c81</load_address>
         <run_address>0x83c81</run_address>
         <size>0x7e</size>
         <input_file_ref idref="fl-4"/>
      </object_component>
      <object_component id="oc-3a8">
         <name>.text:writeRegN</name>
         <load_address>0x83cff</load_address>
         <run_address>0x83cff</run_address>
         <size>0x7e</size>
         <input_file_ref idref="fl-37"/>
      </object_component>
      <object_component id="oc-1bc">
         <name>.text:PinMux_init</name>
         <load_address>0x83d7d</load_address>
         <run_address>0x83d7d</run_address>
         <size>0x7c</size>
         <input_file_ref idref="fl-5"/>
      </object_component>
      <object_component id="oc-129">
         <name>.text:Device_init</name>
         <load_address>0x83df9</load_address>
         <run_address>0x83df9</run_address>
         <size>0x7b</size>
         <input_file_ref idref="fl-a"/>
      </object_component>
      <object_component id="oc-1ce">
         <name>.text:CPU1_ADCA_init</name>
         <load_address>0x83e74</load_address>
         <run_address>0x83e74</run_address>
         <size>0x75</size>
         <input_file_ref idref="fl-5"/>
      </object_component>
      <object_component id="oc-199">
         <name>.text:SysCtl_getClock</name>
         <load_address>0x83ee9</load_address>
         <run_address>0x83ee9</run_address>
         <size>0x72</size>
         <input_file_ref idref="fl-2d"/>
      </object_component>
      <object_component id="oc-20b">
         <name>.text:MemCfg_setLSRAMControllerSel</name>
         <load_address>0x83f5b</load_address>
         <run_address>0x83f5b</run_address>
         <size>0x6b</size>
         <input_file_ref idref="fl-28"/>
      </object_component>
      <object_component id="oc-3e6">
         <name>.text:setMbusTxData</name>
         <load_address>0x83fc6</load_address>
         <run_address>0x83fc6</run_address>
         <size>0x3a</size>
         <input_file_ref idref="fl-36"/>
      </object_component>
      <object_component id="oc-204">
         <name>.text:DEBUG_SCI_init</name>
         <load_address>0x84000</load_address>
         <run_address>0x84000</run_address>
         <size>0x69</size>
         <input_file_ref idref="fl-5"/>
      </object_component>
      <object_component id="oc-330">
         <name>.text:SysCtl_pollX1Counter</name>
         <load_address>0x84069</load_address>
         <run_address>0x84069</run_address>
         <size>0x66</size>
         <input_file_ref idref="fl-2d"/>
      </object_component>
      <object_component id="oc-14d">
         <name>.text:initCLA</name>
         <load_address>0x840cf</load_address>
         <run_address>0x840cf</run_address>
         <size>0x64</size>
         <input_file_ref idref="fl-9"/>
      </object_component>
      <object_component id="oc-1d4">
         <name>.text:CPU1_ADCB_init</name>
         <load_address>0x84133</load_address>
         <run_address>0x84133</run_address>
         <size>0x62</size>
         <input_file_ref idref="fl-5"/>
      </object_component>
      <object_component id="oc-2b6">
         <name>.text:CMPSS_configRamp</name>
         <load_address>0x84195</load_address>
         <run_address>0x84195</run_address>
         <size>0x61</size>
         <input_file_ref idref="fl-12"/>
      </object_component>
      <object_component id="oc-33e">
         <name>.text:ADC_setINLTrim</name>
         <load_address>0x841f6</load_address>
         <run_address>0x841f6</run_address>
         <size>0x5f</size>
         <input_file_ref idref="fl-c"/>
      </object_component>
      <object_component id="oc-2aa">
         <name>.text:CMPSS_configFilterHigh</name>
         <load_address>0x84255</load_address>
         <run_address>0x84255</run_address>
         <size>0x5f</size>
         <input_file_ref idref="fl-12"/>
      </object_component>
      <object_component id="oc-2b0">
         <name>.text:CMPSS_configFilterLow</name>
         <load_address>0x842b4</load_address>
         <run_address>0x842b4</run_address>
         <size>0x5f</size>
         <input_file_ref idref="fl-12"/>
      </object_component>
      <object_component id="oc-3d1">
         <name>.text:popFIFOtoTxData</name>
         <load_address>0x84313</load_address>
         <run_address>0x84313</run_address>
         <size>0x56</size>
         <input_file_ref idref="fl-35"/>
      </object_component>
      <object_component id="oc-344">
         <name>.text:ADC_setOffsetTrim</name>
         <load_address>0x84369</load_address>
         <run_address>0x84369</run_address>
         <size>0x53</size>
         <input_file_ref idref="fl-c"/>
      </object_component>
      <object_component id="oc-2db">
         <name>.text:SCI_clearInterruptStatus</name>
         <load_address>0x843bc</load_address>
         <run_address>0x843bc</run_address>
         <size>0x52</size>
         <input_file_ref idref="fl-2a"/>
      </object_component>
      <object_component id="oc-269">
         <name>.text:SysCtl_selectOscSourceAuxPLL</name>
         <load_address>0x8440e</load_address>
         <run_address>0x8440e</run_address>
         <size>0x50</size>
         <input_file_ref idref="fl-2d"/>
      </object_component>
      <object_component id="oc-27b">
         <name>.text:GPIO_setPadConfig</name>
         <load_address>0x8445e</load_address>
         <run_address>0x8445e</run_address>
         <size>0x4d</size>
         <input_file_ref idref="fl-20"/>
      </object_component>
      <object_component id="oc-302">
         <name>.text:task2D5msec</name>
         <load_address>0x844ab</load_address>
         <run_address>0x844ab</run_address>
         <size>0x47</size>
         <input_file_ref idref="fl-7"/>
      </object_component>
      <object_component id="oc-396">
         <name>.text:initRegN</name>
         <load_address>0x844f2</load_address>
         <run_address>0x844f2</run_address>
         <size>0x45</size>
         <input_file_ref idref="fl-37"/>
      </object_component>
      <object_component id="oc-2f8">
         <name>.text:pollOvpParam</name>
         <load_address>0x84537</load_address>
         <run_address>0x84537</run_address>
         <size>0x45</size>
         <input_file_ref idref="fl-7"/>
      </object_component>
      <object_component id="oc-2bc">
         <name>.text:CMPSS_configLatchOnPWMSYNC</name>
         <load_address>0x8457c</load_address>
         <run_address>0x8457c</run_address>
         <size>0x43</size>
         <input_file_ref idref="fl-12"/>
      </object_component>
      <object_component id="oc-3d7">
         <name>.text:getMbusRxFIFO</name>
         <load_address>0x845bf</load_address>
         <run_address>0x845bf</run_address>
         <size>0x43</size>
         <input_file_ref idref="fl-36"/>
      </object_component>
      <object_component id="oc-325">
         <name>.text:SysCtl_selectXTAL</name>
         <load_address>0x84602</load_address>
         <run_address>0x84602</run_address>
         <size>0x42</size>
         <input_file_ref idref="fl-2d"/>
      </object_component>
      <object_component id="oc-141">
         <name>.text:Interrupt_initModule</name>
         <load_address>0x84644</load_address>
         <run_address>0x84644</run_address>
         <size>0x41</size>
         <input_file_ref idref="fl-24"/>
      </object_component>
      <object_component id="oc-25b">
         <name>.text:SysCtl_selectOscSource</name>
         <load_address>0x84685</load_address>
         <run_address>0x84685</run_address>
         <size>0x3c</size>
         <input_file_ref idref="fl-2d"/>
      </object_component>
      <object_component id="oc-2a2">
         <name>.text:ADC_setMode</name>
         <load_address>0x846c1</load_address>
         <run_address>0x846c1</run_address>
         <size>0x39</size>
         <input_file_ref idref="fl-c"/>
      </object_component>
      <object_component id="oc-95">
         <name>.text:Interrupt_enable</name>
         <load_address>0x846fa</load_address>
         <run_address>0x846fa</run_address>
         <size>0x36</size>
         <input_file_ref idref="fl-24"/>
      </object_component>
      <object_component id="oc-1e6">
         <name>.text:SWTIRMER_init</name>
         <load_address>0x84730</load_address>
         <run_address>0x84730</run_address>
         <size>0x34</size>
         <input_file_ref idref="fl-5"/>
      </object_component>
      <object_component id="oc-3ec">
         <name>.text:initMbusConfig</name>
         <load_address>0x84764</load_address>
         <run_address>0x84764</run_address>
         <size>0x34</size>
         <input_file_ref idref="fl-36"/>
      </object_component>
      <object_component id="oc-2d3">
         <name>.text:GPIO_setControllerCore</name>
         <load_address>0x84798</load_address>
         <run_address>0x84798</run_address>
         <size>0x30</size>
         <input_file_ref idref="fl-20"/>
      </object_component>
      <object_component id="oc-275">
         <name>.text:GPIO_setPinConfig</name>
         <load_address>0x847c8</load_address>
         <run_address>0x847c8</run_address>
         <size>0x30</size>
         <input_file_ref idref="fl-20"/>
      </object_component>
      <object_component id="oc-281">
         <name>.text:GPIO_setQualificationMode</name>
         <load_address>0x847f8</load_address>
         <run_address>0x847f8</run_address>
         <size>0x30</size>
         <input_file_ref idref="fl-20"/>
      </object_component>
      <object_component id="oc-23">
         <name>.text:decompress:lzss</name>
         <load_address>0x84828</load_address>
         <run_address>0x84828</run_address>
         <size>0x30</size>
         <input_file_ref idref="fl-5b"/>
      </object_component>
      <object_component id="oc-15f">
         <name>.text:pollTimeTask</name>
         <load_address>0x84858</load_address>
         <run_address>0x84858</run_address>
         <size>0x2f</size>
         <input_file_ref idref="fl-7"/>
      </object_component>
      <object_component id="oc-12f">
         <name>.text:MemCfg_setGSRAMControllerSel</name>
         <load_address>0x84887</load_address>
         <run_address>0x84887</run_address>
         <size>0x2d</size>
         <input_file_ref idref="fl-28"/>
      </object_component>
      <object_component id="oc-2cd">
         <name>.text:GPIO_setDirectionMode</name>
         <load_address>0x848b4</load_address>
         <run_address>0x848b4</run_address>
         <size>0x2c</size>
         <input_file_ref idref="fl-20"/>
      </object_component>
      <object_component id="oc-288">
         <name>.text:SysCtl_configureType</name>
         <load_address>0x848e0</load_address>
         <run_address>0x848e0</run_address>
         <size>0x2c</size>
         <input_file_ref idref="fl-2d"/>
      </object_component>
      <object_component id="oc-d4">
         <name>.text:__TI_auto_init_nobinit_nopinit</name>
         <load_address>0x8490c</load_address>
         <run_address>0x8490c</run_address>
         <size>0x2b</size>
         <input_file_ref idref="fl-58"/>
      </object_component>
      <object_component id="oc-c9">
         <name>.text</name>
         <load_address>0x84937</load_address>
         <run_address>0x84937</run_address>
         <size>0x29</size>
         <input_file_ref idref="fl-5c"/>
      </object_component>
      <object_component id="oc-147">
         <name>.text:Board_init</name>
         <load_address>0x84960</load_address>
         <run_address>0x84960</run_address>
         <size>0x25</size>
         <input_file_ref idref="fl-5"/>
      </object_component>
      <object_component id="oc-19f">
         <name>.text:SysCtl_getLowSpeedClock</name>
         <load_address>0x84985</load_address>
         <run_address>0x84985</run_address>
         <size>0x24</size>
         <input_file_ref idref="fl-2d"/>
      </object_component>
      <object_component id="oc-31f">
         <name>.text:SysCtl_selectXTALSingleEnded</name>
         <load_address>0x849a9</load_address>
         <run_address>0x849a9</run_address>
         <size>0x22</size>
         <input_file_ref idref="fl-2d"/>
      </object_component>
      <object_component id="oc-3c0">
         <name>.text:SCI_writeCharNonBlocking$41</name>
         <load_address>0x849cb</load_address>
         <run_address>0x849cb</run_address>
         <size>0x21</size>
         <input_file_ref idref="fl-34"/>
      </object_component>
      <object_component id="oc-3ae">
         <name>.text:SCI_getRxFIFOStatus$41</name>
         <load_address>0x849ec</load_address>
         <run_address>0x849ec</run_address>
         <size>0x20</size>
         <input_file_ref idref="fl-34"/>
      </object_component>
      <object_component id="oc-3ba">
         <name>.text:SCI_getTxFIFOStatus$41</name>
         <load_address>0x84a0c</load_address>
         <run_address>0x84a0c</run_address>
         <size>0x20</size>
         <input_file_ref idref="fl-34"/>
      </object_component>
      <object_component id="oc-294">
         <name>.text:SysCtl_selectCPUForPeripheral</name>
         <load_address>0x84a2c</load_address>
         <run_address>0x84a2c</run_address>
         <size>0x1f</size>
         <input_file_ref idref="fl-5"/>
      </object_component>
      <object_component id="oc-2c4">
         <name>.text:CPUTimer_setEmulationMode</name>
         <load_address>0x84a4b</load_address>
         <run_address>0x84a4b</run_address>
         <size>0x1e</size>
         <input_file_ref idref="fl-13"/>
      </object_component>
      <object_component id="oc-13b">
         <name>.text:Device_initGPIO</name>
         <load_address>0x84a69</load_address>
         <run_address>0x84a69</run_address>
         <size>0x1e</size>
         <input_file_ref idref="fl-a"/>
      </object_component>
      <object_component id="oc-3b4">
         <name>.text:SCI_readCharNonBlocking$41</name>
         <load_address>0x84a87</load_address>
         <run_address>0x84a87</run_address>
         <size>0x1e</size>
         <input_file_ref idref="fl-34"/>
      </object_component>
      <object_component id="oc-16f">
         <name>.text</name>
         <load_address>0x84aa5</load_address>
         <run_address>0x84aa5</run_address>
         <size>0x1</size>
         <input_file_ref idref="fl-5d"/>
      </object_component>
      <object_component id="oc-5a">
         <name>.text:Interrupt_initVectorTable</name>
         <load_address>0x84aa6</load_address>
         <run_address>0x84aa6</run_address>
         <size>0x1d</size>
         <input_file_ref idref="fl-24"/>
      </object_component>
      <object_component id="oc-1ec">
         <name>.text:myDAC0_init</name>
         <load_address>0x84ac3</load_address>
         <run_address>0x84ac3</run_address>
         <size>0x1d</size>
         <input_file_ref idref="fl-5"/>
      </object_component>
      <object_component id="oc-6f">
         <name>.text</name>
         <load_address>0x84ae0</load_address>
         <run_address>0x84ae0</run_address>
         <size>0x1d</size>
         <input_file_ref idref="fl-56"/>
      </object_component>
      <object_component id="oc-187">
         <name>.text:Device_verifyXTAL</name>
         <load_address>0x84afd</load_address>
         <run_address>0x84afd</run_address>
         <size>0x1c</size>
         <input_file_ref idref="fl-a"/>
      </object_component>
      <object_component id="oc-1b4">
         <name>.text:Device_enableUnbondedGPIOPullups</name>
         <load_address>0x84b19</load_address>
         <run_address>0x84b19</run_address>
         <size>0x1b</size>
         <input_file_ref idref="fl-a"/>
      </object_component>
      <object_component id="oc-1f8">
         <name>.text:CPU1_D10_GPIO31_init</name>
         <load_address>0x84b34</load_address>
         <run_address>0x84b34</run_address>
         <size>0x19</size>
         <input_file_ref idref="fl-5"/>
      </object_component>
      <object_component id="oc-24d">
         <name>.text:SysCtl_enablePeripheral</name>
         <load_address>0x84b4d</load_address>
         <run_address>0x84b4d</run_address>
         <size>0x19</size>
         <input_file_ref idref="fl-a"/>
      </object_component>
      <object_component id="oc-a9">
         <name>.text</name>
         <load_address>0x84b66</load_address>
         <run_address>0x84b66</run_address>
         <size>0x19</size>
         <input_file_ref idref="fl-54"/>
      </object_component>
      <object_component id="oc-1fe">
         <name>.text:CPU2_D9_GPIO34_init</name>
         <load_address>0x84b7f</load_address>
         <run_address>0x84b7f</run_address>
         <size>0x17</size>
         <input_file_ref idref="fl-5"/>
      </object_component>
      <object_component id="oc-485">
         <name>.text:chkValidAddress</name>
         <load_address>0x84b96</load_address>
         <run_address>0x84b96</run_address>
         <size>0x14</size>
         <input_file_ref idref="fl-38"/>
      </object_component>
      <object_component id="oc-29a">
         <name>.text:SysCtl_setPeripheralAccessControl</name>
         <load_address>0x84baa</load_address>
         <run_address>0x84baa</run_address>
         <size>0x12</size>
         <input_file_ref idref="fl-5"/>
      </object_component>
      <object_component id="oc-28e">
         <name>.text:SysCtl_setSemOwner</name>
         <load_address>0x84bbc</load_address>
         <run_address>0x84bbc</run_address>
         <size>0x12</size>
         <input_file_ref idref="fl-2d"/>
      </object_component>
      <object_component id="oc-1c8">
         <name>.text:SYNC_init</name>
         <load_address>0x84bce</load_address>
         <run_address>0x84bce</run_address>
         <size>0x11</size>
         <input_file_ref idref="fl-5"/>
      </object_component>
      <object_component id="oc-430">
         <name>.text:rstModbusTimeout</name>
         <load_address>0x84bdf</load_address>
         <run_address>0x84bdf</run_address>
         <size>0xe</size>
         <input_file_ref idref="fl-36"/>
      </object_component>
      <object_component id="oc-76">
         <name>.text:decompress:ZI:__TI_zero_init_nomemset</name>
         <load_address>0x84bed</load_address>
         <run_address>0x84bed</run_address>
         <size>0xd</size>
         <input_file_ref idref="fl-59"/>
      </object_component>
      <object_component id="oc-49">
         <name>.text:INTERRUPT_init</name>
         <load_address>0x84bfa</load_address>
         <run_address>0x84bfa</run_address>
         <size>0xc</size>
         <input_file_ref idref="fl-5"/>
      </object_component>
      <object_component id="oc-66">
         <name>.text:Interrupt_defaultHandler</name>
         <load_address>0x84c06</load_address>
         <run_address>0x84c06</run_address>
         <size>0xc</size>
         <input_file_ref idref="fl-24"/>
      </object_component>
      <object_component id="oc-c3">
         <name>.text</name>
         <load_address>0x84c12</load_address>
         <run_address>0x84c12</run_address>
         <size>0xc</size>
         <input_file_ref idref="fl-5e"/>
      </object_component>
      <object_component id="oc-3e0">
         <name>.text:ucMBCRC16</name>
         <load_address>0x84c1e</load_address>
         <run_address>0x84c1e</run_address>
         <size>0xc</size>
         <input_file_ref idref="fl-33"/>
      </object_component>
      <object_component id="oc-60">
         <name>.text:Interrupt_illegalOperationHandler</name>
         <load_address>0x84c2a</load_address>
         <run_address>0x84c2a</run_address>
         <size>0xa</size>
         <input_file_ref idref="fl-24"/>
      </object_component>
      <object_component id="oc-54">
         <name>.text:Interrupt_nmiHandler</name>
         <load_address>0x84c34</load_address>
         <run_address>0x84c34</run_address>
         <size>0xa</size>
         <input_file_ref idref="fl-24"/>
      </object_component>
      <object_component id="oc-30a">
         <name>.text:asapTask</name>
         <load_address>0x84c3e</load_address>
         <run_address>0x84c3e</run_address>
         <size>0x9</size>
         <input_file_ref idref="fl-7"/>
      </object_component>
      <object_component id="oc-29">
         <name>.text:decompress:none</name>
         <load_address>0x84c47</load_address>
         <run_address>0x84c47</run_address>
         <size>0x8</size>
         <input_file_ref idref="fl-5a"/>
      </object_component>
      <object_component id="oc-82">
         <name>.text</name>
         <load_address>0x84c4f</load_address>
         <run_address>0x84c4f</run_address>
         <size>0x8</size>
         <input_file_ref idref="fl-b"/>
      </object_component>
      <object_component id="oc-437">
         <name>.text:ReservedFunction</name>
         <load_address>0x84c57</load_address>
         <run_address>0x84c57</run_address>
         <size>0x6</size>
         <input_file_ref idref="fl-34"/>
      </object_component>
      <object_component id="oc-357">
         <name>.text:pollOcpParam</name>
         <load_address>0x84c5d</load_address>
         <run_address>0x84c5d</run_address>
         <size>0x6</size>
         <input_file_ref idref="fl-7"/>
      </object_component>
      <object_component id="oc-8f">
         <name>.text:__error__</name>
         <load_address>0x84c63</load_address>
         <run_address>0x84c63</run_address>
         <size>0x3</size>
         <input_file_ref idref="fl-a"/>
      </object_component>
      <object_component id="oc-bc">
         <name>.text</name>
         <load_address>0x84c66</load_address>
         <run_address>0x84c66</run_address>
         <size>0x2</size>
         <input_file_ref idref="fl-57"/>
      </object_component>
      <object_component id="oc-114">
         <name>.text</name>
         <load_address>0x84c68</load_address>
         <run_address>0x84c68</run_address>
         <size>0x1</size>
         <input_file_ref idref="fl-61"/>
      </object_component>
      <object_component id="oc-30">
         <name>codestart</name>
         <load_address>0x80000</load_address>
         <run_address>0x80000</run_address>
         <size>0x2</size>
         <input_file_ref idref="fl-b"/>
      </object_component>
      <object_component id="oc-6c">
         <name>.stack</name>
         <uninitialized>true</uninitialized>
         <run_address>0x400</run_address>
         <size>0x0</size>
         <input_file_ref idref="fl-54"/>
      </object_component>
      <object_component id="oc-53f">
         <name>.stack</name>
         <uninitialized>true</uninitialized>
         <run_address>0x400</run_address>
         <size>0x0</size>
      </object_component>
      <object_component id="oc-4dd">
         <name>.switch:getModbusData</name>
         <load_address>0x88000</load_address>
         <run_address>0x88000</run_address>
         <size>0x5c</size>
         <input_file_ref idref="fl-62"/>
      </object_component>
      <object_component id="oc-4e0">
         <name>.switch:setModbusData</name>
         <load_address>0x8805c</load_address>
         <run_address>0x8805c</run_address>
         <size>0x5c</size>
         <input_file_ref idref="fl-62"/>
      </object_component>
      <object_component id="oc-426">
         <name>.switch:writeReg</name>
         <load_address>0x880b8</load_address>
         <run_address>0x880b8</run_address>
         <size>0x20</size>
         <input_file_ref idref="fl-62"/>
      </object_component>
      <object_component id="oc-222">
         <name>.bss</name>
         <uninitialized>true</uninitialized>
         <run_address>0x937a</run_address>
         <size>0x2</size>
         <input_file_ref idref="fl-4"/>
      </object_component>
      <object_component id="oc-21b">
         <name>.bss</name>
         <uninitialized>true</uninitialized>
         <run_address>0x9375</run_address>
         <size>0x5</size>
         <input_file_ref idref="fl-48"/>
      </object_component>
      <object_component id="oc-21f">
         <name>.bss:MEP_SF</name>
         <uninitialized>true</uninitialized>
         <run_address>0x936c</run_address>
         <size>0x9</size>
         <input_file_ref idref="fl-48"/>
      </object_component>
      <object_component id="oc-393">
         <name>.bss</name>
         <uninitialized>true</uninitialized>
         <run_address>0x9340</run_address>
         <size>0x2c</size>
         <input_file_ref idref="fl-38"/>
      </object_component>
      <object_component id="oc-225">
         <name>.data:ePWM</name>
         <load_address>0x9236</load_address>
         <run_address>0x9236</run_address>
         <size>0xa</size>
         <input_file_ref idref="fl-4"/>
      </object_component>
      <object_component id="oc-21e">
         <name>.data</name>
         <load_address>0x933e</load_address>
         <run_address>0x933e</run_address>
         <size>0x1</size>
         <input_file_ref idref="fl-48"/>
      </object_component>
      <object_component id="oc-10c">
         <name>.data</name>
         <load_address>0x9336</load_address>
         <run_address>0x9336</run_address>
         <size>0x6</size>
         <input_file_ref idref="fl-5c"/>
      </object_component>
      <object_component id="oc-22b">
         <name>.data</name>
         <load_address>0x932c</load_address>
         <run_address>0x932c</run_address>
         <size>0xa</size>
         <input_file_ref idref="fl-7"/>
      </object_component>
      <object_component id="oc-368">
         <name>.data</name>
         <load_address>0x9000</load_address>
         <run_address>0x9000</run_address>
         <size>0x10e</size>
         <input_file_ref idref="fl-34"/>
      </object_component>
      <object_component id="oc-3f3">
         <name>.data</name>
         <load_address>0x9316</load_address>
         <run_address>0x9316</run_address>
         <size>0x16</size>
         <input_file_ref idref="fl-32"/>
      </object_component>
      <object_component id="oc-10f">
         <name>.data:_lock</name>
         <load_address>0x933c</load_address>
         <run_address>0x933c</run_address>
         <size>0x2</size>
         <input_file_ref idref="fl-5d"/>
      </object_component>
      <object_component id="oc-3f6">
         <name>.data:au16DataBuffer</name>
         <load_address>0x92f8</load_address>
         <run_address>0x92f8</run_address>
         <size>0x8</size>
         <input_file_ref idref="fl-32"/>
      </object_component>
      <object_component id="oc-365">
         <name>.data</name>
         <load_address>0x9300</load_address>
         <run_address>0x9300</run_address>
         <size>0x16</size>
         <input_file_ref idref="fl-31"/>
      </object_component>
      <object_component id="oc-231">
         <name>.data:time_task</name>
         <load_address>0x921e</load_address>
         <run_address>0x921e</run_address>
         <size>0x18</size>
         <input_file_ref idref="fl-7"/>
      </object_component>
      <object_component id="oc-3dd">
         <name>.data:ModbusFunc</name>
         <load_address>0x910e</load_address>
         <run_address>0x910e</run_address>
         <size>0x32</size>
         <input_file_ref idref="fl-34"/>
      </object_component>
      <object_component id="oc-41e">
         <name>.data:sBBoxTable</name>
         <load_address>0x92c4</load_address>
         <run_address>0x92c4</run_address>
         <size>0x34</size>
         <input_file_ref idref="fl-31"/>
      </object_component>
      <object_component id="oc-3ce">
         <name>.data</name>
         <load_address>0x9240</load_address>
         <run_address>0x9240</run_address>
         <size>0x84</size>
         <input_file_ref idref="fl-35"/>
      </object_component>
      <object_component id="oc-88">
         <name>.data</name>
         <load_address>0x9140</load_address>
         <run_address>0x9140</run_address>
         <size>0xde</size>
         <input_file_ref idref="fl-2"/>
      </object_component>
      <object_component id="oc-8e">
         <name>.const:.string</name>
         <load_address>0x98000</load_address>
         <run_address>0x98000</run_address>
         <size>0x256</size>
         <input_file_ref idref="fl-62"/>
      </object_component>
      <object_component id="oc-445">
         <name>.const:wCRCTable$40</name>
         <load_address>0x98256</load_address>
         <run_address>0x98256</run_address>
         <size>0x100</size>
         <input_file_ref idref="fl-33"/>
      </object_component>
      <object_component id="oc-47c">
         <name>.const</name>
         <load_address>0x98356</load_address>
         <run_address>0x98356</run_address>
         <size>0x24</size>
         <input_file_ref idref="fl-34"/>
      </object_component>
      <object_component id="oc-449">
         <name>.const</name>
         <load_address>0x98380</load_address>
         <run_address>0x98380</run_address>
         <size>0x9c</size>
         <input_file_ref idref="fl-36"/>
      </object_component>
      <object_component id="oc-165">
         <name>.const:IPC_Instance</name>
         <load_address>0x9841c</load_address>
         <run_address>0x9841c</run_address>
         <size>0x88</size>
         <input_file_ref idref="fl-25"/>
      </object_component>
      <object_component id="oc-8b">
         <name>.const:sigmoidLookup</name>
         <load_address>0x984a4</load_address>
         <run_address>0x984a4</run_address>
         <size>0x82</size>
         <input_file_ref idref="fl-3"/>
      </object_component>
      <object_component id="oc-24a">
         <name>.const:.string</name>
         <load_address>0x98526</load_address>
         <run_address>0x98526</run_address>
         <size>0x38</size>
         <input_file_ref idref="fl-1e"/>
      </object_component>
      <object_component id="oc-25a">
         <name>.const:.string</name>
         <load_address>0x9855e</load_address>
         <run_address>0x9855e</run_address>
         <size>0x38</size>
         <input_file_ref idref="fl-2d"/>
      </object_component>
      <object_component id="oc-235">
         <name>MSGRAM_CPU1_TO_CPU2</name>
         <uninitialized>true</uninitialized>
         <run_address>0x3a000</run_address>
         <size>0x88</size>
         <input_file_ref idref="fl-25"/>
      </object_component>
      <object_component id="oc-238">
         <name>MSGRAM_CPU2_TO_CPU1</name>
         <uninitialized>true</uninitialized>
         <run_address>0x3b000</run_address>
         <size>0x88</size>
         <input_file_ref idref="fl-25"/>
      </object_component>
      <object_component id="oc-23b">
         <name>MSGRAM_CPU_TO_CM</name>
         <uninitialized>true</uninitialized>
         <run_address>0x39000</run_address>
         <size>0x88</size>
         <input_file_ref idref="fl-25"/>
      </object_component>
      <object_component id="oc-23e">
         <name>MSGRAM_CM_TO_CPU</name>
         <uninitialized>true</uninitialized>
         <run_address>0x38000</run_address>
         <size>0x88</size>
         <input_file_ref idref="fl-25"/>
      </object_component>
      <object_component id="oc-48">
         <name>.TI.ramfunc:INT_CPU1_ADCA_1_ISR</name>
         <load_address>0x86000</load_address>
         <run_address>0x8000</run_address>
         <size>0x175</size>
         <input_file_ref idref="fl-2"/>
      </object_component>
      <object_component id="oc-180">
         <name>.TI.ramfunc:Flash_initModule</name>
         <load_address>0x86175</load_address>
         <run_address>0x8175</run_address>
         <size>0xd1</size>
         <input_file_ref idref="fl-1e"/>
      </object_component>
      <object_component id="oc-135">
         <name>.TI.ramfunc:FLASH_init</name>
         <load_address>0x86246</load_address>
         <run_address>0x8246</run_address>
         <size>0x36</size>
         <input_file_ref idref="fl-5"/>
      </object_component>
      <object_component id="oc-186">
         <name>.TI.ramfunc</name>
         <load_address>0x8627c</load_address>
         <run_address>0x827c</run_address>
         <size>0x4</size>
         <input_file_ref idref="fl-2d"/>
      </object_component>
      <object_component id="oc-45d">
         <name>.text:_Fapi_setupFlashStateMachine</name>
         <load_address>0xba000</load_address>
         <run_address>0x1b000</run_address>
         <size>0x2e1</size>
         <input_file_ref idref="fl-44"/>
      </object_component>
      <object_component id="oc-40b">
         <name>.text:Fapi_issueProgrammingCommand</name>
         <load_address>0xba2e1</load_address>
         <run_address>0x1b2e1</run_address>
         <size>0x1a5</size>
         <input_file_ref idref="fl-42"/>
      </object_component>
      <object_component id="oc-4a1">
         <name>.text:_Fapi_loopRegionForValue</name>
         <load_address>0xba486</load_address>
         <run_address>0x1b486</run_address>
         <size>0x7e</size>
         <input_file_ref idref="fl-47"/>
      </object_component>
      <object_component id="oc-4c8">
         <name>.text:Fapi_setupEepromSectorEnable</name>
         <load_address>0xba504</load_address>
         <run_address>0x1b504</run_address>
         <size>0x79</size>
         <input_file_ref idref="fl-44"/>
      </object_component>
      <object_component id="oc-405">
         <name>.text:Fapi_initializeAPI</name>
         <load_address>0xba57d</load_address>
         <run_address>0x1b57d</run_address>
         <size>0x66</size>
         <input_file_ref idref="fl-45"/>
      </object_component>
      <object_component id="oc-452">
         <name>.text:_Fapi_checkRegionForValue</name>
         <load_address>0xba5e3</load_address>
         <run_address>0x1b5e3</run_address>
         <size>0x61</size>
         <input_file_ref idref="fl-47"/>
      </object_component>
      <object_component id="oc-467">
         <name>.text:_Fapi_issueFsmCommand</name>
         <load_address>0xba644</load_address>
         <run_address>0x1b644</run_address>
         <size>0x53</size>
         <input_file_ref idref="fl-44"/>
      </object_component>
      <object_component id="oc-495">
         <name>.text:Fapi_isAddressValid</name>
         <load_address>0xba697</load_address>
         <run_address>0x1b697</run_address>
         <size>0x3b</size>
         <input_file_ref idref="fl-46"/>
      </object_component>
      <object_component id="oc-417">
         <name>.text:Fapi_issueAsyncCommandWithAddress</name>
         <load_address>0xba6d2</load_address>
         <run_address>0x1b6d2</run_address>
         <size>0x38</size>
         <input_file_ref idref="fl-41"/>
      </object_component>
      <object_component id="oc-4ce">
         <name>.text:Fapi_setupBankSectorEnable</name>
         <load_address>0xba70a</load_address>
         <run_address>0x1b70a</run_address>
         <size>0x31</size>
         <input_file_ref idref="fl-44"/>
      </object_component>
      <object_component id="oc-3ff">
         <name>.text:Fapi_setActiveFlashBank</name>
         <load_address>0xba73b</load_address>
         <run_address>0x1b73b</run_address>
         <size>0x2f</size>
         <input_file_ref idref="fl-44"/>
      </object_component>
      <object_component id="oc-4f6">
         <name>.text:Fapi_calculateFletcherChecksum</name>
         <load_address>0xba76a</load_address>
         <run_address>0x1b76a</run_address>
         <size>0x2c</size>
         <input_file_ref idref="fl-46"/>
      </object_component>
      <object_component id="oc-4ae">
         <name>.text:_Fapi_divideUnsignedLong</name>
         <load_address>0xba796</load_address>
         <run_address>0x1b796</run_address>
         <size>0x2a</size>
         <input_file_ref idref="fl-46"/>
      </object_component>
      <object_component id="oc-46d">
         <name>.text:_Fapi_setupSectorsForWrite</name>
         <load_address>0xba7c0</load_address>
         <run_address>0x1b7c0</run_address>
         <size>0x26</size>
         <input_file_ref idref="fl-44"/>
      </object_component>
      <object_component id="oc-4e5">
         <name>.text:Fapi_isAddressEcc</name>
         <load_address>0xba7e6</load_address>
         <run_address>0x1b7e6</run_address>
         <size>0x22</size>
         <input_file_ref idref="fl-44"/>
      </object_component>
      <object_component id="oc-49b">
         <name>.text:Fapi_flushPipeline</name>
         <load_address>0xba808</load_address>
         <run_address>0x1b808</run_address>
         <size>0x15</size>
         <input_file_ref idref="fl-47"/>
      </object_component>
      <object_component id="oc-3f9">
         <name>.text:Fapi_doVerify</name>
         <load_address>0xba81d</load_address>
         <run_address>0x1b81d</run_address>
         <size>0xf</size>
         <input_file_ref idref="fl-43"/>
      </object_component>
      <object_component id="oc-411">
         <name>.text:Fapi_checkFsmForReady</name>
         <load_address>0xba82c</load_address>
         <run_address>0x1b82c</run_address>
         <size>0xe</size>
         <input_file_ref idref="fl-44"/>
      </object_component>
      <object_component id="oc-4ba">
         <name>.text:_Fapi_scaleCycleValues</name>
         <load_address>0xba83a</load_address>
         <run_address>0x1b83a</run_address>
         <size>0xe</size>
         <input_file_ref idref="fl-46"/>
      </object_component>
      <object_component id="oc-4b4">
         <name>.text:_Fapi_calculateOtpChecksum</name>
         <load_address>0xba848</load_address>
         <run_address>0x1b848</run_address>
         <size>0xb</size>
         <input_file_ref idref="fl-46"/>
      </object_component>
      <object_component id="oc-45a">
         <name>.bss</name>
         <load_address>0xba854</load_address>
         <run_address>0x1b854</run_address>
         <size>0xa</size>
         <input_file_ref idref="fl-45"/>
      </object_component>
      <object_component id="oc-4eb">
         <name>.text:Fapi_serviceWatchdogTimer</name>
         <load_address>0xba85e</load_address>
         <run_address>0x1b85e</run_address>
         <size>0x2</size>
         <input_file_ref idref="fl-44"/>
      </object_component>
      <object_component id="oc-380">
         <name>.fapi_ram:runFlashStorage</name>
         <load_address>0xba860</load_address>
         <run_address>0x1b860</run_address>
         <size>0x184</size>
         <input_file_ref idref="fl-31"/>
      </object_component>
      <object_component id="oc-37a">
         <name>.fapi_ram:runManualFlashApi</name>
         <load_address>0xba9e4</load_address>
         <run_address>0x1b9e4</run_address>
         <size>0xc2</size>
         <input_file_ref idref="fl-32"/>
      </object_component>
      <object_component id="oc-35f">
         <name>RD_CPU2</name>
         <uninitialized>true</uninitialized>
         <run_address>0x17000</run_address>
         <size>0x8e</size>
         <input_file_ref idref="fl-4"/>
      </object_component>
      <object_component id="oc-362">
         <name>RW_CPU1</name>
         <uninitialized>true</uninitialized>
         <run_address>0x19000</run_address>
         <size>0x8e</size>
         <input_file_ref idref="fl-4"/>
      </object_component>
      <object_component id="oc-211">
         <name>Cla1Prog:Cla1Task1</name>
         <load_address>0xa0000</load_address>
         <run_address>0x9000</run_address>
         <size>0x1e</size>
         <input_file_ref idref="fl-8"/>
      </object_component>
      <object_component id="oc-217">
         <name>cla_shared</name>
         <uninitialized>true</uninitialized>
         <run_address>0xa900</run_address>
         <size>0x6</size>
         <input_file_ref idref="fl-9"/>
      </object_component>
      <object_component id="oc-169">
         <name>.debug_types</name>
         <load_address>0x0</load_address>
         <run_address>0x0</run_address>
         <size>0x2f6f</size>
         <input_file_ref idref="fl-4"/>
      </object_component>
      <object_component id="oc-9c">
         <name>.debug_types</name>
         <load_address>0x2f6f</load_address>
         <run_address>0x2f6f</run_address>
         <size>0x2b90</size>
         <input_file_ref idref="fl-5"/>
      </object_component>
      <object_component id="oc-2ea">
         <name>.debug_types</name>
         <load_address>0x5aff</load_address>
         <run_address>0x5aff</run_address>
         <size>0x28b</size>
         <input_file_ref idref="fl-8"/>
      </object_component>
      <object_component id="oc-b4">
         <name>.debug_types</name>
         <load_address>0x5d8a</load_address>
         <run_address>0x5d8a</run_address>
         <size>0x890</size>
         <input_file_ref idref="fl-a"/>
      </object_component>
      <object_component id="oc-24c">
         <name>.debug_types</name>
         <load_address>0x661a</load_address>
         <run_address>0x661a</run_address>
         <size>0x2f</size>
         <input_file_ref idref="fl-1e"/>
      </object_component>
      <object_component id="oc-9f">
         <name>.debug_types</name>
         <load_address>0x0</load_address>
         <run_address>0x0</run_address>
         <size>0x0</size>
         <input_file_ref idref="fl-24"/>
      </object_component>
      <object_component id="oc-268">
         <name>.debug_types</name>
         <load_address>0x6649</load_address>
         <run_address>0x6649</run_address>
         <size>0x8e5</size>
         <input_file_ref idref="fl-2d"/>
      </object_component>
      <object_component id="oc-477">
         <name>.debug_types</name>
         <load_address>0x6f2e</load_address>
         <run_address>0x6f2e</run_address>
         <size>0xcba0</size>
         <input_file_ref idref="fl-41"/>
      </object_component>
      <object_component id="oc-474">
         <name>.debug_types</name>
         <load_address>0x13ace</load_address>
         <run_address>0x13ace</run_address>
         <size>0x19c</size>
         <input_file_ref idref="fl-42"/>
      </object_component>
      <object_component id="oc-459">
         <name>.debug_types</name>
         <load_address>0x13c6a</load_address>
         <run_address>0x13c6a</run_address>
         <size>0x1a0</size>
         <input_file_ref idref="fl-43"/>
      </object_component>
      <object_component id="oc-464">
         <name>.debug_types</name>
         <load_address>0x13e0a</load_address>
         <run_address>0x13e0a</run_address>
         <size>0x874</size>
         <input_file_ref idref="fl-44"/>
      </object_component>
      <object_component id="oc-466">
         <name>.debug_types</name>
         <load_address>0x0</load_address>
         <run_address>0x0</run_address>
         <size>0x0</size>
         <input_file_ref idref="fl-45"/>
      </object_component>
      <object_component id="oc-4e3">
         <name>.debug_types</name>
         <load_address>0x1467e</load_address>
         <run_address>0x1467e</run_address>
         <size>0x8e</size>
         <input_file_ref idref="fl-46"/>
      </object_component>
      <object_component id="oc-4a8">
         <name>.debug_types</name>
         <load_address>0x1470c</load_address>
         <run_address>0x1470c</run_address>
         <size>0x2b</size>
         <input_file_ref idref="fl-47"/>
      </object_component>
      <object_component id="oc-229">
         <name>.debug_types</name>
         <load_address>0x14737</load_address>
         <run_address>0x14737</run_address>
         <size>0xce</size>
         <input_file_ref idref="fl-48"/>
      </object_component>
      <object_component id="oc-11b">
         <name>.debug_types</name>
         <load_address>0x14805</load_address>
         <run_address>0x14805</run_address>
         <size>0x4e8</size>
         <input_file_ref idref="fl-58"/>
      </object_component>
      <object_component id="oc-113">
         <name>.debug_types</name>
         <load_address>0x14ced</load_address>
         <run_address>0x14ced</run_address>
         <size>0xbf</size>
         <input_file_ref idref="fl-5c"/>
      </object_component>
      <object_component id="oc-10b">
         <name>.debug_types</name>
         <load_address>0x14dac</load_address>
         <run_address>0x14dac</run_address>
         <size>0xe1</size>
         <input_file_ref idref="fl-5e"/>
      </object_component>
      <object_component id="oc-17b">
         <name>.debug_types</name>
         <load_address>0x0</load_address>
         <run_address>0x0</run_address>
         <size>0x0</size>
         <input_file_ref idref="fl-61"/>
      </object_component>
      <object_component id="oc-6e">
         <name>.debug_types</name>
         <load_address>0x14e8d</load_address>
         <run_address>0x14e8d</run_address>
         <size>0x11dfc</size>
         <input_file_ref idref="fl-62"/>
      </object_component>
      <object_component id="oc-223">
         <name>.debug_info</name>
         <load_address>0x0</load_address>
         <run_address>0x0</run_address>
         <size>0x118</size>
         <input_file_ref idref="fl-4"/>
      </object_component>
      <object_component id="oc-226">
         <name>.debug_info</name>
         <load_address>0x118</load_address>
         <run_address>0x118</run_address>
         <size>0x102</size>
         <input_file_ref idref="fl-4"/>
      </object_component>
      <object_component id="oc-363">
         <name>.debug_info</name>
         <load_address>0x21a</load_address>
         <run_address>0x21a</run_address>
         <size>0x110</size>
         <input_file_ref idref="fl-4"/>
      </object_component>
      <object_component id="oc-360">
         <name>.debug_info</name>
         <load_address>0x32a</load_address>
         <run_address>0x32a</run_address>
         <size>0x10c</size>
         <input_file_ref idref="fl-4"/>
      </object_component>
      <object_component id="oc-15a">
         <name>.debug_info</name>
         <load_address>0x436</load_address>
         <run_address>0x436</run_address>
         <size>0x130</size>
         <input_file_ref idref="fl-4"/>
      </object_component>
      <object_component id="oc-108">
         <name>.debug_info</name>
         <load_address>0x566</load_address>
         <run_address>0x566</run_address>
         <size>0x1fd</size>
         <input_file_ref idref="fl-4"/>
      </object_component>
      <object_component id="oc-1ee">
         <name>.debug_info</name>
         <load_address>0x763</load_address>
         <run_address>0x763</run_address>
         <size>0x147</size>
         <input_file_ref idref="fl-5"/>
      </object_component>
      <object_component id="oc-296">
         <name>.debug_info</name>
         <load_address>0x8aa</load_address>
         <run_address>0x8aa</run_address>
         <size>0x26d</size>
         <input_file_ref idref="fl-5"/>
      </object_component>
      <object_component id="oc-29c">
         <name>.debug_info</name>
         <load_address>0xb17</load_address>
         <run_address>0xb17</run_address>
         <size>0x221</size>
         <input_file_ref idref="fl-5"/>
      </object_component>
      <object_component id="oc-1c4">
         <name>.debug_info</name>
         <load_address>0xd38</load_address>
         <run_address>0xd38</run_address>
         <size>0x2e0e</size>
         <input_file_ref idref="fl-5"/>
      </object_component>
      <object_component id="oc-1ca">
         <name>.debug_info</name>
         <load_address>0x3b46</load_address>
         <run_address>0x3b46</run_address>
         <size>0x131</size>
         <input_file_ref idref="fl-5"/>
      </object_component>
      <object_component id="oc-1e8">
         <name>.debug_info</name>
         <load_address>0x3c77</load_address>
         <run_address>0x3c77</run_address>
         <size>0x194</size>
         <input_file_ref idref="fl-5"/>
      </object_component>
      <object_component id="oc-206">
         <name>.debug_info</name>
         <load_address>0x3e0b</load_address>
         <run_address>0x3e0b</run_address>
         <size>0x16c</size>
         <input_file_ref idref="fl-5"/>
      </object_component>
      <object_component id="oc-1be">
         <name>.debug_info</name>
         <load_address>0x3f77</load_address>
         <run_address>0x3f77</run_address>
         <size>0x3c9</size>
         <input_file_ref idref="fl-5"/>
      </object_component>
      <object_component id="oc-4b">
         <name>.debug_info</name>
         <load_address>0x4340</load_address>
         <run_address>0x4340</run_address>
         <size>0x151</size>
         <input_file_ref idref="fl-5"/>
      </object_component>
      <object_component id="oc-1fa">
         <name>.debug_info</name>
         <load_address>0x4491</load_address>
         <run_address>0x4491</run_address>
         <size>0x1b4</size>
         <input_file_ref idref="fl-5"/>
      </object_component>
      <object_component id="oc-200">
         <name>.debug_info</name>
         <load_address>0x4645</load_address>
         <run_address>0x4645</run_address>
         <size>0x1b2</size>
         <input_file_ref idref="fl-5"/>
      </object_component>
      <object_component id="oc-137">
         <name>.debug_info</name>
         <load_address>0x47f7</load_address>
         <run_address>0x47f7</run_address>
         <size>0x133</size>
         <input_file_ref idref="fl-5"/>
      </object_component>
      <object_component id="oc-1f3">
         <name>.debug_info</name>
         <load_address>0x492a</load_address>
         <run_address>0x492a</run_address>
         <size>0x131</size>
         <input_file_ref idref="fl-5"/>
      </object_component>
      <object_component id="oc-1d6">
         <name>.debug_info</name>
         <load_address>0x4a5b</load_address>
         <run_address>0x4a5b</run_address>
         <size>0x15d</size>
         <input_file_ref idref="fl-5"/>
      </object_component>
      <object_component id="oc-1cf">
         <name>.debug_info</name>
         <load_address>0x4bb8</load_address>
         <run_address>0x4bb8</run_address>
         <size>0x15c</size>
         <input_file_ref idref="fl-5"/>
      </object_component>
      <object_component id="oc-1db">
         <name>.debug_info</name>
         <load_address>0x4d14</load_address>
         <run_address>0x4d14</run_address>
         <size>0x1bc</size>
         <input_file_ref idref="fl-5"/>
      </object_component>
      <object_component id="oc-1e1">
         <name>.debug_info</name>
         <load_address>0x4ed0</load_address>
         <run_address>0x4ed0</run_address>
         <size>0x1bc</size>
         <input_file_ref idref="fl-5"/>
      </object_component>
      <object_component id="oc-148">
         <name>.debug_info</name>
         <load_address>0x508c</load_address>
         <run_address>0x508c</run_address>
         <size>0x242</size>
         <input_file_ref idref="fl-5"/>
      </object_component>
      <object_component id="oc-213">
         <name>.debug_info</name>
         <load_address>0x52ce</load_address>
         <run_address>0x52ce</run_address>
         <size>0x152</size>
         <input_file_ref idref="fl-8"/>
      </object_component>
      <object_component id="oc-91">
         <name>.debug_info</name>
         <load_address>0x5420</load_address>
         <run_address>0x5420</run_address>
         <size>0x15d</size>
         <input_file_ref idref="fl-a"/>
      </object_component>
      <object_component id="oc-250">
         <name>.debug_info</name>
         <load_address>0x557d</load_address>
         <run_address>0x557d</run_address>
         <size>0x1e5</size>
         <input_file_ref idref="fl-a"/>
      </object_component>
      <object_component id="oc-18a">
         <name>.debug_info</name>
         <load_address>0x5762</load_address>
         <run_address>0x5762</run_address>
         <size>0x1ae</size>
         <input_file_ref idref="fl-a"/>
      </object_component>
      <object_component id="oc-1b8">
         <name>.debug_info</name>
         <load_address>0x5910</load_address>
         <run_address>0x5910</run_address>
         <size>0x167</size>
         <input_file_ref idref="fl-a"/>
      </object_component>
      <object_component id="oc-13f">
         <name>.debug_info</name>
         <load_address>0x5a77</load_address>
         <run_address>0x5a77</run_address>
         <size>0x16b</size>
         <input_file_ref idref="fl-a"/>
      </object_component>
      <object_component id="oc-1ae">
         <name>.debug_info</name>
         <load_address>0x5be2</load_address>
         <run_address>0x5be2</run_address>
         <size>0xc03</size>
         <input_file_ref idref="fl-a"/>
      </object_component>
      <object_component id="oc-12c">
         <name>.debug_info</name>
         <load_address>0x67e5</load_address>
         <run_address>0x67e5</run_address>
         <size>0x260</size>
         <input_file_ref idref="fl-a"/>
      </object_component>
      <object_component id="oc-32">
         <name>.debug_info</name>
         <load_address>0x6a45</load_address>
         <run_address>0x6a45</run_address>
         <size>0x134</size>
         <input_file_ref idref="fl-b"/>
      </object_component>
      <object_component id="oc-84">
         <name>.debug_info</name>
         <load_address>0x6b79</load_address>
         <run_address>0x6b79</run_address>
         <size>0x135</size>
         <input_file_ref idref="fl-b"/>
      </object_component>
      <object_component id="oc-183">
         <name>.debug_info</name>
         <load_address>0x6cae</load_address>
         <run_address>0x6cae</run_address>
         <size>0x286</size>
         <input_file_ref idref="fl-1e"/>
      </object_component>
      <object_component id="oc-57">
         <name>.debug_info</name>
         <load_address>0x6f34</load_address>
         <run_address>0x6f34</run_address>
         <size>0x15d</size>
         <input_file_ref idref="fl-24"/>
      </object_component>
      <object_component id="oc-5b">
         <name>.debug_info</name>
         <load_address>0x7091</load_address>
         <run_address>0x7091</run_address>
         <size>0x173</size>
         <input_file_ref idref="fl-24"/>
      </object_component>
      <object_component id="oc-143">
         <name>.debug_info</name>
         <load_address>0x7204</load_address>
         <run_address>0x7204</run_address>
         <size>0x167</size>
         <input_file_ref idref="fl-24"/>
      </object_component>
      <object_component id="oc-62">
         <name>.debug_info</name>
         <load_address>0x736b</load_address>
         <run_address>0x736b</run_address>
         <size>0x177</size>
         <input_file_ref idref="fl-24"/>
      </object_component>
      <object_component id="oc-98">
         <name>.debug_info</name>
         <load_address>0x74e2</load_address>
         <run_address>0x74e2</run_address>
         <size>0x1af</size>
         <input_file_ref idref="fl-24"/>
      </object_component>
      <object_component id="oc-69">
         <name>.debug_info</name>
         <load_address>0x7691</load_address>
         <run_address>0x7691</run_address>
         <size>0x165</size>
         <input_file_ref idref="fl-24"/>
      </object_component>
      <object_component id="oc-28f">
         <name>.debug_info</name>
         <load_address>0x77f6</load_address>
         <run_address>0x77f6</run_address>
         <size>0x197</size>
         <input_file_ref idref="fl-2d"/>
      </object_component>
      <object_component id="oc-331">
         <name>.debug_info</name>
         <load_address>0x798d</load_address>
         <run_address>0x798d</run_address>
         <size>0x1ba</size>
         <input_file_ref idref="fl-2d"/>
      </object_component>
      <object_component id="oc-320">
         <name>.debug_info</name>
         <load_address>0x7b47</load_address>
         <run_address>0x7b47</run_address>
         <size>0x19f</size>
         <input_file_ref idref="fl-2d"/>
      </object_component>
      <object_component id="oc-326">
         <name>.debug_info</name>
[...]
         <object_component_ref idref="oc-43d"/>
      </symbol>
      <symbol id="sm-434">
         <name>task25msec</name>
         <value>0x83afb</value>
         <object_component_ref idref="oc-308"/>
      </symbol>
      <symbol id="sm-435">
         <name>sFapi</name>
         <value>0x9318</value>
         <object_component_ref idref="oc-3f3"/>
      </symbol>
      <symbol id="sm-436">
         <name>initMbusConfig</name>
         <value>0x84764</value>
         <object_component_ref idref="oc-3ec"/>
      </symbol>
      <symbol id="sm-437">
         <name>mbcomm</name>
         <value>0x9040</value>
         <object_component_ref idref="oc-368"/>
      </symbol>
      <symbol id="sm-438">
         <name>IPC_CPU1_To_CPU2_GetBuffer</name>
         <value>0x3b000</value>
         <object_component_ref idref="oc-238"/>
      </symbol>
      <symbol id="sm-439">
         <name>__TI_zero_init_nomemset</name>
         <value>0x84bed</value>
         <object_component_ref idref="oc-76"/>
      </symbol>
      <symbol id="sm-43a">
         <name>runFlashStorage</name>
         <value>0x1b860</value>
         <object_component_ref idref="oc-380"/>
      </symbol>
      <symbol id="sm-43b">
         <name>asapTask</name>
         <value>0x84c3e</value>
         <object_component_ref idref="oc-30a"/>
      </symbol>
      <symbol id="sm-43c">
         <name>rstModbusTimeout</name>
         <value>0x84bdf</value>
         <object_component_ref idref="oc-430"/>
      </symbol>
      <symbol id="sm-43d">
         <name>pollTimeTask</name>
         <value>0x84858</value>
         <object_component_ref idref="oc-15f"/>
      </symbol>
      <symbol id="sm-43e">
         <name>IPC_CPU1_To_CPU2_PutBuffer</name>
         <value>0x3a000</value>
         <object_component_ref idref="oc-235"/>
      </symbol>
      <symbol id="sm-43f">
         <name>GPIO_setDirectionMode</name>
         <value>0x848b4</value>
         <object_component_ref idref="oc-2cd"/>
      </symbol>
      <symbol id="sm-440">
         <name>ModbusFunc</name>
         <value>0x910e</value>
         <object_component_ref idref="oc-3dd"/>
      </symbol>
      <symbol id="sm-441">
         <name>regMbusData</name>
         <value>0x9340</value>
         <object_component_ref idref="oc-393"/>
      </symbol>
      <symbol id="sm-442">
         <name>IPC_CPU_To_CM_PutBuffer</name>
         <value>0x39000</value>
         <object_component_ref idref="oc-23b"/>
      </symbol>
      <symbol id="sm-443">
         <name>pollParams</name>
         <value>0x932e</value>
         <object_component_ref idref="oc-22b"/>
      </symbol>
      <symbol id="sm-444">
         <name>IPC_Instance</name>
         <value>0x9841c</value>
         <object_component_ref idref="oc-165"/>
      </symbol>
      <symbol id="sm-445">
         <name>__TI_decompress_lzss</name>
         <value>0x84828</value>
         <object_component_ref idref="oc-23"/>
      </symbol>
      <symbol id="sm-446">
         <name>popFIFOtoTxData</name>
         <value>0x84313</value>
         <object_component_ref idref="oc-3d1"/>
      </symbol>
      <symbol id="sm-447">
         <name>chkValidAddress</name>
         <value>0x84b96</value>
         <object_component_ref idref="oc-485"/>
      </symbol>
      <symbol id="sm-448">
         <name>time_task</name>
         <value>0x921e</value>
         <object_component_ref idref="oc-231"/>
      </symbol>
      <symbol id="sm-449">
         <name>getModbusData</name>
         <value>0x8351e</value>
         <object_component_ref idref="oc-47f"/>
      </symbol>
      <symbol id="sm-44a">
         <name>task2D5msec</name>
         <value>0x844ab</value>
         <object_component_ref idref="oc-302"/>
      </symbol>
      <symbol id="sm-44b">
         <name>sBBoxTable</name>
         <value>0x92c4</value>
         <object_component_ref idref="oc-41e"/>
      </symbol>
      <symbol id="sm-44c">
         <name>DataBuffer32</name>
         <value>0x9316</value>
         <object_component_ref idref="oc-3f3"/>
      </symbol>
      <symbol id="sm-44d">
         <name>CPUTimer_setEmulationMode</name>
         <value>0x84a4b</value>
         <object_component_ref idref="oc-2c4"/>
      </symbol>
      <symbol id="sm-44e">
         <name>sPort</name>
         <value>0x9240</value>
         <object_component_ref idref="oc-3ce"/>
      </symbol>
      <symbol id="sm-44f">
         <name>pollOcpParam</name>
         <value>0x84c5d</value>
         <object_component_ref idref="oc-357"/>
      </symbol>
      <symbol id="sm-450">
         <name>GPIO_setPinConfig</name>
         <value>0x847c8</value>
         <object_component_ref idref="oc-275"/>
      </symbol>
      <symbol id="sm-451">
         <name>setModbusData</name>
         <value>0x8370a</value>
         <object_component_ref idref="oc-48b"/>
      </symbol>
      <symbol id="sm-452">
         <name>exeModbusSlave</name>
         <value>0x82e77</value>
         <object_component_ref idref="oc-374"/>
      </symbol>
      <symbol id="sm-453">
         <name>__TI_decompress_none</name>
         <value>0x84c47</value>
         <object_component_ref idref="oc-29"/>
      </symbol>
      <symbol id="sm-454">
         <name>_system_pre_init</name>
         <value>0x84c66</value>
         <object_component_ref idref="oc-bc"/>
      </symbol>
      <symbol id="sm-455">
         <name>GPIO_setControllerCore</name>
         <value>0x84798</value>
         <object_component_ref idref="oc-2d3"/>
      </symbol>
      <symbol id="sm-456">
         <name>CMPSS_configRamp</name>
         <value>0x84195</value>
         <object_component_ref idref="oc-2b6"/>
      </symbol>
      <symbol id="sm-485">
         <name>MEP_ScaleFactor</name>
         <value>0x937a</value>
         <object_component_ref idref="oc-222"/>
      </symbol>
      <symbol id="sm-486">
         <name>ePWM</name>
         <value>0x9236</value>
         <object_component_ref idref="oc-225"/>
      </symbol>
      <symbol id="sm-487">
         <name>sReadCPU2</name>
         <value>0x17000</value>
         <object_component_ref idref="oc-35f"/>
      </symbol>
      <symbol id="sm-488">
         <name>main</name>
         <value>0x83c81</value>
         <object_component_ref idref="oc-104"/>
      </symbol>
      <symbol id="sm-489">
         <name>sAccessCPU1</name>
         <value>0x19000</value>
         <object_component_ref idref="oc-362"/>
      </symbol>
      <symbol id="sm-511">
         <name>DEBUG_SCI_init</name>
         <value>0x84000</value>
         <object_component_ref idref="oc-204"/>
      </symbol>
      <symbol id="sm-512">
         <name>INTERRUPT_init</name>
         <value>0x84bfa</value>
         <object_component_ref idref="oc-49"/>
      </symbol>
      <symbol id="sm-513">
         <name>PinMux_init</name>
         <value>0x83d7d</value>
         <object_component_ref idref="oc-1bc"/>
      </symbol>
      <symbol id="sm-514">
         <name>myDAC0_init</name>
         <value>0x84ac3</value>
         <object_component_ref idref="oc-1ec"/>
      </symbol>
      <symbol id="sm-515">
         <name>SCI_init</name>
         <value>0x84000</value>
         <object_component_ref idref="oc-204"/>
      </symbol>
      <symbol id="sm-516">
         <name>Board_init</name>
         <value>0x84960</value>
         <object_component_ref idref="oc-147"/>
      </symbol>
      <symbol id="sm-517">
         <name>SYSCTL_init</name>
         <value>0x82000</value>
         <object_component_ref idref="oc-1c2"/>
      </symbol>
      <symbol id="sm-518">
         <name>DAC_init</name>
         <value>0x84ac3</value>
         <object_component_ref idref="oc-1ec"/>
      </symbol>
      <symbol id="sm-519">
         <name>CMP5_P_OVP_init</name>
         <value>0x83b7f</value>
         <object_component_ref idref="oc-1da"/>
      </symbol>
      <symbol id="sm-51a">
         <name>SWTIRMER_init</name>
         <value>0x84730</value>
         <object_component_ref idref="oc-1e6"/>
      </symbol>
      <symbol id="sm-51b">
         <name>SYNC_init</name>
         <value>0x84bce</value>
         <object_component_ref idref="oc-1c8"/>
      </symbol>
      <symbol id="sm-51c">
         <name>CPU1_ADCA_init</name>
         <value>0x83e74</value>
         <object_component_ref idref="oc-1ce"/>
      </symbol>
      <symbol id="sm-51d">
         <name>CPU1_ADCB_init</name>
         <value>0x84133</value>
         <object_component_ref idref="oc-1d4"/>
      </symbol>
      <symbol id="sm-51e">
         <name>EPWM_init</name>
         <value>0x838be</value>
         <object_component_ref idref="oc-1f2"/>
      </symbol>
      <symbol id="sm-51f">
         <name>CPU2_D9_GPIO34_init</name>
         <value>0x84b7f</value>
         <object_component_ref idref="oc-1fe"/>
      </symbol>
      <symbol id="sm-520">
         <name>CPUTIMER_init</name>
         <value>0x84730</value>
         <object_component_ref idref="oc-1e6"/>
      </symbol>
      <symbol id="sm-521">
         <name>CMP2_P_OCP_init</name>
         <value>0x839e1</value>
         <object_component_ref idref="oc-1e0"/>
      </symbol>
      <symbol id="sm-522">
         <name>FLASH_init</name>
         <value>0x8246</value>
         <object_component_ref idref="oc-135"/>
      </symbol>
      <symbol id="sm-523">
         <name>CPU1_D10_GPIO31_init</name>
         <value>0x84b34</value>
         <object_component_ref idref="oc-1f8"/>
      </symbol>
      <symbol id="sm-531">
         <name>Cla1Task1</name>
         <value>0x9000</value>
         <object_component_ref idref="oc-211"/>
      </symbol>
      <symbol id="sm-56f">
         <name>Device_enableAllPeripherals</name>
         <value>0x82d10</value>
         <object_component_ref idref="oc-1ab"/>
      </symbol>
      <symbol id="sm-570">
         <name>Device_verifyXTAL</name>
         <value>0x84afd</value>
         <object_component_ref idref="oc-187"/>
      </symbol>
      <symbol id="sm-571">
         <name>Device_initGPIO</name>
         <value>0x84a69</value>
         <object_component_ref idref="oc-13b"/>
      </symbol>
      <symbol id="sm-572">
         <name>Device_init</name>
         <value>0x83df9</value>
         <object_component_ref idref="oc-129"/>
      </symbol>
      <symbol id="sm-573">
         <name>Device_enableUnbondedGPIOPullups</name>
         <value>0x84b19</value>
         <object_component_ref idref="oc-1b4"/>
      </symbol>
      <symbol id="sm-574">
         <name>__error__</name>
         <value>0x84c63</value>
         <object_component_ref idref="oc-8f"/>
      </symbol>
      <symbol id="sm-583">
         <name>code_start</name>
         <value>0x80000</value>
         <object_component_ref idref="oc-30"/>
      </symbol>
      <symbol id="sm-5a0">
         <name>Flash_initModule</name>
         <value>0x8175</value>
         <object_component_ref idref="oc-180"/>
      </symbol>
      <symbol id="sm-5d9">
         <name>Interrupt_defaultHandler</name>
         <value>0x84c06</value>
         <object_component_ref idref="oc-66"/>
      </symbol>
      <symbol id="sm-5da">
         <name>Interrupt_initModule</name>
         <value>0x84644</value>
         <object_component_ref idref="oc-141"/>
      </symbol>
      <symbol id="sm-5db">
         <name>Interrupt_nmiHandler</name>
         <value>0x84c34</value>
         <object_component_ref idref="oc-54"/>
      </symbol>
      <symbol id="sm-5dc">
         <name>Interrupt_enable</name>
         <value>0x846fa</value>
         <object_component_ref idref="oc-95"/>
      </symbol>
      <symbol id="sm-5dd">
         <name>Interrupt_initVectorTable</name>
         <value>0x84aa6</value>
         <object_component_ref idref="oc-5a"/>
      </symbol>
      <symbol id="sm-5de">
         <name>Interrupt_illegalOperationHandler</name>
         <value>0x84c2a</value>
         <object_component_ref idref="oc-60"/>
      </symbol>
      <symbol id="sm-69b">
         <name>SysCtl_isPLLValid</name>
         <value>0x82b2f</value>
         <object_component_ref idref="oc-261"/>
      </symbol>
      <symbol id="sm-69c">
         <name>SysCtl_delay</name>
         <value>0x827c</value>
         <object_component_ref idref="oc-186"/>
      </symbol>
      <symbol id="sm-69d">
         <name>SysCtl_getAuxClock</name>
         <value>0x83c00</value>
         <object_component_ref idref="oc-1a5"/>
      </symbol>
      <symbol id="sm-69e">
         <name>SysCtl_selectXTALSingleEnded</name>
         <value>0x849a9</value>
         <object_component_ref idref="oc-31f"/>
      </symbol>
      <symbol id="sm-69f">
         <name>SysCtl_selectXTAL</name>
         <value>0x84602</value>
         <object_component_ref idref="oc-325"/>
      </symbol>
      <symbol id="sm-6a0">
         <name>SysCtl_selectOscSource</name>
         <value>0x84685</value>
         <object_component_ref idref="oc-25b"/>
      </symbol>
      <symbol id="sm-6a1">
         <name>SysCtl_getLowSpeedClock</name>
         <value>0x84985</value>
         <object_component_ref idref="oc-19f"/>
      </symbol>
      <symbol id="sm-6a2">
         <name>SysCtl_setClock</name>
         <value>0x82fba</value>
         <object_component_ref idref="oc-18d"/>
      </symbol>
      <symbol id="sm-6a3">
         <name>SysCtl_getClock</name>
         <value>0x83ee9</value>
         <object_component_ref idref="oc-199"/>
      </symbol>
      <symbol id="sm-6a4">
         <name>SysCtl_selectOscSourceAuxPLL</name>
         <value>0x8440e</value>
         <object_component_ref idref="oc-269"/>
      </symbol>
      <symbol id="sm-6a5">
         <name>SysCtl_setAuxClock</name>
         <value>0x83422</value>
         <object_component_ref idref="oc-193"/>
      </symbol>
      <symbol id="sm-6a6">
         <name>SysCtl_setSemOwner</name>
         <value>0x84bbc</value>
         <object_component_ref idref="oc-28e"/>
      </symbol>
      <symbol id="sm-6a7">
         <name>SysCtl_configureType</name>
         <value>0x848e0</value>
         <object_component_ref idref="oc-288"/>
      </symbol>
      <symbol id="sm-6b9">
         <name>Fapi_issueAsyncCommandWithAddress</name>
         <value>0x1b6d2</value>
         <object_component_ref idref="oc-417"/>
      </symbol>
      <symbol id="sm-6e6">
         <name>Fapi_issueProgrammingCommand</name>
         <value>0x1b2e1</value>
         <object_component_ref idref="oc-40b"/>
      </symbol>
      <symbol id="sm-6f3">
         <name>Fapi_doVerify</name>
         <value>0x1b81d</value>
         <object_component_ref idref="oc-3f9"/>
      </symbol>
      <symbol id="sm-753">
         <name>_Fapi_issueFsmCommand</name>
         <value>0x1b644</value>
         <object_component_ref idref="oc-467"/>
      </symbol>
      <symbol id="sm-754">
         <name>Fapi_setActiveFlashBank</name>
         <value>0x1b73b</value>
         <object_component_ref idref="oc-3ff"/>
      </symbol>
      <symbol id="sm-755">
         <name>Fapi_setupEepromSectorEnable</name>
         <value>0x1b504</value>
         <object_component_ref idref="oc-4c8"/>
      </symbol>
      <symbol id="sm-756">
         <name>Fapi_isAddressEcc</name>
         <value>0x1b7e6</value>
         <object_component_ref idref="oc-4e5"/>
      </symbol>
      <symbol id="sm-757">
         <name>Fapi_setupBankSectorEnable</name>
         <value>0x1b70a</value>
         <object_component_ref idref="oc-4ce"/>
      </symbol>
      <symbol id="sm-758">
         <name>Fapi_checkFsmForReady</name>
         <value>0x1b82c</value>
         <object_component_ref idref="oc-411"/>
      </symbol>
      <symbol id="sm-759">
         <name>_Fapi_setupSectorsForWrite</name>
         <value>0x1b7c0</value>
         <object_component_ref idref="oc-46d"/>
      </symbol>
      <symbol id="sm-75a">
         <name>Fapi_serviceWatchdogTimer</name>
         <value>0x1b85e</value>
         <object_component_ref idref="oc-4eb"/>
      </symbol>
      <symbol id="sm-76f">
         <name>Fapi_initializeAPI</name>
         <value>0x1b57d</value>
         <object_component_ref idref="oc-405"/>
      </symbol>
      <symbol id="sm-770">
         <name>Fapi_GlobalInit</name>
         <value>0x1b854</value>
         <object_component_ref idref="oc-45a"/>
      </symbol>
      <symbol id="sm-7a5">
         <name>Fapi_calculateFletcherChecksum</name>
         <value>0x1b76a</value>
         <object_component_ref idref="oc-4f6"/>
      </symbol>
      <symbol id="sm-7a6">
         <name>_Fapi_scaleCycleValues</name>
         <value>0x1b83a</value>
         <object_component_ref idref="oc-4ba"/>
      </symbol>
      <symbol id="sm-7a7">
         <name>_Fapi_calculateOtpChecksum</name>
         <value>0x1b848</value>
         <object_component_ref idref="oc-4b4"/>
      </symbol>
      <symbol id="sm-7a8">
         <name>Fapi_isAddressValid</name>
         <value>0x1b697</value>
         <object_component_ref idref="oc-495"/>
      </symbol>
      <symbol id="sm-7a9">
         <name>_Fapi_divideUnsignedLong</name>
         <value>0x1b796</value>
         <object_component_ref idref="oc-4ae"/>
      </symbol>
      <symbol id="sm-7d5">
         <name>Fapi_flushPipeline</name>
         <value>0x1b808</value>
         <object_component_ref idref="oc-49b"/>
      </symbol>
      <symbol id="sm-7d6">
         <name>_Fapi_loopRegionForValue</name>
         <value>0x1b486</value>
         <object_component_ref idref="oc-4a1"/>
      </symbol>
      <symbol id="sm-7d7">
         <name>_Fapi_checkRegionForValue</name>
         <value>0x1b5e3</value>
         <object_component_ref idref="oc-452"/>
      </symbol>
      <symbol id="sm-804">
         <name>MEP_SF</name>
         <value>0x936c</value>
         <object_component_ref idref="oc-21f"/>
      </symbol>
      <symbol id="sm-805">
         <name>SFO_CAL</name>
         <value>0x9375</value>
         <object_component_ref idref="oc-21b"/>
      </symbol>
      <symbol id="sm-806">
         <name>SFO</name>
         <value>0x8293e</value>
         <object_component_ref idref="oc-153"/>
      </symbol>
      <symbol id="sm-810">
         <name>_c_int00</name>
         <value>0x84b66</value>
         <object_component_ref idref="oc-a9"/>
      </symbol>
      <symbol id="sm-811">
         <name>__stack</name>
         <value>0x400</value>
         <object_component_ref idref="oc-6c"/>
      </symbol>
      <symbol id="sm-821">
         <name>__TI_auto_init_nobinit_nopinit</name>
         <value>0x8490c</value>
         <object_component_ref idref="oc-d4"/>
      </symbol>
      <symbol id="sm-837">
         <name>C$$EXIT</name>
         <value>0x84937</value>
         <object_component_ref idref="oc-c9"/>
      </symbol>
      <symbol id="sm-838">
         <name>abort</name>
         <value>0x84937</value>
         <object_component_ref idref="oc-c9"/>
      </symbol>
      <symbol id="sm-839">
         <name>exit</name>
         <value>0x84939</value>
         <object_component_ref idref="oc-c9"/>
      </symbol>
      <symbol id="sm-83a">
         <name>__TI_dtors_ptr</name>
         <value>0x933a</value>
         <object_component_ref idref="oc-10c"/>
      </symbol>
      <symbol id="sm-83b">
         <name>__TI_cleanup_ptr</name>
         <value>0x9338</value>
         <object_component_ref idref="oc-10c"/>
      </symbol>
      <symbol id="sm-83c">
         <name>__TI_enable_exit_profile_output</name>
         <value>0x9336</value>
         <object_component_ref idref="oc-10c"/>
      </symbol>
      <symbol id="sm-84b">
         <name>_args_main</name>
         <value>0x84c12</value>
         <object_component_ref idref="oc-c3"/>
      </symbol>
      <symbol id="sm-858">
         <name>_system_post_cinit</name>
         <value>0x84c68</value>
         <object_component_ref idref="oc-114"/>
      </symbol>
      <symbol id="sm-85a">
         <name>__c_args__</name>
         <value>0x0</value>
      </symbol>
   </symbol_table>
   <title>Link successful</title>
</link_info>
