******************************************************************************
             TMS320C2000 Linker PC v22.6.1                     
******************************************************************************
>> Linked Thu Jun 20 10:45:12 2024

OUTPUT FILE NAME:   <F28388D_ZWT337_TIMETASK_CPU1.out>
ENTRY POINT SYMBOL: "code_start"  address: 00080000


MEMORY CONFIGURATION

         name            origin    length      used     unused   attr    fill
----------------------  --------  ---------  --------  --------  ----  --------
PAGE 0:
  RAMM0                 000001b1   0000024f  00000000  0000024f  RWIX
  RAMLS01               00008000   00001000  00000280  00000d80  RWIX
  RAMLS34               00009000   00000800  0000002c  000007d4  RWIX
  RAMD0                 0000c000   00000800  00000000  00000800  RWIX
  RAMGS0                0000d000   00001000  00000000  00001000  RWIX
  RAMGS1                0000e000   00001000  00000000  00001000  RWIX
  RAMGS14               0001b000   00001000  00000aa6  0000055a  RWIX
  BEGIN                 00080000   00000002  00000002  00000000  RWIX
  FLASH0                00080002   00001ffe  000000e2  00001f1c  RWIX
  FLASH1                00082000   00002000  00002000  00000000  RWIX
  FLASH2                00084000   00002000  00000cc4  0000133c  RWIX
  FLASH3                00086000   00002000  00000280  00001d80  RWIX
  FLASH4                00088000   00008000  000000d8  00007f28  RWIX
  FLASH5                00090000   00008000  00000000  00008000  RWIX
  FLASH6                00098000   00008000  00000596  00007a6a  RWIX
  FLASH7                000a0000   00008000  0000002c  00007fd4  RWIX
  FLASH8                000a8000   00008000  00000000  00008000  RWIX
  FLASH9                000b0000   00008000  00000000  00008000  RWIX
  FLASH10               000b8000   00002000  00000000  00002000  RWIX
  FLASH11               000ba000   00002000  00000aa6  0000155a  RWIX
  FLASH12               000bc000   00002000  00000000  00002000  RWIX
  FLASH13               000be000   00001ff0  00000000  00001ff0  RWIX
  RESET                 003fffc0   00000002  00000000  00000002  RWIX

PAGE 1:
  BOOT_RSVD             00000002   000001af  00000000  000001af  RWIX
  RAMM1                 00000400   000003f8  000003f8  00000000  RWIX
  CLA1_MSGRAMLOW        00001480   00000080  00000000  00000080  RWIX
  CLA1_MSGRAMHIGH       00001500   00000080  00000000  00000080  RWIX
  CLA1_DMA_MSGRAM       00001680   00000080  00000000  00000080  RWIX
  DMA_CLA1_MSGRAM       00001700   00000080  00000000  00000080  RWIX
  RAMLS2                00009000   00000800  0000037b  00000485  RWIX
  RAMLS5                0000a800   00000800  00000106  000006fa  RWIX
  RAMD1                 0000c800   00000800  00000000  00000800  RWIX
  RAMGS2                0000f000   00001000  00000000  00001000  RWIX
  RAMGS3                00010000   00001000  00000000  00001000  RWIX
  RAMGS4                00011000   00001000  00000000  00001000  RWIX
  RAMGS10_11            00017000   00002000  0000008e  00001f72  RWIX
  RAMGS12_13            00019000   00002000  0000008e  00001f72  RWIX
  CMTOCPURAM            00038000   00000800  00000088  00000778  RWIX
  CPUTOCMRAM            00039000   00000800  00000088  00000778  RWIX
  CPU1TOCPU2RAM         0003a000   00000800  00000088  00000778  RWIX
  CPU2TOCPU1RAM         0003b000   00000800  00000088  00000778  RWIX
  CANA_MSG_RAM          00049000   00000800  00000000  00000800  RWIX
  CANB_MSG_RAM          0004b000   00000800  00000000  00000800  RWIX


SECTION ALLOCATION MAP

 output                                  attributes/
section   page    origin      length       input sections
--------  ----  ----------  ----------   ----------------
.cinit     0    00080008    000000e2     
                  00080008    000000b7     (.cinit..data.load) [load image, compression = lzss]
                  000800bf    00000001     --HOLE-- [fill = 0]
                  000800c0    00000006     (__TI_handler_table)
                  000800c6    00000004     (.cinit..bss.load) [load image, compression = zero_init]
                  000800ca    00000004     (.cinit.RD_CPU2.load) [load image, compression = zero_init]
                  000800ce    00000004     (.cinit.RW_CPU1.load) [load image, compression = zero_init]
                  000800d2    00000004     (.cinit.cla_shared.load) [load image, compression = zero_init]
                  000800d6    00000014     (__TI_cinit_table)

codestart 
*          0    00080000    00000002     
                  00080000    00000002     f2838x_codestartbranch.obj (codestart)

.TI.ramfunc 
*          0    00086000    00000280     RUN ADDR = 00008000
                  00086000    00000175     isr.obj (.TI.ramfunc:INT_CPU1_ADCA_1_ISR)
                  00086175    000000d1     flash.obj (.TI.ramfunc:Flash_initModule)
                  00086246    00000036     board.obj (.TI.ramfunc:FLASH_init)
                  0008627c    00000004     sysctl.obj (.TI.ramfunc)

.switch    0    00088000    000000d8     
                  00088000    0000005c     <whole-program> (.switch:getModbusData)
                  0008805c    0000005c     <whole-program> (.switch:setModbusData)
                  000880b8    00000020     <whole-program> (.switch:writeReg)

.stack     1    00000400    000003f8     UNINITIALIZED
                  00000400    000003f8     --HOLE--

.reset     0    003fffc0    00000000     DSECT

.init_array 
*          0    00090000    00000000     UNINITIALIZED

Cla1Prog   0    000a0000    0000002c     RUN ADDR = 00009000
                  000a0000    0000002c     cla_task.obj (Cla1Prog:Cla1Task1)

.fapi_ram 
*          0    000ba000    00000aa6     RUN ADDR = 0001b000
                  000ba000    000002e1     F2838x_C28x_FlashAPI.lib : FlashStateMachine.obj (.text:_Fapi_setupFlashStateMachine)
                  000ba2e1    000001a5                              : Program.obj (.text:Fapi_issueProgrammingCommand)
                  000ba486    0000007e                              : Read.obj (.text:_Fapi_loopRegionForValue)
                  000ba504    00000079                              : FlashStateMachine.obj (.text:Fapi_setupEepromSectorEnable)
                  000ba57d    00000066                              : Init.obj (.text:Fapi_initializeAPI)
                  000ba5e3    00000061                              : Read.obj (.text:_Fapi_checkRegionForValue)
                  000ba644    00000053                              : FlashStateMachine.obj (.text:_Fapi_issueFsmCommand)
                  000ba697    0000003b                              : Utilities.obj (.text:Fapi_isAddressValid)
                  000ba6d2    00000038                              : Async.obj (.text:Fapi_issueAsyncCommandWithAddress)
                  000ba70a    00000031                              : FlashStateMachine.obj (.text:Fapi_setupBankSectorEnable)
                  000ba73b    0000002f                              : FlashStateMachine.obj (.text:Fapi_setActiveFlashBank)
                  000ba76a    0000002c                              : Utilities.obj (.text:Fapi_calculateFletcherChecksum)
                  000ba796    0000002a                              : Utilities.obj (.text:_Fapi_divideUnsignedLong)
                  000ba7c0    00000026                              : FlashStateMachine.obj (.text:_Fapi_setupSectorsForWrite)
                  000ba7e6    00000022                              : FlashStateMachine.obj (.text:Fapi_isAddressEcc)
                  000ba808    00000015                              : Read.obj (.text:Fapi_flushPipeline)
                  000ba81d    0000000f                              : Verify.obj (.text:Fapi_doVerify)
                  000ba82c    0000000e                              : FlashStateMachine.obj (.text:Fapi_checkFsmForReady)
                  000ba83a    0000000e                              : Utilities.obj (.text:_Fapi_scaleCycleValues)
                  000ba848    0000000b                              : Utilities.obj (.text:_Fapi_calculateOtpChecksum)
                  000ba853    00000001     --HOLE-- [fill = 0]
                  000ba854    0000000a                              : Init.obj (.bss) [fill = 0]
                  000ba85e    00000002                              : FlashStateMachine.obj (.text:Fapi_serviceWatchdogTimer)
                  000ba860    00000184     f021Bbox.obj (.fapi_ram:runFlashStorage)
                  000ba9e4    000000c2     f021api.obj (.fapi_ram:runManualFlashApi)

.bss       1    00009340    0000003c     UNINITIALIZED
                  00009340    0000002c     tbmenu.obj (.bss)
                  0000936c    00000009     SFO_v8_fpu_lib_build_c28_driverlib_eabi.lib : SFO_v8_fpu_lib_build_c28_driverlib.obj (.bss:MEP_SF)
                  00009375    00000005                                                 : SFO_v8_fpu_lib_build_c28_driverlib.obj (.bss)
                  0000937a    00000002     main.obj (.bss)

.data      1    00009000    0000033f     UNINITIALIZED
                  00009000    0000010e     ModbusFunction.obj (.data)
                  0000910e    00000032     ModbusFunction.obj (.data:ModbusFunc)
                  00009140    000000de     isr.obj (.data)
                  0000921e    00000018     timetask.obj (.data:time_task)
                  00009236    0000000a     main.obj (.data:ePWM)
                  00009240    00000084     ModbusPort.obj (.data)
                  000092c4    00000034     f021Bbox.obj (.data:sBBoxTable)
                  000092f8    00000008     f021api.obj (.data:au16DataBuffer)
                  00009300    00000016     f021Bbox.obj (.data)
                  00009316    00000016     f021api.obj (.data)
                  0000932c    0000000a     timetask.obj (.data)
                  00009336    00000006     rts2800_fpu64_eabi.lib : exit.c.obj (.data)
                  0000933c    00000002                            : _lock.c.obj (.data:_lock)
                  0000933e    00000001     SFO_v8_fpu_lib_build_c28_driverlib_eabi.lib : SFO_v8_fpu_lib_build_c28_driverlib.obj (.data)

.const     0    00098000    00000596     
                  00098000    00000256     <whole-program> (.const:.string)
                  00098256    00000100     CRC16.obj (.const:wCRCTable$40)
                  00098356    00000024     ModbusFunction.obj (.const)
                  0009837a    00000006     --HOLE-- [fill = 0]
                  00098380    0000009c     ModbusSlave.obj (.const)
                  0009841c    00000088     ipc.obj (.const:IPC_Instance)
                  000984a4    00000082     lut_sigmoid.obj (.const:sigmoidLookup)
                  00098526    00000038     flash.obj (.const:.string)
                  0009855e    00000038     sysctl.obj (.const:.string)

.const_cla 
*          1    0000a800    00000000     UNINITIALIZED

RD_CPU2    1    00017000    0000008e     UNINITIALIZED
                  00017000    0000008e     main.obj (RD_CPU2)

RW_CPU1    1    00019000    0000008e     UNINITIALIZED
                  00019000    0000008e     main.obj (RW_CPU1)

MSGRAM_CM_TO_CPU 
*          1    00038000    00000088     UNINITIALIZED
                  00038000    00000088     ipc.obj (MSGRAM_CM_TO_CPU)

MSGRAM_CPU_TO_CM 
*          1    00039000    00000088     UNINITIALIZED
                  00039000    00000088     ipc.obj (MSGRAM_CPU_TO_CM)

MSGRAM_CPU1_TO_CPU2 
*          1    0003a000    00000088     UNINITIALIZED
                  0003a000    00000088     ipc.obj (MSGRAM_CPU1_TO_CPU2)

MSGRAM_CPU2_TO_CPU1 
*          1    0003b000    00000088     UNINITIALIZED
                  0003b000    00000088     ipc.obj (MSGRAM_CPU2_TO_CPU1)

CLAscratch 
*          1    0000a800    00000100     UNINITIALIZED
                  0000a800    00000100     --HOLE--

cla_shared 
*          1    0000a900    00000006     UNINITIALIZED
                  0000a900    00000006     initCLA.obj (cla_shared)

.text.1    0    00082000    00002000     
                  00082000    000006b8     board.obj (.text:SYSCTL_init)
                  000826b8    00000290     dcc.obj (.text:DCC_verifyClockFrequency)
                  00082948    000001f1     SFO_v8_fpu_lib_build_c28_driverlib_eabi.lib : SFO_v8_fpu_lib_build_c28_driverlib.obj (.text:SFO)
                  00082b39    000001e1     sysctl.obj (.text:SysCtl_isPLLValid)
                  00082d1a    00000167     device.obj (.text:Device_enableAllPeripherals)
                  00082e81    00000143     ModbusSlave.obj (.text:exeModbusSlave)
                  00082fc4    00000133     sysctl.obj (.text:SysCtl_setClock)
                  000830f7    00000124     linkVariables.obj (.text:writeReg)
                  0008321b    00000109     ModbusFunction.obj (.text:writeHoldingNRegister)
                  00083324    00000108     ModbusFunction.obj (.text:writeHoldingRegister)
                  0008342c    000000fc     sysctl.obj (.text:SysCtl_setAuxClock)
                  00083528    000000f6     tbmenu.obj (.text:getModbusData)
                  0008361e    000000f6     ModbusFunction.obj (.text:readHoldingRegister)
                  00083714    000000ef     tbmenu.obj (.text:setModbusData)
                  00083803    000000c5     linkVariables.obj (.text:readRegN)
                  000838c8    00000093     board.obj (.text:EPWM_init)
                  0008395b    00000090     main.obj (.text:initHRPWMxAB)
                  000839eb    0000008d     board.obj (.text:CMP2_P_OCP_init)
                  00083a78    0000008d     sci.obj (.text:SCI_setConfig)
                  00083b05    00000084     timetask.obj (.text:task25msec)
                  00083b89    00000081     board.obj (.text:CMP5_P_OVP_init)
                  00083c0a    00000081     sysctl.obj (.text:SysCtl_getAuxClock)
                  00083c8b    00000081     main.obj (.text:main)
                  00083d0c    0000007e     linkVariables.obj (.text:writeRegN)
                  00083d8a    0000007c     board.obj (.text:PinMux_init)
                  00083e06    0000007b     device.obj (.text:Device_init)
                  00083e81    00000075     board.obj (.text:CPU1_ADCA_init)
                  00083ef6    00000072     sysctl.obj (.text:SysCtl_getClock)
                  00083f68    0000006c     initCLA.obj (.text:initCLA)
                  00083fd4    0000002c     gpio.obj (.text:GPIO_setDirectionMode)

.text.2    0    00084000    00000cc4     
                  00084000    0000006b     memcfg.obj (.text:MemCfg_setLSRAMControllerSel)
                  0008406b    00000069     board.obj (.text:DEBUG_SCI_init)
                  000840d4    00000066     sysctl.obj (.text:SysCtl_pollX1Counter)
                  0008413a    00000062     board.obj (.text:CPU1_ADCB_init)
                  0008419c    00000061     cmpss.obj (.text:CMPSS_configRamp)
                  000841fd    00000001     rts2800_fpu64_eabi.lib : _lock.c.obj (.text)
                  000841fe    0000005f     adc.obj (.text:ADC_setINLTrim)
                  0008425d    0000005f     cmpss.obj (.text:CMPSS_configFilterHigh)
                  000842bc    0000005f     cmpss.obj (.text:CMPSS_configFilterLow)
                  0008431b    00000059     ModbusPort.obj (.text:popFIFOtoTxData)
                  00084374    00000053     adc.obj (.text:ADC_setOffsetTrim)
                  000843c7    00000052     sci.obj (.text:SCI_clearInterruptStatus)
                  00084419    00000050     sysctl.obj (.text:SysCtl_selectOscSourceAuxPLL)
                  00084469    0000004d     gpio.obj (.text:GPIO_setPadConfig)
                  000844b6    00000047     timetask.obj (.text:task2D5msec)
                  000844fd    00000045     linkVariables.obj (.text:initRegN)
                  00084542    00000045     timetask.obj (.text:pollOvpParam)
                  00084587    00000043     cmpss.obj (.text:CMPSS_configLatchOnPWMSYNC)
                  000845ca    00000043     ModbusSlave.obj (.text:getMbusRxFIFO)
                  0008460d    00000042     sysctl.obj (.text:SysCtl_selectXTAL)
                  0008464f    00000041     interrupt.obj (.text:Interrupt_initModule)
                  00084690    0000003c     sysctl.obj (.text:SysCtl_selectOscSource)
                  000846cc    0000003a     ModbusSlave.obj (.text:setMbusTxData)
                  00084706    00000039     adc.obj (.text:ADC_setMode)
                  0008473f    00000036     interrupt.obj (.text:Interrupt_enable)
                  00084775    00000034     board.obj (.text:SWTIRMER_init)
                  000847a9    00000034     ModbusSlave.obj (.text:initMbusConfig)
                  000847dd    00000030     gpio.obj (.text:GPIO_setControllerCore)
                  0008480d    00000030     gpio.obj (.text:GPIO_setPinConfig)
                  0008483d    00000030     gpio.obj (.text:GPIO_setQualificationMode)
                  0008486d    00000030     rts2800_fpu64_eabi.lib : copy_decompress_lzss.c.obj (.text:decompress:lzss)
                  0008489d    0000002f     timetask.obj (.text:pollTimeTask)
                  000848cc    0000002d     memcfg.obj (.text:MemCfg_setGSRAMControllerSel)
                  000848f9    0000002c     sysctl.obj (.text:SysCtl_configureType)
                  00084925    0000002b     rts2800_fpu64_eabi.lib : autoinit.c.obj (.text:__TI_auto_init_nobinit_nopinit)
                  00084950    00000029                            : exit.c.obj (.text)
                  00084979    00000025     board.obj (.text:Board_init)
                  0008499e    00000024     sysctl.obj (.text:SysCtl_getLowSpeedClock)
                  000849c2    00000022     sysctl.obj (.text:SysCtl_selectXTALSingleEnded)
                  000849e4    00000021     ModbusFunction.obj (.text:SCI_writeCharNonBlocking$41)
                  00084a05    00000020     ModbusFunction.obj (.text:SCI_getRxFIFOStatus$41)
                  00084a25    00000020     ModbusFunction.obj (.text:SCI_getTxFIFOStatus$41)
                  00084a45    0000001f     board.obj (.text:SysCtl_selectCPUForPeripheral)
                  00084a64    0000001e     cputimer.obj (.text:CPUTimer_setEmulationMode)
                  00084a82    0000001e     device.obj (.text:Device_initGPIO)
                  00084aa0    0000001e     ModbusFunction.obj (.text:SCI_readCharNonBlocking$41)
                  00084abe    0000001d     interrupt.obj (.text:Interrupt_initVectorTable)
                  00084adb    0000001d     board.obj (.text:myDAC0_init)
                  00084af8    0000001d     rts2800_fpu64_eabi.lib : memcpy.c.obj (.text)
                  00084b15    0000001c     device.obj (.text:Device_verifyXTAL)
                  00084b31    0000001b     device.obj (.text:Device_enableUnbondedGPIOPullups)
                  00084b4c    00000019     board.obj (.text:CPU1_D10_GPIO31_init)
                  00084b65    00000019     board.obj (.text:SysCtl_enablePeripheral)
                  00084b7e    00000019     device.obj (.text:SysCtl_enablePeripheral)
                  00084b97    00000019     rts2800_fpu64_eabi.lib : boot28.asm.obj (.text)
                  00084bb0    00000017     board.obj (.text:CPU2_D9_GPIO34_init)
                  00084bc7    00000015     device.obj (.text:Device_bootCPU2)
                  00084bdc    00000015     sysctl.obj (.text:SysCtl_controlCPU2Reset)
                  00084bf1    00000014     tbmenu.obj (.text:chkValidAddress)
                  00084c05    00000012     board.obj (.text:SysCtl_setPeripheralAccessControl)
                  00084c17    00000012     sysctl.obj (.text:SysCtl_setSemOwner)
                  00084c29    00000011     board.obj (.text:SYNC_init)
                  00084c3a    0000000e     ModbusSlave.obj (.text:rstModbusTimeout)
                  00084c48    0000000d     rts2800_fpu64_eabi.lib : copy_zero_init.c.obj (.text:decompress:ZI:__TI_zero_init_nomemset)
                  00084c55    0000000c     board.obj (.text:INTERRUPT_init)
                  00084c61    0000000c     interrupt.obj (.text:Interrupt_defaultHandler)
                  00084c6d    0000000c     rts2800_fpu64_eabi.lib : args_main.c.obj (.text)
                  00084c79    0000000c     CRC16.obj (.text:ucMBCRC16)
                  00084c85    0000000a     interrupt.obj (.text:Interrupt_illegalOperationHandler)
                  00084c8f    0000000a     interrupt.obj (.text:Interrupt_nmiHandler)
                  00084c99    00000009     timetask.obj (.text:asapTask)
                  00084ca2    00000008     rts2800_fpu64_eabi.lib : copy_decompress_none.c.obj (.text:decompress:none)
                  00084caa    00000008     f2838x_codestartbranch.obj (.text)
                  00084cb2    00000006     ModbusFunction.obj (.text:ReservedFunction)
                  00084cb8    00000006     timetask.obj (.text:pollOcpParam)
                  00084cbe    00000003     device.obj (.text:__error__)
                  00084cc1    00000002     rts2800_fpu64_eabi.lib : pre_init.c.obj (.text)
                  00084cc3    00000001                            : startup.c.obj (.text)

MODULE SUMMARY

       Module                                   code    ro data   rw data
       ------                                   ----    -------   -------
    .\
       isr.obj                                  746     0         222    
       main.obj                                 273     0         296    
       timetask.obj                             334     0         34     
       lut_sigmoid.obj                          0       130       0      
    +--+----------------------------------------+-------+---------+---------+
       Total:                                   1353    130       552    
                                                                         
    .\cla\
       initCLA.obj                              108     0         6      
       cla_task.obj                             88      0         0      
    +--+----------------------------------------+-------+---------+---------+
       Total:                                   196     0         6      
                                                                         
    .\device\
       device.obj                               616     0         0      
       f2838x_codestartbranch.obj               10      0         0      
    +--+----------------------------------------+-------+---------+---------+
       Total:                                   626     0         0      
                                                                         
    .\device\driverlib\
       sysctl.obj                               1752    56        0      
       ipc.obj                                  0       136       544    
       dcc.obj                                  656     0         0      
       flash.obj                                418     56        0      
       cmpss.obj                                354     0         0      
       gpio.obj                                 265     0         0      
       adc.obj                                  235     0         0      
       sci.obj                                  223     0         0      
       interrupt.obj                            180     0         0      
       memcfg.obj                               152     0         0      
       cputimer.obj                             30      0         0      
    +--+----------------------------------------+-------+---------+---------+
       Total:                                   4265    248       544    
                                                                         
    .\flashapi\
       f021Bbox.obj                             776     0         74     
       f021api.obj                              388     0         30     
    +--+----------------------------------------+-------+---------+---------+
       Total:                                   1164    0         104    
                                                                         
    .\mb_slave\
       ModbusFunction.obj                       908     36        320    
       linkVariables.obj                        684     0         0      
       ModbusSlave.obj                          514     156       0      
       tbmenu.obj                               505     0         44     
       CRC16.obj                                12      256       0      
       ModbusPort.obj                           89      0         132    
    +--+----------------------------------------+-------+---------+---------+
       Total:                                   2712    448       496    
                                                                         
    .\syscfg\
       board.obj                                2958    0         0      
    +--+----------------------------------------+-------+---------+---------+
       Total:                                   2958    0         0      
                                                                         
    C:\Users\User\AppData\Local\Temp\
       {000BD790-F430-4570-84EE-8E34C765B2E0}   0       814       0      
    +--+----------------------------------------+-------+---------+---------+
       Total:                                   0       814       0      
                                                                         
    ../SFO_v8_fpu_lib_build_c28_driverlib_eabi.lib
       SFO_v8_fpu_lib_build_c28_driverlib.obj   497     0         15     
    +--+----------------------------------------+-------+---------+---------+
       Total:                                   497     0         15     
                                                                         
    C:/Users/User/Desktop/GitHub/GW/C2000/F28388D_DualCore_Timetask/F28388D_ZWT337_TIMETASK_CPU1/F2838x_C28x_FlashAPI.lib
       FlashStateMachine.obj                    2250    0         0      
       Program.obj                              842     0         0      
       Read.obj                                 488     0         0      
       Utilities.obj                            340     0         0      
       Init.obj                                 204     0         20     
       Async.obj                                112     0         0      
       Verify.obj                               30      0         0      
    +--+----------------------------------------+-------+---------+---------+
       Total:                                   4266    0         20     
                                                                         
    C:\ti\ccs1240\ccs\tools\compiler\ti-cgt-c2000_22.6.1.LTS\lib\rts2800_fpu64_eabi.lib
       copy_decompress_lzss.c.obj               48      0         0      
       exit.c.obj                               41      0         6      
       autoinit.c.obj                           43      0         0      
       memcpy.c.obj                             29      0         0      
       boot28.asm.obj                           25      0         0      
       copy_zero_init.c.obj                     13      0         0      
       args_main.c.obj                          12      0         0      
       copy_decompress_none.c.obj               8       0         0      
       _lock.c.obj                              1       0         2      
       pre_init.c.obj                           2       0         0      
       startup.c.obj                            1       0         0      
    +--+----------------------------------------+-------+---------+---------+
       Total:                                   223     0         8      
                                                                         
       Stack:                                   0       0         1016   
       Linker Generated:                        0       225       0      
    +--+----------------------------------------+-------+---------+---------+
       Grand Total:                             18260   1865      2761   


LINKER GENERATED COPY TABLES

__TI_cinit_table @ 000800d6 records: 5, size/record: 4, table size: 20
	.data: load addr=00080008, load size=000000b7 bytes, run addr=00009000, run size=0000033f bytes, compression=lzss
	.bss: load addr=000800c6, load size=00000004 bytes, run addr=00009340, run size=0000003c bytes, compression=zero_init
	RD_CPU2: load addr=000800ca, load size=00000004 bytes, run addr=00017000, run size=0000008e bytes, compression=zero_init
	RW_CPU1: load addr=000800ce, load size=00000004 bytes, run addr=00019000, run size=0000008e bytes, compression=zero_init
	cla_shared: load addr=000800d2, load size=00000004 bytes, run addr=0000a900, run size=00000006 bytes, compression=zero_init


LINKER GENERATED HANDLER TABLE

__TI_handler_table @ 000800c0 records: 3, size/record: 2, table size: 6
	index: 0, handler: __TI_zero_init
	index: 1, handler: __TI_decompress_lzss
	index: 2, handler: __TI_decompress_none


GLOBAL DATA SYMBOLS: SORTED BY DATA PAGE

address     data page           name
--------    ----------------    ----
00000400      10 (00000400)     __stack

00009040     241 (00009040)     mbcomm

0000910e     244 (00009100)     ModbusFunc

00009140     245 (00009140)     sDrv

0000921e     248 (00009200)     time_task
00009236     248 (00009200)     ePWM

00009240     249 (00009240)     sPort

000092c4     24b (000092c0)     sBBoxTable
000092f8     24b (000092c0)     au16DataBuffer

00009300     24c (00009300)     sBbox
00009316     24c (00009300)     DataBuffer32
00009318     24c (00009300)     sFapi
0000932e     24c (00009300)     pollParams
00009336     24c (00009300)     __TI_enable_exit_profile_output
00009338     24c (00009300)     __TI_cleanup_ptr
0000933a     24c (00009300)     __TI_dtors_ptr
0000933c     24c (00009300)     _lock

00009340     24d (00009340)     regMbusData
0000936c     24d (00009340)     MEP_SF
00009375     24d (00009340)     SFO_CAL
0000937a     24d (00009340)     MEP_ScaleFactor

0000a900     2a4 (0000a900)     sCLA

00017000     5c0 (00017000)     sReadCPU2

00019000     640 (00019000)     sAccessCPU1

00038000     e00 (00038000)     IPC_CPU_To_CM_GetBuffer

00039000     e40 (00039000)     IPC_CPU_To_CM_PutBuffer

0003a000     e80 (0003a000)     IPC_CPU1_To_CPU2_PutBuffer

0003b000     ec0 (0003b000)     IPC_CPU1_To_CPU2_GetBuffer

0009841c    2610 (00098400)     IPC_Instance

000984a4    2612 (00098480)     sigmoidLookup


GLOBAL SYMBOLS: SORTED ALPHABETICALLY BY Name 

page  address   name                             
----  -------   ----                             
0     000841fe  ADC_setINLTrim                   
0     00084706  ADC_setMode                      
0     00084374  ADC_setOffsetTrim                
0     00084979  Board_init                       
0     00084950  C$$EXIT                          
abs   00000100  CLA_SCRATCHPAD_SIZE              
0     000839eb  CMP2_P_OCP_init                  
0     00083b89  CMP5_P_OVP_init                  
0     0008425d  CMPSS_configFilterHigh           
0     000842bc  CMPSS_configFilterLow            
0     00084587  CMPSS_configLatchOnPWMSYNC       
0     0008419c  CMPSS_configRamp                 
0     00083e81  CPU1_ADCA_init                   
0     0008413a  CPU1_ADCB_init                   
0     00084b4c  CPU1_D10_GPIO31_init             
0     00084bb0  CPU2_D9_GPIO34_init              
0     00084775  CPUTIMER_init                    
0     00084a64  CPUTimer_setEmulationMode        
abs   00000000  Cla1ConstLoadSize                
1     0000a800  Cla1ConstLoadStart               
1     0000a800  Cla1ConstRunStart                
0     00009000  Cla1Task1                        
abs   0000002c  Cla1funcsLoadSize                
0     000a0000  Cla1funcsLoadStart               
0     00009000  Cla1funcsRunStart                
0     00084adb  DAC_init                         
0     000826b8  DCC_verifyClockFrequency         
0     0008406b  DEBUG_SCI_init                   
1     00009316  DataBuffer32                     
0     00084bc7  Device_bootCPU2                  
0     00082d1a  Device_enableAllPeripherals      
0     00084b31  Device_enableUnbondedGPIOPullups 
0     00083e06  Device_init                      
0     00084a82  Device_initGPIO                  
0     00084b15  Device_verifyXTAL                
0     000838c8  EPWM_init                        
0     00008246  FLASH_init                       
0     0001b854  Fapi_GlobalInit                  
0     0001b76a  Fapi_calculateFletcherChecksum   
0     0001b82c  Fapi_checkFsmForReady            
0     0001b81d  Fapi_doVerify                    
0     0001b808  Fapi_flushPipeline               
0     0001b57d  Fapi_initializeAPI               
0     0001b7e6  Fapi_isAddressEcc                
0     0001b697  Fapi_isAddressValid              
0     0001b6d2  Fapi_issueAsyncCommandWithAddress
0     0001b2e1  Fapi_issueProgrammingCommand     
0     0001b85e  Fapi_serviceWatchdogTimer        
0     0001b73b  Fapi_setActiveFlashBank          
0     0001b70a  Fapi_setupBankSectorEnable       
0     0001b504  Fapi_setupEepromSectorEnable     
0     00008175  Flash_initModule                 
0     000847dd  GPIO_setControllerCore           
0     00083fd4  GPIO_setDirectionMode            
0     00084469  GPIO_setPadConfig                
0     0008480d  GPIO_setPinConfig                
0     0008483d  GPIO_setQualificationMode        
0     00084c55  INTERRUPT_init                   
0     00008000  INT_CPU1_ADCA_1_ISR              
1     0003b000  IPC_CPU1_To_CPU2_GetBuffer       
1     0003a000  IPC_CPU1_To_CPU2_PutBuffer       
1     00038000  IPC_CPU_To_CM_GetBuffer          
1     00039000  IPC_CPU_To_CM_PutBuffer          
0     0009841c  IPC_Instance                     
0     00084c61  Interrupt_defaultHandler         
0     0008473f  Interrupt_enable                 
0     00084c85  Interrupt_illegalOperationHandler
0     0008464f  Interrupt_initModule             
0     00084abe  Interrupt_initVectorTable        
0     00084c8f  Interrupt_nmiHandler             
1     0000936c  MEP_SF                           
1     0000937a  MEP_ScaleFactor                  
0     000848cc  MemCfg_setGSRAMControllerSel     
0     00084000  MemCfg_setLSRAMControllerSel     
1     0000910e  ModbusFunc                       
0     00083d8a  PinMux_init                      
0     00086280  RamfuncsLoadEnd                  
abs   00000280  RamfuncsLoadSize                 
0     00086000  RamfuncsLoadStart                
0     00008280  RamfuncsRunEnd                   
abs   00000280  RamfuncsRunSize                  
0     00008000  RamfuncsRunStart                 
0     00084cb2  ReservedFunction                 
0     000843c7  SCI_clearInterruptStatus         
0     0008406b  SCI_init                         
0     00083a78  SCI_setConfig                    
0     00082948  SFO                              
1     00009375  SFO_CAL                          
0     00084775  SWTIRMER_init                    
0     00084c29  SYNC_init                        
0     00082000  SYSCTL_init                      
0     000848f9  SysCtl_configureType             
0     00084bdc  SysCtl_controlCPU2Reset          
0     0000827c  SysCtl_delay                     
0     00083c0a  SysCtl_getAuxClock               
0     00083ef6  SysCtl_getClock                  
0     0008499e  SysCtl_getLowSpeedClock          
0     00082b39  SysCtl_isPLLValid                
0     00084690  SysCtl_selectOscSource           
0     00084419  SysCtl_selectOscSourceAuxPLL     
0     0008460d  SysCtl_selectXTAL                
0     000849c2  SysCtl_selectXTALSingleEnded     
0     0008342c  SysCtl_setAuxClock               
0     00082fc4  SysCtl_setClock                  
0     00084c17  SysCtl_setSemOwner               
0     0001b848  _Fapi_calculateOtpChecksum       
0     0001b5e3  _Fapi_checkRegionForValue        
0     0001b796  _Fapi_divideUnsignedLong         
0     0001b644  _Fapi_issueFsmCommand            
0     0001b486  _Fapi_loopRegionForValue         
0     0001b83a  _Fapi_scaleCycleValues           
0     0001b7c0  _Fapi_setupSectorsForWrite       
0     000800d6  __TI_CINIT_Base                  
0     000800ea  __TI_CINIT_Limit                 
0     000800ea  __TI_CINIT_Warm                  
0     000800c0  __TI_Handler_Table_Base          
0     000800c6  __TI_Handler_Table_Limit         
1     000007f8  __TI_STACK_END                   
abs   000003f8  __TI_STACK_SIZE                  
0     00084925  __TI_auto_init_nobinit_nopinit   
1     00009338  __TI_cleanup_ptr                 
0     0008486d  __TI_decompress_lzss             
0     00084ca2  __TI_decompress_none             
1     0000933a  __TI_dtors_ptr                   
1     00009336  __TI_enable_exit_profile_output  
abs   ffffffff  __TI_pprof_out_hndl              
abs   ffffffff  __TI_prof_data_size              
abs   ffffffff  __TI_prof_data_start             
0     00084c48  __TI_zero_init_nomemset          
n/a   UNDEFED   __c_args__                       
0     00084cbe  __error__                        
1     00000400  __stack                          
0     00084c6d  _args_main                       
0     00084b97  _c_int00                         
1     0000933c  _lock                            
0     000841fd  _nop                             
0     00084cc3  _system_post_cinit               
0     00084cc1  _system_pre_init                 
0     00084950  abort                            
0     00084c99  asapTask                         
1     000092f8  au16DataBuffer                   
0     00084bf1  chkValidAddress                  
0     00080000  code_start                       
1     00009236  ePWM                             
0     00082e81  exeModbusSlave                   
0     00084952  exit                             
0     000baaa6  fapi_ram_LoadEnd                 
abs   00000aa6  fapi_ram_LoadSize                
0     000ba000  fapi_ram_LoadStart               
0     0001baa6  fapi_ram_RunEnd                  
abs   00000aa6  fapi_ram_RunSize                 
0     0001b000  fapi_ram_RunStart                
0     000845ca  getMbusRxFIFO                    
0     00083528  getModbusData                    
0     00083f68  initCLA                          
0     000847a9  initMbusConfig                   
0     000844fd  initRegN                         
0     00083c8b  main                             
1     00009040  mbcomm                           
0     00084af8  memcpy                           
0     00084adb  myDAC0_init                      
0     00084cb8  pollOcpParam                     
0     00084542  pollOvpParam                     
1     0000932e  pollParams                       
0     0008489d  pollTimeTask                     
0     0008431b  popFIFOtoTxData                  
0     0008361e  readHoldingRegister              
0     00083803  readRegN                         
1     00009340  regMbusData                      
0     00084c3a  rstModbusTimeout                 
0     0001b860  runFlashStorage                  
0     0001b9e4  runManualFlashApi                
1     00019000  sAccessCPU1                      
1     000092c4  sBBoxTable                       
1     00009300  sBbox                            
1     0000a900  sCLA                             
1     00009140  sDrv                             
1     00009318  sFapi                            
1     00009240  sPort                            
1     00017000  sReadCPU2                        
0     000846cc  setMbusTxData                    
0     00083714  setModbusData                    
0     000984a4  sigmoidLookup                    
0     00083b05  task25msec                       
0     000844b6  task2D5msec                      
1     0000921e  time_task                        
0     00084c79  ucMBCRC16                        
0     0008321b  writeHoldingNRegister            
0     00083324  writeHoldingRegister             
0     000830f7  writeReg                         
0     00083d0c  writeRegN                        


GLOBAL SYMBOLS: SORTED BY Symbol Address 

page  address   name                             
----  -------   ----                             
0     00008000  INT_CPU1_ADCA_1_ISR              
0     00008000  RamfuncsRunStart                 
0     00008175  Flash_initModule                 
0     00008246  FLASH_init                       
0     0000827c  SysCtl_delay                     
0     00008280  RamfuncsRunEnd                   
0     00009000  Cla1Task1                        
0     00009000  Cla1funcsRunStart                
0     0001b000  fapi_ram_RunStart                
0     0001b2e1  Fapi_issueProgrammingCommand     
0     0001b486  _Fapi_loopRegionForValue         
0     0001b504  Fapi_setupEepromSectorEnable     
0     0001b57d  Fapi_initializeAPI               
0     0001b5e3  _Fapi_checkRegionForValue        
0     0001b644  _Fapi_issueFsmCommand            
0     0001b697  Fapi_isAddressValid              
0     0001b6d2  Fapi_issueAsyncCommandWithAddress
0     0001b70a  Fapi_setupBankSectorEnable       
0     0001b73b  Fapi_setActiveFlashBank          
0     0001b76a  Fapi_calculateFletcherChecksum   
0     0001b796  _Fapi_divideUnsignedLong         
0     0001b7c0  _Fapi_setupSectorsForWrite       
0     0001b7e6  Fapi_isAddressEcc                
0     0001b808  Fapi_flushPipeline               
0     0001b81d  Fapi_doVerify                    
0     0001b82c  Fapi_checkFsmForReady            
0     0001b83a  _Fapi_scaleCycleValues           
0     0001b848  _Fapi_calculateOtpChecksum       
0     0001b854  Fapi_GlobalInit                  
0     0001b85e  Fapi_serviceWatchdogTimer        
0     0001b860  runFlashStorage                  
0     0001b9e4  runManualFlashApi                
0     0001baa6  fapi_ram_RunEnd                  
0     00080000  code_start                       
0     000800c0  __TI_Handler_Table_Base          
0     000800c6  __TI_Handler_Table_Limit         
0     000800d6  __TI_CINIT_Base                  
0     000800ea  __TI_CINIT_Limit                 
0     000800ea  __TI_CINIT_Warm                  
0     00082000  SYSCTL_init                      
0     000826b8  DCC_verifyClockFrequency         
0     00082948  SFO                              
0     00082b39  SysCtl_isPLLValid                
0     00082d1a  Device_enableAllPeripherals      
0     00082e81  exeModbusSlave                   
0     00082fc4  SysCtl_setClock                  
0     000830f7  writeReg                         
0     0008321b  writeHoldingNRegister            
0     00083324  writeHoldingRegister             
0     0008342c  SysCtl_setAuxClock               
0     00083528  getModbusData                    
0     0008361e  readHoldingRegister              
0     00083714  setModbusData                    
0     00083803  readRegN                         
0     000838c8  EPWM_init                        
0     000839eb  CMP2_P_OCP_init                  
0     00083a78  SCI_setConfig                    
0     00083b05  task25msec                       
0     00083b89  CMP5_P_OVP_init                  
0     00083c0a  SysCtl_getAuxClock               
0     00083c8b  main                             
0     00083d0c  writeRegN                        
0     00083d8a  PinMux_init                      
0     00083e06  Device_init                      
0     00083e81  CPU1_ADCA_init                   
0     00083ef6  SysCtl_getClock                  
0     00083f68  initCLA                          
0     00083fd4  GPIO_setDirectionMode            
0     00084000  MemCfg_setLSRAMControllerSel     
0     0008406b  DEBUG_SCI_init                   
0     0008406b  SCI_init                         
0     0008413a  CPU1_ADCB_init                   
0     0008419c  CMPSS_configRamp                 
0     000841fd  _nop                             
0     000841fe  ADC_setINLTrim                   
0     0008425d  CMPSS_configFilterHigh           
0     000842bc  CMPSS_configFilterLow            
0     0008431b  popFIFOtoTxData                  
0     00084374  ADC_setOffsetTrim                
0     000843c7  SCI_clearInterruptStatus         
0     00084419  SysCtl_selectOscSourceAuxPLL     
0     00084469  GPIO_setPadConfig                
0     000844b6  task2D5msec                      
0     000844fd  initRegN                         
0     00084542  pollOvpParam                     
0     00084587  CMPSS_configLatchOnPWMSYNC       
0     000845ca  getMbusRxFIFO                    
0     0008460d  SysCtl_selectXTAL                
0     0008464f  Interrupt_initModule             
0     00084690  SysCtl_selectOscSource           
0     000846cc  setMbusTxData                    
0     00084706  ADC_setMode                      
0     0008473f  Interrupt_enable                 
0     00084775  CPUTIMER_init                    
0     00084775  SWTIRMER_init                    
0     000847a9  initMbusConfig                   
0     000847dd  GPIO_setControllerCore           
0     0008480d  GPIO_setPinConfig                
0     0008483d  GPIO_setQualificationMode        
0     0008486d  __TI_decompress_lzss             
0     0008489d  pollTimeTask                     
0     000848cc  MemCfg_setGSRAMControllerSel     
0     000848f9  SysCtl_configureType             
0     00084925  __TI_auto_init_nobinit_nopinit   
0     00084950  C$$EXIT                          
0     00084950  abort                            
0     00084952  exit                             
0     00084979  Board_init                       
0     0008499e  SysCtl_getLowSpeedClock          
0     000849c2  SysCtl_selectXTALSingleEnded     
0     00084a64  CPUTimer_setEmulationMode        
0     00084a82  Device_initGPIO                  
0     00084abe  Interrupt_initVectorTable        
0     00084adb  DAC_init                         
0     00084adb  myDAC0_init                      
0     00084af8  memcpy                           
0     00084b15  Device_verifyXTAL                
0     00084b31  Device_enableUnbondedGPIOPullups 
0     00084b4c  CPU1_D10_GPIO31_init             
0     00084b97  _c_int00                         
0     00084bb0  CPU2_D9_GPIO34_init              
0     00084bc7  Device_bootCPU2                  
0     00084bdc  SysCtl_controlCPU2Reset          
0     00084bf1  chkValidAddress                  
0     00084c17  SysCtl_setSemOwner               
0     00084c29  SYNC_init                        
0     00084c3a  rstModbusTimeout                 
0     00084c48  __TI_zero_init_nomemset          
0     00084c55  INTERRUPT_init                   
0     00084c61  Interrupt_defaultHandler         
0     00084c6d  _args_main                       
0     00084c79  ucMBCRC16                        
0     00084c85  Interrupt_illegalOperationHandler
0     00084c8f  Interrupt_nmiHandler             
0     00084c99  asapTask                         
0     00084ca2  __TI_decompress_none             
0     00084cb2  ReservedFunction                 
0     00084cb8  pollOcpParam                     
0     00084cbe  __error__                        
0     00084cc1  _system_pre_init                 
0     00084cc3  _system_post_cinit               
0     00086000  RamfuncsLoadStart                
0     00086280  RamfuncsLoadEnd                  
0     0009841c  IPC_Instance                     
0     000984a4  sigmoidLookup                    
0     000a0000  Cla1funcsLoadStart               
0     000ba000  fapi_ram_LoadStart               
0     000baaa6  fapi_ram_LoadEnd                 
1     00000400  __stack                          
1     000007f8  __TI_STACK_END                   
1     00009040  mbcomm                           
1     0000910e  ModbusFunc                       
1     00009140  sDrv                             
1     0000921e  time_task                        
1     00009236  ePWM                             
1     00009240  sPort                            
1     000092c4  sBBoxTable                       
1     000092f8  au16DataBuffer                   
1     00009300  sBbox                            
1     00009316  DataBuffer32                     
1     00009318  sFapi                            
1     0000932e  pollParams                       
1     00009336  __TI_enable_exit_profile_output  
1     00009338  __TI_cleanup_ptr                 
1     0000933a  __TI_dtors_ptr                   
1     0000933c  _lock                            
1     00009340  regMbusData                      
1     0000936c  MEP_SF                           
1     00009375  SFO_CAL                          
1     0000937a  MEP_ScaleFactor                  
1     0000a800  Cla1ConstLoadStart               
1     0000a800  Cla1ConstRunStart                
1     0000a900  sCLA                             
1     00017000  sReadCPU2                        
1     00019000  sAccessCPU1                      
1     00038000  IPC_CPU_To_CM_GetBuffer          
1     00039000  IPC_CPU_To_CM_PutBuffer          
1     0003a000  IPC_CPU1_To_CPU2_PutBuffer       
1     0003b000  IPC_CPU1_To_CPU2_GetBuffer       
abs   00000000  Cla1ConstLoadSize                
abs   0000002c  Cla1funcsLoadSize                
abs   00000100  CLA_SCRATCHPAD_SIZE              
abs   00000280  RamfuncsLoadSize                 
abs   00000280  RamfuncsRunSize                  
abs   000003f8  __TI_STACK_SIZE                  
abs   00000aa6  fapi_ram_LoadSize                
abs   00000aa6  fapi_ram_RunSize                 
abs   ffffffff  __TI_pprof_out_hndl              
abs   ffffffff  __TI_prof_data_size              
abs   ffffffff  __TI_prof_data_start             
n/a   UNDEFED   __c_args__                       

[191 symbols]
