******************************************************************************
             TMS320C2000 Linker PC v22.6.1                     
******************************************************************************
>> Linked Wed Jun 19 19:53:31 2024

OUTPUT FILE NAME:   <cla_ex4_pwm_control.out>
ENTRY POINT SYMBOL: "code_start"  address: 00080000


MEMORY CONFIGURATION

         name            origin    length      used     unused   attr    fill
----------------------  --------  ---------  --------  --------  ----  --------
  BOOT_RSVD             00000002   000001af  00000000  000001af  RWIX
  RAMM0                 000001b1   0000024f  00000000  0000024f  RWIX
  RAMM1                 00000400   000003f8  000003f8  00000000  RWIX
  CLA1_MSGRAMLOW        00001480   00000080  00000000  00000080  RWIX
  CLA1_MSGRAMHIGH       00001500   00000080  00000000  00000080  RWIX
  CLA1_DMA_MSGRAM       00001680   00000080  00000000  00000080  RWIX
  DMA_CLA1_MSGRAM       00001700   00000080  00000000  00000080  RWIX
  RAMLS0                00008000   00000800  00000000  00000800  RWIX
  RAMLS1                00008800   00000800  00000102  000006fe  RWIX
  RAMLS2                00009000   00000800  00000000  00000800  RWIX
  RAMLS3                00009800   00000800  00000000  00000800  RWIX
  RAMLS4                0000a000   00000800  0000000a  000007f6  RWIX
  RAMLS5                0000a800   00000800  0000003a  000007c6  RWIX
  RAMLS6                0000b000   00000800  00000000  00000800  RWIX
  RAMLS7                0000b800   00000800  00000000  00000800  RWIX
  RAMD0                 0000c000   00000800  00000122  000006de  RWIX
  RAMD1                 0000c800   00000800  00000000  00000800  RWIX
  RAMGS0                0000d000   00001000  00000000  00001000  RWIX
  RAMGS1                0000e000   00001000  00000000  00001000  RWIX
  RAMGS2                0000f000   00001000  00000000  00001000  RWIX
  RAMGS3                00010000   00001000  00000000  00001000  RWIX
  RAMGS4                00011000   00001000  00000000  00001000  RWIX
  RAMGS5                00012000   00001000  00000000  00001000  RWIX
  RAMGS6                00013000   00001000  00000000  00001000  RWIX
  RAMGS7                00014000   00001000  00000000  00001000  RWIX
  RAMGS8                00015000   00001000  00000000  00001000  RWIX
  RAMGS9                00016000   00001000  00000000  00001000  RWIX
  RAMGS10               00017000   00001000  00000000  00001000  RWIX
  RAMGS11               00018000   00001000  00000000  00001000  RWIX
  RAMGS12               00019000   00001000  00000000  00001000  RWIX
  RAMGS13               0001a000   00001000  00000000  00001000  RWIX
  RAMGS14               0001b000   00001000  00000000  00001000  RWIX
  RAMGS15               0001c000   00000ff8  00000000  00000ff8  RWIX
  CMTOCPURAM            00038000   00000800  00000000  00000800  RWIX
  CPUTOCMRAM            00039000   00000800  00000000  00000800  RWIX
  CPU1TOCPU2RAM         0003a000   00000800  00000000  00000800  RWIX
  CPU2TOCPU1RAM         0003b000   00000800  00000000  00000800  RWIX
  CANA_MSG_RAM          00049000   00000800  00000000  00000800  RWIX
  CANB_MSG_RAM          0004b000   00000800  00000000  00000800  RWIX
  BEGIN                 00080000   00000002  00000002  00000000  RWIX
  FLASH0                00080002   00001ffe  00000000  00001ffe  RWIX
  FLASH1                00082000   00002000  0000154a  00000ab6  RWIX
  FLASH2                00084000   00002000  00000000  00002000  RWIX
  FLASH3                00086000   00002000  00000122  00001ede  RWIX
  FLASH4                00088000   00008000  0000003a  00007fc6  RWIX
  FLASH5                00090000   00008000  0000038c  00007c74  RWIX
  FLASH6                00098000   00008000  00000000  00008000  RWIX
  FLASH7                000a0000   00008000  00000000  00008000  RWIX
  FLASH8                000a8000   00008000  00000000  00008000  RWIX
  FLASH9                000b0000   00008000  00000000  00008000  RWIX
  FLASH10               000b8000   00002000  00000000  00002000  RWIX
  FLASH11               000ba000   00002000  00000000  00002000  RWIX
  FLASH12               000bc000   00002000  00000000  00002000  RWIX
  FLASH13               000be000   00001ff0  00000000  00001ff0  RWIX
  RESET                 003fffc0   00000002  00000000  00000002  RWIX


SECTION ALLOCATION MAP

 output                                  attributes/
section   page    origin      length       input sections
--------  ----  ----------  ----------   ----------------
codestart 
*          0    00080000    00000002     
                  00080000    00000002     f2838x_codestartbranch.obj (codestart)

.cinit     0    00083530    0000001c     
                  00083530    00000009     (.cinit..data.load) [load image, compression = lzss]
                  00083539    00000001     --HOLE-- [fill = 0]
                  0008353a    00000006     (__TI_handler_table)
                  00083540    00000004     (.cinit..bss_cla.load) [load image, compression = zero_init]
                  00083544    00000008     (__TI_cinit_table)

.reset     0    003fffc0    00000000     DSECT

.stack     0    00000400    000003f8     UNINITIALIZED
                  00000400    000003f8     --HOLE--

.init_array 
*          0    00082000    00000000     UNINITIALIZED

.data      0    0000a000    0000000a     UNINITIALIZED
                  0000a000    00000006     rts2800_fpu64_eabi.lib : exit.c.obj (.data)
                  0000a006    00000002                            : _lock.c.obj (.data:_lock)
                  0000a008    00000002     cla_ex4_pwm_control.obj (.data)

.const     0    00090000    0000038c     
                  00090000    00000098     driverlib.lib : flash.obj (.const:.string)
                  00090098    00000097                   : epwm.obj (.const:.string)
                  0009012f    00000001     --HOLE-- [fill = 0]
                  00090130    00000097                   : gpio.obj (.const:.string)
                  000901c7    00000001     --HOLE-- [fill = 0]
                  000901c8    00000097                   : sysctl.obj (.const:.string)
                  0009025f    00000001     --HOLE-- [fill = 0]
                  00090260    00000094                   : dcc.obj (.const:.string)
                  000902f4    0000004d                   : memcfg.obj (.const:.string)
                  00090341    00000001     --HOLE-- [fill = 0]
                  00090342    0000004a                   : adc.obj (.const:.string)

Cla1Prog   0    00088000    0000003a     RUN ADDR = 0000a800
                  00088000    0000003a     cla_ex4_pwm_control_cla.obj (Cla1Prog:Cla1Task1)

CLAscratch 
*          0    00008800    00000100     UNINITIALIZED
                  00008800    00000100     --HOLE--

.bss_cla   0    00008900    00000002     UNINITIALIZED
                  00008900    00000002     cla_ex4_pwm_control_cla.obj (.bss_cla)

.const_cla 
*          0    00008800    00000000     UNINITIALIZED

.TI.ramfunc 
*          0    00086000    00000122     RUN ADDR = 0000c000
                  00086000    0000003f     driverlib.lib : flash.obj (.TI.ramfunc:Flash_initModule)
                  0008603f    0000002c                   : flash.obj (.TI.ramfunc:Flash_setBankPowerMode)
                  0008606b    00000022                   : flash.obj (.TI.ramfunc:Flash_setWaitstates)
                  0008608d    0000001d                   : flash.obj (.TI.ramfunc:Flash_setPumpPowerMode)
                  000860aa    00000018                   : flash.obj (.TI.ramfunc:Flash_disableCache)
                  000860c2    00000018                   : flash.obj (.TI.ramfunc:Flash_disablePrefetch)
                  000860da    00000017                   : flash.obj (.TI.ramfunc:Flash_enableCache)
                  000860f1    00000017                   : flash.obj (.TI.ramfunc:Flash_enablePrefetch)
                  00086108    00000016                   : flash.obj (.TI.ramfunc:Flash_enableECC)
                  0008611e    00000004                   : sysctl.obj (.TI.ramfunc)

.text      0    00082000    0000152e     
                  00082000    000001b3     board.obj (.text:MEMCFG_init)
                  000821b3    00000167     device.obj (.text:Device_enableAllPeripherals)
                  0008231a    0000013b     driverlib.lib : sysctl.obj (.text:SysCtl_setClock)
                  00082455    00000118                   : sysctl.obj (.text:SysCtl_isPLLValid)
                  0008256d    00000118                   : sysctl.obj (.text:SysCtl_setAuxClock)
                  00082685    000000cb                   : dcc.obj (.text:DCC_verifyClockFrequency)
                  00082750    000000a9                   : memcfg.obj (.text:MemCfg_setProtection)
                  000827f9    00000092                   : memcfg.obj (.text:MemCfg_getInitStatus)
                  0008288b    00000088     rts2800_fpu64_eabi.lib : fs_div28.asm.obj (.text)
                  00082913    0000007d     driverlib.lib : memcfg.obj (.text:MemCfg_initSections)
                  00082990    00000073                   : dcc.obj (.text:DCC_setCounterSeeds)
                  00082a03    00000073                   : sysctl.obj (.text:DCC_setCounterSeeds)
                  00082a76    00000071     cla_ex4_pwm_control.obj (.text:initEPWM)
                  00082ae7    0000006c     driverlib.lib : adc.obj (.text:ADC_setINLTrim)
                  00082b53    0000005e                   : sysctl.obj (.text:SysCtl_selectOscSourceAuxPLL)
                  00082bb1    0000005d                   : adc.obj (.text:ADC_setOffsetTrim)
                  00082c0e    00000059     cla_ex4_pwm_control.obj (.text:main)
                  00082c67    00000054     board.obj (.text:CPU1_ADCA_init)
                  00082cbb    00000052     driverlib.lib : gpio.obj (.text:GPIO_setPadConfig)
                  00082d0d    0000004e     device.obj (.text:Device_init)
                  00082d5b    0000004b     driverlib.lib : epwm.obj (.text:EPWM_isBaseValid)
                  00082da6    00000049                   : sysctl.obj (.text:SysCtl_pollX1Counter)
                  00082def    00000042                   : sysctl.obj (.text:SysCtl_selectOscSource)
                  00082e31    00000040                   : sysctl.obj (.text:SysCtl_selectXTAL)
                  00082e71    0000003d     board.obj (.text:Board_init)
                  00082eae    0000003d     driverlib.lib : interrupt.obj (.text:Interrupt_initModule)
                  00082eeb    00000039                   : memcfg.obj (.text:MemCfg_setLSRAMControllerSel)
                  00082f24    00000037                   : gpio.obj (.text:GPIO_setControllerCore)
                  00082f5b    00000037                   : gpio.obj (.text:GPIO_setPinConfig)
                  00082f92    00000037                   : interrupt.obj (.text:Interrupt_enable)
                  00082fc9    00000030     rts2800_fpu64_eabi.lib : copy_decompress_lzss.c.obj (.text:decompress:lzss)
                  00082ff9    0000002b                            : autoinit.c.obj (.text:__TI_auto_init_nobinit_nopinit)
                  00083024    00000029                            : exit.c.obj (.text)
                  0008304d    00000028     driverlib.lib : adc.obj (.text:ADC_setMode)
                  00083075    00000026                   : cla.obj (.text:CLA_setTriggerSource)
                  0008309b    00000026                   : memcfg.obj (.text:MemCfg_setGSRAMControllerSel)
                  000830c1    00000025                   : sysctl.obj (.text:SysCtl_selectXTALSingleEnded)
                  000830e6    00000024                   : dcc.obj (.text:DCC_enableSingleShotMode)
                  0008310a    00000024                   : sysctl.obj (.text:DCC_enableSingleShotMode)
                  0008312e    0000001e                   : dcc.obj (.text:DCC_setCounter0ClkSource)
                  0008314c    0000001e                   : sysctl.obj (.text:DCC_setCounter0ClkSource)
                  0008316a    0000001e                   : dcc.obj (.text:DCC_setCounter1ClkSource)
                  00083188    0000001e                   : sysctl.obj (.text:DCC_setCounter1ClkSource)
                  000831a6    0000001e     device.obj (.text:Device_initGPIO)
                  000831c4    0000001e     driverlib.lib : interrupt.obj (.text:Interrupt_initVectorTable)
                  000831e2    0000001d     rts2800_fpu64_eabi.lib : memcpy.c.obj (.text)
                  000831ff    0000001c     driverlib.lib : dcc.obj (.text:DCC_getErrorStatus)
                  0008321b    0000001c                   : dcc.obj (.text:DCC_getSingleShotStatus)
                  00083237    0000001c     device.obj (.text:Device_verifyXTAL)
                  00083253    0000001c     cla_ex4_pwm_control.obj (.text:INT_CPU1_ADCA_1_ISR)
                  0008326f    0000001b     driverlib.lib : adc.obj (.text:ADC_isBaseValid)
                  0008328a    0000001b     device.obj (.text:Device_enableUnbondedGPIOPullups)
                  000832a5    0000001a     driverlib.lib : dcc.obj (.text:DCC_isBaseValid)
                  000832bf    0000001a                   : sysctl.obj (.text:DCC_isBaseValid)
                  000832d9    00000019     device.obj (.text:SysCtl_enablePeripheral)
                  000832f2    00000019     rts2800_fpu64_eabi.lib : boot28.asm.obj (.text)
                  0008330b    00000017     driverlib.lib : sysctl.obj (.text:SysCtl_enablePeripheral)
                  00083322    00000016                   : dcc.obj (.text:DCC_disableDoneSignal)
                  00083338    00000016                   : sysctl.obj (.text:DCC_disableDoneSignal)
                  0008334e    00000016                   : dcc.obj (.text:DCC_enableDoneSignal)
                  00083364    00000016                   : epwm.obj (.text:EPWM_setEmulationMode)
                  0008337a    00000016                   : interrupt.obj (.text:Interrupt_defaultHandler)
                  00083390    00000015                   : dcc.obj (.text:DCC_clearDoneFlag)
                  000833a5    00000015                   : sysctl.obj (.text:DCC_clearDoneFlag)
                  000833ba    00000015                   : dcc.obj (.text:DCC_clearErrorFlag)
                  000833cf    00000015                   : sysctl.obj (.text:DCC_clearErrorFlag)
                  000833e4    00000015                   : dcc.obj (.text:DCC_disableErrorSignal)
                  000833f9    00000015                   : sysctl.obj (.text:DCC_disableErrorSignal)
                  0008340e    00000014                   : dcc.obj (.text:DCC_disableModule)
                  00083422    00000014                   : sysctl.obj (.text:DCC_disableModule)
                  00083436    00000014                   : dcc.obj (.text:DCC_enableErrorSignal)
                  0008344a    00000014                   : dcc.obj (.text:DCC_enableModule)
                  0008345e    00000014                   : sysctl.obj (.text:DCC_enableModule)
                  00083472    00000010                   : flash.obj (.text:Flash_isCtrlBaseValid)
                  00083482    00000010                   : flash.obj (.text:Flash_isECCBaseValid)
                  00083492    0000000f                   : ipc.obj (.text:Interrupt_unregister)
                  000834a1    0000000f                   : sysctl.obj (.text:SysCtl_setPLLSysClk)
                  000834b0    0000000e                   : gpio.obj (.text:GPIO_isPinValid)
                  000834be    0000000d                   : interrupt.obj (.text:Interrupt_disableGlobal)
                  000834cb    0000000d                   : interrupt.obj (.text:Interrupt_enableGlobal)
                  000834d8    0000000d     rts2800_fpu64_eabi.lib : copy_zero_init.c.obj (.text:decompress:ZI:__TI_zero_init_nomemset)
                  000834e5    0000000c                            : args_main.c.obj (.text)
                  000834f1    0000000b     driverlib.lib : sysctl.obj (.text:SysCtl_isMCDClockFailureDetected)
                  000834fc    0000000a                   : interrupt.obj (.text:Interrupt_illegalOperationHandler)
                  00083506    0000000a                   : interrupt.obj (.text:Interrupt_nmiHandler)
                  00083510    00000008     rts2800_fpu64_eabi.lib : copy_decompress_none.c.obj (.text:decompress:none)
                  00083518    00000008     f2838x_codestartbranch.obj (.text)
                  00083520    00000007     driverlib.lib : sysctl.obj (.text:SysCtl_resetMCD)
                  00083527    00000003     device.obj (.text:__error__)
                  0008352a    00000002     rts2800_fpu64_eabi.lib : pre_init.c.obj (.text)
                  0008352c    00000001                            : _lock.c.obj (.text)
                  0008352d    00000001                            : startup.c.obj (.text)

MODULE SUMMARY

       Module                        code   ro data   rw data
       ------                        ----   -------   -------
    .\
       cla_ex4_pwm_control.obj       230    0         2      
       cla_ex4_pwm_control_cla.obj   116    0         2      
    +--+-----------------------------+------+---------+---------+
       Total:                        346    0         4      
                                                             
    .\device\
       device.obj                    550    0         0      
       f2838x_codestartbranch.obj    10     0         0      
    +--+-----------------------------+------+---------+---------+
       Total:                        560    0         0      
                                                             
    .\syscfg\
       board.obj                     580    0         0      
    +--+-----------------------------+------+---------+---------+
       Total:                        580    0         0      
                                                             
    C:/ti/c2000/C2000Ware_5_02_00_00/driverlib/f2838x/driverlib/ccs/Debug/driverlib.lib
       sysctl.obj                    1635   151       0      
       dcc.obj                       663    148       0      
       flash.obj                     604    152       0      
       memcfg.obj                    535    77        0      
       gpio.obj                      206    151       0      
       adc.obj                       268    74        0      
       epwm.obj                      97     151       0      
       interrupt.obj                 214    0         0      
       cla.obj                       38     0         0      
       ipc.obj                       15     0         0      
    +--+-----------------------------+------+---------+---------+
       Total:                        4275   904       0      
                                                             
    C:\ti\ccs1240\ccs\tools\compiler\ti-cgt-c2000_22.6.1.LTS\lib\rts2800_fpu64_eabi.lib
       fs_div28.asm.obj              136    0         0      
       copy_decompress_lzss.c.obj    48     0         0      
       exit.c.obj                    41     0         6      
       autoinit.c.obj                43     0         0      
       memcpy.c.obj                  29     0         0      
       boot28.asm.obj                25     0         0      
       copy_zero_init.c.obj          13     0         0      
       args_main.c.obj               12     0         0      
       copy_decompress_none.c.obj    8      0         0      
       _lock.c.obj                   1      0         2      
       pre_init.c.obj                2      0         0      
       startup.c.obj                 1      0         0      
    +--+-----------------------------+------+---------+---------+
       Total:                        359    0         8      
                                                             
       Stack:                        0      0         1016   
       Linker Generated:             0      27        0      
    +--+-----------------------------+------+---------+---------+
       Grand Total:                  6120   931       1028   


LINKER GENERATED COPY TABLES

__TI_cinit_table @ 00083544 records: 2, size/record: 4, table size: 8
	.data: load addr=00083530, load size=00000009 bytes, run addr=0000a000, run size=0000000a bytes, compression=lzss
	.bss_cla: load addr=00083540, load size=00000004 bytes, run addr=00008900, run size=00000002 bytes, compression=zero_init


LINKER GENERATED HANDLER TABLE

__TI_handler_table @ 0008353a records: 3, size/record: 2, table size: 6
	index: 0, handler: __TI_decompress_lzss
	index: 1, handler: __TI_decompress_none
	index: 2, handler: __TI_zero_init


GLOBAL DATA SYMBOLS: SORTED BY DATA PAGE

address     data page           name
--------    ----------------    ----
00000400      10 (00000400)     __stack

00008900     224 (00008900)     duty

0000a000     280 (0000a000)     __TI_enable_exit_profile_output
0000a002     280 (0000a000)     __TI_cleanup_ptr
0000a004     280 (0000a000)     __TI_dtors_ptr
0000a006     280 (0000a000)     _lock
0000a008     280 (0000a000)     u32C28cnts


GLOBAL SYMBOLS: SORTED ALPHABETICALLY BY Name 

page  address   name                             
----  -------   ----                             
0     00082ae7  ADC_setINLTrim                   
0     0008304d  ADC_setMode                      
0     00082bb1  ADC_setOffsetTrim                
0     00082e71  Board_init                       
0     00083024  C$$EXIT                          
abs   00000100  CLA_SCRATCHPAD_SIZE              
0     00083075  CLA_setTriggerSource             
0     00082c67  CPU1_ADCA_init                   
abs   00000000  Cla1ConstLoadSize                
0     00008800  Cla1ConstLoadStart               
0     00008800  Cla1ConstRunStart                
0     0000a800  Cla1Task1                        
0     0008803a  Cla1funcsLoadEnd                 
abs   0000003a  Cla1funcsLoadSize                
0     00088000  Cla1funcsLoadStart               
0     0000a800  Cla1funcsRunStart                
0     00082685  DCC_verifyClockFrequency         
0     000821b3  Device_enableAllPeripherals      
0     0008328a  Device_enableUnbondedGPIOPullups 
0     00082d0d  Device_init                      
0     000831a6  Device_initGPIO                  
0     00083237  Device_verifyXTAL                
0     00083364  EPWM_setEmulationMode            
0     0000c000  Flash_initModule                 
0     00082f24  GPIO_setControllerCore           
0     00082cbb  GPIO_setPadConfig                
0     00082f5b  GPIO_setPinConfig                
0     00083253  INT_CPU1_ADCA_1_ISR              
0     0008337a  Interrupt_defaultHandler         
0     00082f92  Interrupt_enable                 
0     000834fc  Interrupt_illegalOperationHandler
0     00082eae  Interrupt_initModule             
0     000831c4  Interrupt_initVectorTable        
0     00083506  Interrupt_nmiHandler             
0     00082000  MEMCFG_init                      
0     000827f9  MemCfg_getInitStatus             
0     00082913  MemCfg_initSections              
0     0008309b  MemCfg_setGSRAMControllerSel     
0     00082eeb  MemCfg_setLSRAMControllerSel     
0     00082750  MemCfg_setProtection             
0     00086122  RamfuncsLoadEnd                  
abs   00000122  RamfuncsLoadSize                 
0     00086000  RamfuncsLoadStart                
0     0000c122  RamfuncsRunEnd                   
abs   00000122  RamfuncsRunSize                  
0     0000c000  RamfuncsRunStart                 
0     0000c11e  SysCtl_delay                     
0     00082455  SysCtl_isPLLValid                
0     00082def  SysCtl_selectOscSource           
0     00082b53  SysCtl_selectOscSourceAuxPLL     
0     00082e31  SysCtl_selectXTAL                
0     000830c1  SysCtl_selectXTALSingleEnded     
0     0008256d  SysCtl_setAuxClock               
0     0008231a  SysCtl_setClock                  
0     00083544  __TI_CINIT_Base                  
0     0008354c  __TI_CINIT_Limit                 
0     0008354c  __TI_CINIT_Warm                  
0     0008353a  __TI_Handler_Table_Base          
0     00083540  __TI_Handler_Table_Limit         
0     000007f8  __TI_STACK_END                   
abs   000003f8  __TI_STACK_SIZE                  
0     00082ff9  __TI_auto_init_nobinit_nopinit   
0     0000a002  __TI_cleanup_ptr                 
0     00082fc9  __TI_decompress_lzss             
0     00083510  __TI_decompress_none             
0     0000a004  __TI_dtors_ptr                   
0     0000a000  __TI_enable_exit_profile_output  
abs   ffffffff  __TI_pprof_out_hndl              
abs   ffffffff  __TI_prof_data_size              
abs   ffffffff  __TI_prof_data_start             
0     000834d8  __TI_zero_init_nomemset          
0     0008288b  __c28xabi_divf                   
n/a   UNDEFED   __c_args__                       
0     00083527  __error__                        
0     00000400  __stack                          
0     000834e5  _args_main                       
0     000832f2  _c_int00                         
0     0000a006  _lock                            
0     0008352c  _nop                             
0     0008352d  _system_post_cinit               
0     0008352a  _system_pre_init                 
0     00083024  abort                            
0     00080000  code_start                       
0     00008900  duty                             
0     00083026  exit                             
0     00082a76  initEPWM                         
0     00082c0e  main                             
0     000831e2  memcpy                           
0     0000a008  u32C28cnts                       


GLOBAL SYMBOLS: SORTED BY Symbol Address 

page  address   name                             
----  -------   ----                             
0     00000400  __stack                          
0     000007f8  __TI_STACK_END                   
0     00008800  Cla1ConstLoadStart               
0     00008800  Cla1ConstRunStart                
0     00008900  duty                             
0     0000a000  __TI_enable_exit_profile_output  
0     0000a002  __TI_cleanup_ptr                 
0     0000a004  __TI_dtors_ptr                   
0     0000a006  _lock                            
0     0000a008  u32C28cnts                       
0     0000a800  Cla1Task1                        
0     0000a800  Cla1funcsRunStart                
0     0000c000  Flash_initModule                 
0     0000c000  RamfuncsRunStart                 
0     0000c11e  SysCtl_delay                     
0     0000c122  RamfuncsRunEnd                   
0     00080000  code_start                       
0     00082000  MEMCFG_init                      
0     000821b3  Device_enableAllPeripherals      
0     0008231a  SysCtl_setClock                  
0     00082455  SysCtl_isPLLValid                
0     0008256d  SysCtl_setAuxClock               
0     00082685  DCC_verifyClockFrequency         
0     00082750  MemCfg_setProtection             
0     000827f9  MemCfg_getInitStatus             
0     0008288b  __c28xabi_divf                   
0     00082913  MemCfg_initSections              
0     00082a76  initEPWM                         
0     00082ae7  ADC_setINLTrim                   
0     00082b53  SysCtl_selectOscSourceAuxPLL     
0     00082bb1  ADC_setOffsetTrim                
0     00082c0e  main                             
0     00082c67  CPU1_ADCA_init                   
0     00082cbb  GPIO_setPadConfig                
0     00082d0d  Device_init                      
0     00082def  SysCtl_selectOscSource           
0     00082e31  SysCtl_selectXTAL                
0     00082e71  Board_init                       
0     00082eae  Interrupt_initModule             
0     00082eeb  MemCfg_setLSRAMControllerSel     
0     00082f24  GPIO_setControllerCore           
0     00082f5b  GPIO_setPinConfig                
0     00082f92  Interrupt_enable                 
0     00082fc9  __TI_decompress_lzss             
0     00082ff9  __TI_auto_init_nobinit_nopinit   
0     00083024  C$$EXIT                          
0     00083024  abort                            
0     00083026  exit                             
0     0008304d  ADC_setMode                      
0     00083075  CLA_setTriggerSource             
0     0008309b  MemCfg_setGSRAMControllerSel     
0     000830c1  SysCtl_selectXTALSingleEnded     
0     000831a6  Device_initGPIO                  
0     000831c4  Interrupt_initVectorTable        
0     000831e2  memcpy                           
0     00083237  Device_verifyXTAL                
0     00083253  INT_CPU1_ADCA_1_ISR              
0     0008328a  Device_enableUnbondedGPIOPullups 
0     000832f2  _c_int00                         
0     00083364  EPWM_setEmulationMode            
0     0008337a  Interrupt_defaultHandler         
0     000834d8  __TI_zero_init_nomemset          
0     000834e5  _args_main                       
0     000834fc  Interrupt_illegalOperationHandler
0     00083506  Interrupt_nmiHandler             
0     00083510  __TI_decompress_none             
0     00083527  __error__                        
0     0008352a  _system_pre_init                 
0     0008352c  _nop                             
0     0008352d  _system_post_cinit               
0     0008353a  __TI_Handler_Table_Base          
0     00083540  __TI_Handler_Table_Limit         
0     00083544  __TI_CINIT_Base                  
0     0008354c  __TI_CINIT_Limit                 
0     0008354c  __TI_CINIT_Warm                  
0     00086000  RamfuncsLoadStart                
0     00086122  RamfuncsLoadEnd                  
0     00088000  Cla1funcsLoadStart               
0     0008803a  Cla1funcsLoadEnd                 
abs   00000000  Cla1ConstLoadSize                
abs   0000003a  Cla1funcsLoadSize                
abs   00000100  CLA_SCRATCHPAD_SIZE              
abs   00000122  RamfuncsLoadSize                 
abs   00000122  RamfuncsRunSize                  
abs   000003f8  __TI_STACK_SIZE                  
abs   ffffffff  __TI_pprof_out_hndl              
abs   ffffffff  __TI_prof_data_size              
abs   ffffffff  __TI_prof_data_start             
n/a   UNDEFED   __c_args__                       

[89 symbols]
