******************************************************************************
             TMS320C2000 Linker PC v22.6.1                     
******************************************************************************
>> Linked Wed Jun 19 19:26:45 2024

OUTPUT FILE NAME:   <cla_ex4_pwm_control.out>
ENTRY POINT SYMBOL: "code_start"  address: 00080000


MEMORY CONFIGURATION

         name            origin    length      used     unused   attr    fill
----------------------  --------  ---------  --------  --------  ----  --------
  BOOT_RSVD             00000002   000001af  00000000  000001af  RWIX
  RAMM0                 000001b1   0000024f  00000000  0000024f  RWIX
  RAMM1                 00000400   000003f8  000003f8  00000000  RWIX
  CLA1_MSGRAMLOW        00001480   00000080  00000000  00000080  RWIX
  CLA1_MSGRAMHIGH       00001500   00000080  00000000  00000080  RWIX
  CLA1_DMA_MSGRAM       00001680   00000080  00000000  00000080  RWIX
  DMA_CLA1_MSGRAM       00001700   00000080  00000000  00000080  RWIX
  RAMLS0                00008000   00000800  00000000  00000800  RWIX
  RAMLS1                00008800   00000800  0000010a  000006f6  RWIX
  RAMLS2                00009000   00000800  00000000  00000800  RWIX
  RAMLS3                00009800   00000800  00000000  00000800  RWIX
  RAMLS4                0000a000   00000800  0000000c  000007f4  RWIX
  RAMLS5                0000a800   00000800  000000d4  0000072c  RWIX
  RAMLS6                0000b000   00000800  00000000  00000800  RWIX
  RAMLS7                0000b800   00000800  00000000  00000800  RWIX
  RAMD0                 0000c000   00000800  00000122  000006de  RWIX
  RAMD1                 0000c800   00000800  00000000  00000800  RWIX
  RAMGS0                0000d000   00001000  00000000  00001000  RWIX
  RAMGS1                0000e000   00001000  00000000  00001000  RWIX
  RAMGS2                0000f000   00001000  00000000  00001000  RWIX
  RAMGS3                00010000   00001000  00000000  00001000  RWIX
  RAMGS4                00011000   00001000  00000000  00001000  RWIX
  RAMGS5                00012000   00001000  00000000  00001000  RWIX
  RAMGS6                00013000   00001000  00000000  00001000  RWIX
  RAMGS7                00014000   00001000  00000000  00001000  RWIX
  RAMGS8                00015000   00001000  00000000  00001000  RWIX
  RAMGS9                00016000   00001000  00000000  00001000  RWIX
  RAMGS10               00017000   00001000  00000000  00001000  RWIX
  RAMGS11               00018000   00001000  00000000  00001000  RWIX
  RAMGS12               00019000   00001000  00000000  00001000  RWIX
  RAMGS13               0001a000   00001000  00000000  00001000  RWIX
  RAMGS14               0001b000   00001000  00000000  00001000  RWIX
  RAMGS15               0001c000   00000ff8  00000000  00000ff8  RWIX
  CMTOCPURAM            00038000   00000800  00000000  00000800  RWIX
  CPUTOCMRAM            00039000   00000800  00000000  00000800  RWIX
  CPU1TOCPU2RAM         0003a000   00000800  00000000  00000800  RWIX
  CPU2TOCPU1RAM         0003b000   00000800  00000000  00000800  RWIX
  CANA_MSG_RAM          00049000   00000800  00000000  00000800  RWIX
  CANB_MSG_RAM          0004b000   00000800  00000000  00000800  RWIX
  BEGIN                 00080000   00000002  00000002  00000000  RWIX
  FLASH0                00080002   00001ffe  00000000  00001ffe  RWIX
  FLASH1                00082000   00002000  000018e0  00000720  RWIX
  FLASH2                00084000   00002000  00000000  00002000  RWIX
  FLASH3                00086000   00002000  00000122  00001ede  RWIX
  FLASH4                00088000   00008000  000000d4  00007f2c  RWIX
  FLASH5                00090000   00008000  0000038c  00007c74  RWIX
  FLASH6                00098000   00008000  00000000  00008000  RWIX
  FLASH7                000a0000   00008000  00000000  00008000  RWIX
  FLASH8                000a8000   00008000  00000000  00008000  RWIX
  FLASH9                000b0000   00008000  00000000  00008000  RWIX
  FLASH10               000b8000   00002000  00000000  00002000  RWIX
  FLASH11               000ba000   00002000  00000000  00002000  RWIX
  FLASH12               000bc000   00002000  00000000  00002000  RWIX
  FLASH13               000be000   00001ff0  00000000  00001ff0  RWIX
  RESET                 003fffc0   00000002  00000000  00000002  RWIX


SECTION ALLOCATION MAP

 output                                  attributes/
section   page    origin      length       input sections
--------  ----  ----------  ----------   ----------------
codestart 
*          0    00080000    00000002     
                  00080000    00000002     f2838x_codestartbranch.obj (codestart)

.cinit     0    000838c0    00000024     
                  000838c0    0000000a     (.cinit..data.load) [load image, compression = lzss]
                  000838ca    00000006     (__TI_handler_table)
                  000838d0    00000004     (.cinit..bss_cla.load) [load image, compression = zero_init]
                  000838d4    00000004     (.cinit..scratchpad.load) [load image, compression = zero_init]
                  000838d8    0000000c     (__TI_cinit_table)

.reset     0    003fffc0    00000000     DSECT

.stack     0    00000400    000003f8     UNINITIALIZED
                  00000400    000003f8     --HOLE--

.init_array 
*          0    00082000    00000000     UNINITIALIZED

.data      0    0000a000    0000000c     UNINITIALIZED
                  0000a000    00000006     rts2800_fpu64_eabi.lib : exit.c.obj (.data)
                  0000a006    00000002                            : _lock.c.obj (.data:_lock)
                  0000a008    00000002                            : _lock.c.obj (.data:_unlock)
                  0000a00a    00000002     cla_ex4_pwm_control.obj (.data)

.const     0    00090000    0000038c     
                  00090000    00000098     driverlib.lib : flash.obj (.const:.string)
                  00090098    00000097                   : epwm.obj (.const:.string)
                  0009012f    00000001     --HOLE-- [fill = 0]
                  00090130    00000097                   : gpio.obj (.const:.string)
                  000901c7    00000001     --HOLE-- [fill = 0]
                  000901c8    00000097                   : sysctl.obj (.const:.string)
                  0009025f    00000001     --HOLE-- [fill = 0]
                  00090260    00000094                   : dcc.obj (.const:.string)
                  000902f4    0000004d                   : memcfg.obj (.const:.string)
                  00090341    00000001     --HOLE-- [fill = 0]
                  00090342    0000004a                   : adc.obj (.const:.string)

Cla1Prog   0    00088000    000000d4     RUN ADDR = 0000a800
                  00088000    00000064     cla_ex4_pwm_control_cla.obj (Cla1Prog:EPWM_setCounterCompareValue)
                  00088064    0000004e     cla_ex4_pwm_control_cla.obj (Cla1Prog:Cla1Task1)
                  000880b2    00000022     cla_ex4_pwm_control_cla.obj (Cla1Prog:EPWM_clearEventTriggerInterruptFlag)

CLAscratch 
*          0    00008800    00000100     UNINITIALIZED
                  00008800    00000100     --HOLE--

.scratchpad 
*          0    00008900    00000008     UNINITIALIZED
                  00008900    00000008     cla_ex4_pwm_control_cla.obj (.scratchpad:Cla1Prog:EPWM_setCounterCompareValue)
                  00008900    00000002     cla_ex4_pwm_control_cla.obj (.scratchpad:Cla1Prog:EPWM_clearEventTriggerInterruptFlag)

.bss_cla   0    00008908    00000002     UNINITIALIZED
                  00008908    00000002     cla_ex4_pwm_control_cla.obj (.bss_cla)

.const_cla 
*          0    00008800    00000000     UNINITIALIZED

.TI.ramfunc 
*          0    00086000    00000122     RUN ADDR = 0000c000
                  00086000    0000003f     driverlib.lib : flash.obj (.TI.ramfunc:Flash_initModule)
                  0008603f    0000002c                   : flash.obj (.TI.ramfunc:Flash_setBankPowerMode)
                  0008606b    00000022                   : flash.obj (.TI.ramfunc:Flash_setWaitstates)
                  0008608d    0000001d                   : flash.obj (.TI.ramfunc:Flash_setPumpPowerMode)
                  000860aa    00000018                   : flash.obj (.TI.ramfunc:Flash_disableCache)
                  000860c2    00000018                   : flash.obj (.TI.ramfunc:Flash_disablePrefetch)
                  000860da    00000017                   : flash.obj (.TI.ramfunc:Flash_enableCache)
                  000860f1    00000017                   : flash.obj (.TI.ramfunc:Flash_enablePrefetch)
                  00086108    00000016                   : flash.obj (.TI.ramfunc:Flash_enableECC)
                  0008611e    00000004                   : sysctl.obj (.TI.ramfunc)

.text      0    00082000    000018bc     
                  00082000    0000019d     board.obj (.text:MEMCFG_init)
                  0008219d    00000167     device.obj (.text:Device_enableAllPeripherals)
                  00082304    0000013b     driverlib.lib : sysctl.obj (.text:SysCtl_setClock)
                  0008243f    00000118                   : sysctl.obj (.text:SysCtl_isPLLValid)
                  00082557    00000118                   : sysctl.obj (.text:SysCtl_setAuxClock)
                  0008266f    000000cb                   : dcc.obj (.text:DCC_verifyClockFrequency)
                  0008273a    000000a9                   : memcfg.obj (.text:MemCfg_setProtection)
                  000827e3    00000092                   : memcfg.obj (.text:MemCfg_getInitStatus)
                  00082875    00000088     rts2800_fpu64_eabi.lib : fs_div28.asm.obj (.text)
                  000828fd    0000007d     driverlib.lib : memcfg.obj (.text:MemCfg_initSections)
                  0008297a    00000073                   : dcc.obj (.text:DCC_setCounterSeeds)
                  000829ed    00000073                   : sysctl.obj (.text:DCC_setCounterSeeds)
                  00082a60    00000070     cla_ex4_pwm_control.obj (.text:initEPWM)
                  00082ad0    0000006c     driverlib.lib : adc.obj (.text:ADC_setINLTrim)
                  00082b3c    0000006b     cla_ex4_pwm_control.obj (.text:EPWM_setADCTriggerSource)
                  00082ba7    0000005e     driverlib.lib : sysctl.obj (.text:SysCtl_selectOscSourceAuxPLL)
                  00082c05    0000005d                   : adc.obj (.text:ADC_setOffsetTrim)
                  00082c62    00000052                   : gpio.obj (.text:GPIO_setPadConfig)
                  00082cb4    0000004b                   : epwm.obj (.text:EPWM_isBaseValid)
                  00082cff    00000049                   : sysctl.obj (.text:SysCtl_pollX1Counter)
                  00082d48    00000049     cla_ex4_pwm_control.obj (.text:main)
                  00082d91    00000048     board.obj (.text:CPU1_ADCA_init)
                  00082dd9    00000048     cla_ex4_pwm_control.obj (.text:INT_CPU1_ADCA_1_ISR)
                  00082e21    00000042     driverlib.lib : sysctl.obj (.text:SysCtl_selectOscSource)
                  00082e63    00000040                   : sysctl.obj (.text:SysCtl_selectXTAL)
                  00082ea3    0000003d                   : interrupt.obj (.text:Interrupt_initModule)
                  00082ee0    00000039     device.obj (.text:Device_init)
                  00082f19    00000039     driverlib.lib : memcfg.obj (.text:MemCfg_setLSRAMControllerSel)
                  00082f52    00000037                   : gpio.obj (.text:GPIO_setControllerCore)
                  00082f89    00000037                   : gpio.obj (.text:GPIO_setPinConfig)
                  00082fc0    00000037                   : interrupt.obj (.text:Interrupt_enable)
                  00082ff7    00000036     cla_ex4_pwm_control.obj (.text:EPWM_setActionQualifierAction)
                  0008302d    00000034     cla_ex4_pwm_control.obj (.text:EPWM_setCounterCompareShadowLoadMode)
                  00083061    00000031     cla_ex4_pwm_control.obj (.text:EPWM_setInterruptSource)
                  00083092    00000030     board.obj (.text:ADC_setupSOC)
                  000830c2    00000030     rts2800_fpu64_eabi.lib : copy_decompress_lzss.c.obj (.text:decompress:lzss)
                  000830f2    0000002b                            : autoinit.c.obj (.text:__TI_auto_init_nobinit_nopinit)
                  0008311d    00000029                            : exit.c.obj (.text)
                  00083146    00000028     driverlib.lib : adc.obj (.text:ADC_setMode)
                  0008316e    00000027     cla_ex4_pwm_control.obj (.text:EPWM_setADCTriggerEventPrescale)
                  00083195    00000026     driverlib.lib : cla.obj (.text:CLA_setTriggerSource)
                  000831bb    00000026                   : memcfg.obj (.text:MemCfg_setGSRAMControllerSel)
                  000831e1    00000025                   : sysctl.obj (.text:SysCtl_selectXTALSingleEnded)
                  00083206    00000024     board.obj (.text:ADC_setInterruptSOCTrigger)
                  0008322a    00000024     driverlib.lib : dcc.obj (.text:DCC_enableSingleShotMode)
                  0008324e    00000024                   : sysctl.obj (.text:DCC_enableSingleShotMode)
                  00083272    00000021     device.obj (.text:Device_initGPIO)
                  00083293    0000001e     driverlib.lib : dcc.obj (.text:DCC_setCounter0ClkSource)
                  000832b1    0000001e                   : sysctl.obj (.text:DCC_setCounter0ClkSource)
                  000832cf    0000001e                   : dcc.obj (.text:DCC_setCounter1ClkSource)
                  000832ed    0000001e                   : sysctl.obj (.text:DCC_setCounter1ClkSource)
                  0008330b    0000001e     device.obj (.text:Device_verifyXTAL)
                  00083329    0000001e     driverlib.lib : interrupt.obj (.text:Interrupt_initVectorTable)
                  00083347    0000001d     rts2800_fpu64_eabi.lib : memcpy.c.obj (.text)
                  00083364    0000001c     board.obj (.text:ADC_setInterruptSource)
                  00083380    0000001c     driverlib.lib : dcc.obj (.text:DCC_getErrorStatus)
                  0008339c    0000001c                   : dcc.obj (.text:DCC_getSingleShotStatus)
                  000833b8    0000001b                   : adc.obj (.text:ADC_isBaseValid)
                  000833d3    0000001a                   : dcc.obj (.text:DCC_isBaseValid)
                  000833ed    0000001a                   : sysctl.obj (.text:DCC_isBaseValid)
                  00083407    00000019     rts2800_fpu64_eabi.lib : boot28.asm.obj (.text)
                  00083420    00000018     cla_ex4_pwm_control.obj (.text:EPWM_setCounterCompareValue)
                  00083438    00000018     cla_ex4_pwm_control.obj (.text:SysCtl_disablePeripheral)
                  00083450    00000017     board.obj (.text:ADC_disableContinuousMode)
                  00083467    00000017     board.obj (.text:CLA_init)
                  0008347e    00000017     cla_ex4_pwm_control.obj (.text:SysCtl_enablePeripheral)
                  00083495    00000017     device.obj (.text:SysCtl_enablePeripheral)
                  000834ac    00000017     driverlib.lib : sysctl.obj (.text:SysCtl_enablePeripheral)
                  000834c3    00000016     board.obj (.text:ADC_enableInterrupt)
                  000834d9    00000016     driverlib.lib : dcc.obj (.text:DCC_disableDoneSignal)
                  000834ef    00000016                   : sysctl.obj (.text:DCC_disableDoneSignal)
                  00083505    00000016                   : dcc.obj (.text:DCC_enableDoneSignal)
                  0008351b    00000016                   : epwm.obj (.text:EPWM_setEmulationMode)
                  00083531    00000016                   : interrupt.obj (.text:Interrupt_defaultHandler)
                  00083547    00000016     board.obj (.text:MemCfg_setCLAMemType)
                  0008355d    00000015     driverlib.lib : dcc.obj (.text:DCC_clearDoneFlag)
                  00083572    00000015                   : sysctl.obj (.text:DCC_clearDoneFlag)
                  00083587    00000015                   : dcc.obj (.text:DCC_clearErrorFlag)
                  0008359c    00000015                   : sysctl.obj (.text:DCC_clearErrorFlag)
                  000835b1    00000015                   : dcc.obj (.text:DCC_disableErrorSignal)
                  000835c6    00000015                   : sysctl.obj (.text:DCC_disableErrorSignal)
                  000835db    00000015     cla_ex4_pwm_control.obj (.text:EPWM_setInterruptEventCount)
                  000835f0    00000015     device.obj (.text:GPIO_unlockPortConfig)
                  00083605    00000015     board.obj (.text:myCLA0_init)
                  0008361a    00000014     driverlib.lib : dcc.obj (.text:DCC_disableModule)
                  0008362e    00000014                   : sysctl.obj (.text:DCC_disableModule)
                  00083642    00000014                   : dcc.obj (.text:DCC_enableErrorSignal)
                  00083656    00000014                   : dcc.obj (.text:DCC_enableModule)
                  0008366a    00000014                   : sysctl.obj (.text:DCC_enableModule)
                  0008367e    00000013     device.obj (.text:Device_enableUnbondedGPIOPullupsFor176Pin)
                  00083691    00000012     board.obj (.text:ADC_setSOCPriority)
                  000836a3    00000012     cla_ex4_pwm_control.obj (.text:EPWM_disableADCTrigger)
                  000836b5    00000012     cla_ex4_pwm_control.obj (.text:EPWM_enableADCTrigger)
                  000836c7    00000012     cla_ex4_pwm_control.obj (.text:EPWM_setClockPrescaler)
                  000836d9    00000011     device.obj (.text:Device_enableUnbondedGPIOPullups)
                  000836ea    00000011     device.obj (.text:SysCtl_setCMClk)
                  000836fb    00000010     driverlib.lib : flash.obj (.text:Flash_isCtrlBaseValid)
                  0008370b    00000010                   : flash.obj (.text:Flash_isECCBaseValid)
                  0008371b    0000000f     board.obj (.text:Interrupt_register)
                  0008372a    0000000f     driverlib.lib : ipc.obj (.text:Interrupt_unregister)
                  00083739    0000000f                   : sysctl.obj (.text:SysCtl_setPLLSysClk)
                  00083748    0000000e                   : gpio.obj (.text:GPIO_isPinValid)
                  00083756    0000000d     board.obj (.text:Board_init)
                  00083763    0000000d     board.obj (.text:INTERRUPT_init)
                  00083770    0000000d     driverlib.lib : interrupt.obj (.text:Interrupt_disableGlobal)
                  0008377d    0000000d                   : interrupt.obj (.text:Interrupt_enableGlobal)
                  0008378a    0000000d     device.obj (.text:SysCtl_setLowSpeedClock)
                  00083797    0000000d     rts2800_fpu64_eabi.lib : copy_zero_init.c.obj (.text:decompress:ZI:__TI_zero_init_nomemset)
                  000837a4    0000000c     board.obj (.text:ADC_setInterruptPulseMode)
                  000837b0    0000000c     board.obj (.text:ADC_setPrescaler)
                  000837bc    0000000c     board.obj (.text:CLA_enableTasks)
                  000837c8    0000000c     board.obj (.text:CLA_mapTaskVector)
                  000837d4    0000000c     rts2800_fpu64_eabi.lib : args_main.c.obj (.text)
                  000837e0    0000000b     board.obj (.text:ADC_disableBurstMode)
                  000837eb    0000000b     board.obj (.text:CLA_enableIACK)
                  000837f6    0000000b     board.obj (.text:MemCfg_disableCorrErrorInterrupt)
                  00083801    0000000b     device.obj (.text:SysCtl_disableWatchdog)
                  0008380c    0000000b     driverlib.lib : sysctl.obj (.text:SysCtl_isMCDClockFailureDetected)
                  00083817    0000000a     board.obj (.text:ADC_clearInterruptStatus)
                  00083821    0000000a     cla_ex4_pwm_control.obj (.text:ADC_clearInterruptStatus)
                  0008382b    0000000a     cla_ex4_pwm_control.obj (.text:EPWM_setTimeBaseCounterMode)
                  00083835    0000000a     cla_ex4_pwm_control.obj (.text:EPWM_setTimeBasePeriod)
                  0008383f    0000000a     driverlib.lib : interrupt.obj (.text:Interrupt_illegalOperationHandler)
                  00083849    0000000a                   : interrupt.obj (.text:Interrupt_nmiHandler)
                  00083853    00000009     board.obj (.text:ADC_enableConverter)
                  0008385c    00000009     cla_ex4_pwm_control.obj (.text:EPWM_enableInterrupt)
                  00083865    00000009     board.obj (.text:MemCfg_disableROMPrefetch)
                  0008386e    00000009     board.obj (.text:MemCfg_enableROMWaitState)
                  00083877    00000009     board.obj (.text:MemCfg_setCorrErrorThreshold)
                  00083880    00000009     rts2800_fpu64_eabi.lib : _lock.c.obj (.text)
                  00083889    00000008     cla_ex4_pwm_control.obj (.text:EPWM_setTimeBaseCounter)
                  00083891    00000008     rts2800_fpu64_eabi.lib : copy_decompress_none.c.obj (.text:decompress:none)
                  00083899    00000008     f2838x_codestartbranch.obj (.text)
                  000838a1    00000007     driverlib.lib : sysctl.obj (.text:SysCtl_resetMCD)
                  000838a8    00000007     device.obj (.text:__error__)
                  000838af    00000006     cla_ex4_pwm_control.obj (.text:Interrupt_clearACKGroup)
                  000838b5    00000003     board.obj (.text:ADC_init)
                  000838b8    00000002     rts2800_fpu64_eabi.lib : pre_init.c.obj (.text)
                  000838ba    00000001     board.obj (.text:PinMux_init)
                  000838bb    00000001     rts2800_fpu64_eabi.lib : startup.c.obj (.text)

MODULE SUMMARY

       Module                        code   ro data   rw data
       ------                        ----   -------   -------
    .\
       cla_ex4_pwm_control.obj       757    0         2      
       cla_ex4_pwm_control_cla.obj   424    0         12     
    +--+-----------------------------+------+---------+---------+
       Total:                        1181   0         14     
                                                             
    .\device\
       device.obj                    607    0         0      
       f2838x_codestartbranch.obj    10     0         0      
    +--+-----------------------------+------+---------+---------+
       Total:                        617    0         0      
                                                             
    .\syscfg\
       board.obj                     898    0         0      
    +--+-----------------------------+------+---------+---------+
       Total:                        898    0         0      
                                                             
    C:/ti/c2000/C2000Ware_5_02_00_00/driverlib/f2838x/driverlib/ccs/Debug/driverlib.lib
       sysctl.obj                    1635   151       0      
       dcc.obj                       663    148       0      
       flash.obj                     604    152       0      
       memcfg.obj                    535    77        0      
       gpio.obj                      206    151       0      
       adc.obj                       268    74        0      
       epwm.obj                      97     151       0      
       interrupt.obj                 214    0         0      
       cla.obj                       38     0         0      
       ipc.obj                       15     0         0      
    +--+-----------------------------+------+---------+---------+
       Total:                        4275   904       0      
                                                             
    C:\ti\ccs1240\ccs\tools\compiler\ti-cgt-c2000_22.6.1.LTS\lib\rts2800_fpu64_eabi.lib
       fs_div28.asm.obj              136    0         0      
       copy_decompress_lzss.c.obj    48     0         0      
       exit.c.obj                    41     0         6      
       autoinit.c.obj                43     0         0      
       memcpy.c.obj                  29     0         0      
       boot28.asm.obj                25     0         0      
       _lock.c.obj                   9      0         4      
       copy_zero_init.c.obj          13     0         0      
       args_main.c.obj               12     0         0      
       copy_decompress_none.c.obj    8      0         0      
       pre_init.c.obj                2      0         0      
       startup.c.obj                 1      0         0      
    +--+-----------------------------+------+---------+---------+
       Total:                        367    0         10     
                                                             
       Stack:                        0      0         1016   
       Linker Generated:             0      36        0      
    +--+-----------------------------+------+---------+---------+
       Grand Total:                  7338   940       1040   


LINKER GENERATED COPY TABLES

__TI_cinit_table @ 000838d8 records: 3, size/record: 4, table size: 12
	.data: load addr=000838c0, load size=0000000a bytes, run addr=0000a000, run size=0000000c bytes, compression=lzss
	.bss_cla: load addr=000838d0, load size=00000004 bytes, run addr=00008908, run size=00000002 bytes, compression=zero_init
	.scratchpad: load addr=000838d4, load size=00000004 bytes, run addr=00008900, run size=00000008 bytes, compression=zero_init


LINKER GENERATED HANDLER TABLE

__TI_handler_table @ 000838ca records: 3, size/record: 2, table size: 6
	index: 0, handler: __TI_decompress_lzss
	index: 1, handler: __TI_decompress_none
	index: 2, handler: __TI_zero_init


GLOBAL DATA SYMBOLS: SORTED BY DATA PAGE

address     data page           name
--------    ----------------    ----
00000400      10 (00000400)     __stack

00008908     224 (00008900)     duty

0000a000     280 (0000a000)     __TI_enable_exit_profile_output
0000a002     280 (0000a000)     __TI_cleanup_ptr
0000a004     280 (0000a000)     __TI_dtors_ptr
0000a006     280 (0000a000)     _lock
0000a008     280 (0000a000)     _unlock
0000a00a     280 (0000a000)     u32C28cnts


GLOBAL SYMBOLS: SORTED ALPHABETICALLY BY Name 

page  address   name                                     
----  -------   ----                                     
0     000838b5  ADC_init                                 
0     00082ad0  ADC_setINLTrim                           
0     00083146  ADC_setMode                              
0     00082c05  ADC_setOffsetTrim                        
0     00083756  Board_init                               
0     0008311d  C$$EXIT                                  
abs   00000100  CLA_SCRATCHPAD_SIZE                      
0     00083467  CLA_init                                 
0     00083195  CLA_setTriggerSource                     
0     00082d91  CPU1_ADCA_init                           
abs   00000000  Cla1ConstLoadSize                        
0     00008800  Cla1ConstLoadStart                       
0     00008800  Cla1ConstRunStart                        
0     0000a864  Cla1Task1                                
0     000880d4  Cla1funcsLoadEnd                         
abs   000000d4  Cla1funcsLoadSize                        
0     00088000  Cla1funcsLoadStart                       
0     0000a800  Cla1funcsRunStart                        
0     0008266f  DCC_verifyClockFrequency                 
0     0008219d  Device_enableAllPeripherals              
0     000836d9  Device_enableUnbondedGPIOPullups         
0     0008367e  Device_enableUnbondedGPIOPullupsFor176Pin
0     00082ee0  Device_init                              
0     00083272  Device_initGPIO                          
0     0008330b  Device_verifyXTAL                        
0     0008351b  EPWM_setEmulationMode                    
0     0000c000  Flash_initModule                         
0     00082f52  GPIO_setControllerCore                   
0     00082c62  GPIO_setPadConfig                        
0     00082f89  GPIO_setPinConfig                        
0     00083763  INTERRUPT_init                           
0     00082dd9  INT_CPU1_ADCA_1_ISR                      
0     00083531  Interrupt_defaultHandler                 
0     00082fc0  Interrupt_enable                         
0     0008383f  Interrupt_illegalOperationHandler        
0     00082ea3  Interrupt_initModule                     
0     00083329  Interrupt_initVectorTable                
0     00083849  Interrupt_nmiHandler                     
0     00082000  MEMCFG_init                              
0     000827e3  MemCfg_getInitStatus                     
0     000828fd  MemCfg_initSections                      
0     000831bb  MemCfg_setGSRAMControllerSel             
0     00082f19  MemCfg_setLSRAMControllerSel             
0     0008273a  MemCfg_setProtection                     
0     000838ba  PinMux_init                              
0     00086122  RamfuncsLoadEnd                          
abs   00000122  RamfuncsLoadSize                         
0     00086000  RamfuncsLoadStart                        
0     0000c122  RamfuncsRunEnd                           
abs   00000122  RamfuncsRunSize                          
0     0000c000  RamfuncsRunStart                         
0     0000c11e  SysCtl_delay                             
0     0008243f  SysCtl_isPLLValid                        
0     00082e21  SysCtl_selectOscSource                   
0     00082ba7  SysCtl_selectOscSourceAuxPLL             
0     00082e63  SysCtl_selectXTAL                        
0     000831e1  SysCtl_selectXTALSingleEnded             
0     00082557  SysCtl_setAuxClock                       
0     00082304  SysCtl_setClock                          
0     000838d8  __TI_CINIT_Base                          
0     000838e4  __TI_CINIT_Limit                         
0     000838e4  __TI_CINIT_Warm                          
0     000838ca  __TI_Handler_Table_Base                  
0     000838d0  __TI_Handler_Table_Limit                 
0     000007f8  __TI_STACK_END                           
abs   000003f8  __TI_STACK_SIZE                          
0     000830f2  __TI_auto_init_nobinit_nopinit           
0     0000a002  __TI_cleanup_ptr                         
0     000830c2  __TI_decompress_lzss                     
0     00083891  __TI_decompress_none                     
0     0000a004  __TI_dtors_ptr                           
0     0000a000  __TI_enable_exit_profile_output          
abs   ffffffff  __TI_pprof_out_hndl                      
abs   ffffffff  __TI_prof_data_size                      
abs   ffffffff  __TI_prof_data_start                     
0     00083797  __TI_zero_init_nomemset                  
0     00082875  __c28xabi_divf                           
n/a   UNDEFED   __c_args__                               
0     000838a8  __error__                                
0     00000400  __stack                                  
0     000837d4  _args_main                               
0     00083407  _c_int00                                 
0     0000a006  _lock                                    
0     00083888  _nop                                     
0     00083884  _register_lock                           
0     00083880  _register_unlock                         
0     000838bb  _system_post_cinit                       
0     000838b8  _system_pre_init                         
0     0000a008  _unlock                                  
0     0008311d  abort                                    
0     00080000  code_start                               
0     00008908  duty                                     
0     0008311f  exit                                     
0     00082a60  initEPWM                                 
0     00082d48  main                                     
0     00083347  memcpy                                   
0     00083605  myCLA0_init                              
0     0000a00a  u32C28cnts                               


GLOBAL SYMBOLS: SORTED BY Symbol Address 

page  address   name                                     
----  -------   ----                                     
0     00000400  __stack                                  
0     000007f8  __TI_STACK_END                           
0     00008800  Cla1ConstLoadStart                       
0     00008800  Cla1ConstRunStart                        
0     00008908  duty                                     
0     0000a000  __TI_enable_exit_profile_output          
0     0000a002  __TI_cleanup_ptr                         
0     0000a004  __TI_dtors_ptr                           
0     0000a006  _lock                                    
0     0000a008  _unlock                                  
0     0000a00a  u32C28cnts                               
0     0000a800  Cla1funcsRunStart                        
0     0000a864  Cla1Task1                                
0     0000c000  Flash_initModule                         
0     0000c000  RamfuncsRunStart                         
0     0000c11e  SysCtl_delay                             
0     0000c122  RamfuncsRunEnd                           
0     00080000  code_start                               
0     00082000  MEMCFG_init                              
0     0008219d  Device_enableAllPeripherals              
0     00082304  SysCtl_setClock                          
0     0008243f  SysCtl_isPLLValid                        
0     00082557  SysCtl_setAuxClock                       
0     0008266f  DCC_verifyClockFrequency                 
0     0008273a  MemCfg_setProtection                     
0     000827e3  MemCfg_getInitStatus                     
0     00082875  __c28xabi_divf                           
0     000828fd  MemCfg_initSections                      
0     00082a60  initEPWM                                 
0     00082ad0  ADC_setINLTrim                           
0     00082ba7  SysCtl_selectOscSourceAuxPLL             
0     00082c05  ADC_setOffsetTrim                        
0     00082c62  GPIO_setPadConfig                        
0     00082d48  main                                     
0     00082d91  CPU1_ADCA_init                           
0     00082dd9  INT_CPU1_ADCA_1_ISR                      
0     00082e21  SysCtl_selectOscSource                   
0     00082e63  SysCtl_selectXTAL                        
0     00082ea3  Interrupt_initModule                     
0     00082ee0  Device_init                              
0     00082f19  MemCfg_setLSRAMControllerSel             
0     00082f52  GPIO_setControllerCore                   
0     00082f89  GPIO_setPinConfig                        
0     00082fc0  Interrupt_enable                         
0     000830c2  __TI_decompress_lzss                     
0     000830f2  __TI_auto_init_nobinit_nopinit           
0     0008311d  C$$EXIT                                  
0     0008311d  abort                                    
0     0008311f  exit                                     
0     00083146  ADC_setMode                              
0     00083195  CLA_setTriggerSource                     
0     000831bb  MemCfg_setGSRAMControllerSel             
0     000831e1  SysCtl_selectXTALSingleEnded             
0     00083272  Device_initGPIO                          
0     0008330b  Device_verifyXTAL                        
0     00083329  Interrupt_initVectorTable                
0     00083347  memcpy                                   
0     00083407  _c_int00                                 
0     00083467  CLA_init                                 
0     0008351b  EPWM_setEmulationMode                    
0     00083531  Interrupt_defaultHandler                 
0     00083605  myCLA0_init                              
0     0008367e  Device_enableUnbondedGPIOPullupsFor176Pin
0     000836d9  Device_enableUnbondedGPIOPullups         
0     00083756  Board_init                               
0     00083763  INTERRUPT_init                           
0     00083797  __TI_zero_init_nomemset                  
0     000837d4  _args_main                               
0     0008383f  Interrupt_illegalOperationHandler        
0     00083849  Interrupt_nmiHandler                     
0     00083880  _register_unlock                         
0     00083884  _register_lock                           
0     00083888  _nop                                     
0     00083891  __TI_decompress_none                     
0     000838a8  __error__                                
0     000838b5  ADC_init                                 
0     000838b8  _system_pre_init                         
0     000838ba  PinMux_init                              
0     000838bb  _system_post_cinit                       
0     000838ca  __TI_Handler_Table_Base                  
0     000838d0  __TI_Handler_Table_Limit                 
0     000838d8  __TI_CINIT_Base                          
0     000838e4  __TI_CINIT_Limit                         
0     000838e4  __TI_CINIT_Warm                          
0     00086000  RamfuncsLoadStart                        
0     00086122  RamfuncsLoadEnd                          
0     00088000  Cla1funcsLoadStart                       
0     000880d4  Cla1funcsLoadEnd                         
abs   00000000  Cla1ConstLoadSize                        
abs   000000d4  Cla1funcsLoadSize                        
abs   00000100  CLA_SCRATCHPAD_SIZE                      
abs   00000122  RamfuncsLoadSize                         
abs   00000122  RamfuncsRunSize                          
abs   000003f8  __TI_STACK_SIZE                          
abs   ffffffff  __TI_pprof_out_hndl                      
abs   ffffffff  __TI_prof_data_size                      
abs   ffffffff  __TI_prof_data_start                     
n/a   UNDEFED   __c_args__                               

[98 symbols]
