******************************************************************************
             TMS320C2000 Linker PC v22.6.1                     
******************************************************************************
>> Linked Thu Jun 20 14:31:45 2024

OUTPUT FILE NAME:   <led_ex2_blinky_sysconfig_cpu2.out>
ENTRY POINT SYMBOL: "code_start"  address: 00080000


MEMORY CONFIGURATION

         name            origin    length      used     unused   attr    fill
----------------------  --------  ---------  --------  --------  ----  --------
  BOOT_RSVD             00000002   000001af  00000000  000001af  RWIX
  RAMM0                 000001b1   0000024f  00000000  0000024f  RWIX
  RAMM1                 00000400   000003f8  000003f8  00000000  RWIX
  CLA1_MSGRAMLOW        00001480   00000080  00000000  00000080  RWIX
  CLA1_MSGRAMHIGH       00001500   00000080  00000000  00000080  RWIX
  CLA1_DMA_MSGRAM       00001680   00000080  00000000  00000080  RWIX
  DMA_CLA1_MSGRAM       00001700   00000080  00000000  00000080  RWIX
  RAMLS0                00008000   00000800  00000000  00000800  RWIX
  RAMLS1                00008800   00000800  00000100  00000700  RWIX
  RAMLS2                00009000   00000800  00000000  00000800  RWIX
  RAMLS3                00009800   00000800  00000000  00000800  RWIX
  RAMLS4                0000a000   00000800  00000008  000007f8  RWIX
  RAMLS5                0000a800   00000800  00000000  00000800  RWIX
  RAMLS6                0000b000   00000800  00000000  00000800  RWIX
  RAMLS7                0000b800   00000800  00000000  00000800  RWIX
  RAMD0                 0000c000   00000800  000000d5  0000072b  RWIX
  RAMD1                 0000c800   00000800  00000000  00000800  RWIX
  RAMGS8                00015000   00001000  00000000  00001000  RWIX
  RAMGS9                00016000   00001000  00000000  00001000  RWIX
  RAMGS10               00017000   00001000  00000000  00001000  RWIX
  RAMGS11               00018000   00001000  00000000  00001000  RWIX
  RAMGS12               00019000   00001000  00000000  00001000  RWIX
  RAMGS13               0001a000   00001000  00000000  00001000  RWIX
  RAMGS14               0001b000   00001000  00000000  00001000  RWIX
  RAMGS15               0001c000   00000ff8  00000000  00000ff8  RWIX
  CMTOCPURAM            00038000   00000800  00000088  00000778  RWIX
  CPUTOCMRAM            00039000   00000800  00000088  00000778  RWIX
  CPU1TOCPU2RAM         0003a000   00000800  00000088  00000778  RWIX
  CPU2TOCPU1RAM         0003b000   00000800  00000088  00000778  RWIX
  CANA_MSG_RAM          00049000   00000800  00000000  00000800  RWIX
  CANB_MSG_RAM          0004b000   00000800  00000000  00000800  RWIX
  BEGIN                 00080000   00000002  00000002  00000000  RWIX
  FLASH0                00080002   00001ffe  00000000  00001ffe  RWIX
  FLASH1                00082000   00002000  000004b1  00001b4f  RWIX
  FLASH2                00084000   00002000  00000000  00002000  RWIX
  FLASH3                00086000   00002000  000000d5  00001f2b  RWIX
  FLASH4                00088000   00008000  00000000  00008000  RWIX
  FLASH5                00090000   00008000  000000dd  00007f23  RWIX
  FLASH6                00098000   00008000  00000000  00008000  RWIX
  FLASH7                000a0000   00008000  00000000  00008000  RWIX
  FLASH8                000a8000   00008000  00000000  00008000  RWIX
  FLASH9                000b0000   00008000  00000000  00008000  RWIX
  FLASH10               000b8000   00002000  00000000  00002000  RWIX
  FLASH11               000ba000   00002000  00000000  00002000  RWIX
  FLASH12               000bc000   00002000  00000000  00002000  RWIX
  FLASH13               000be000   00001ff0  00000000  00001ff0  RWIX
  RESET                 003fffc0   00000002  00000000  00000002  RWIX


SECTION ALLOCATION MAP

 output                                  attributes/
section   page    origin      length       input sections
--------  ----  ----------  ----------   ----------------
codestart 
*          0    00080000    00000002     
                  00080000    00000002     f2838x_codestartbranch.obj (codestart)

.cinit     0    000824a8    00000010     
                  000824a8    00000008     (.cinit..data.load) [load image, compression = lzss]
                  000824b0    00000004     (__TI_handler_table)
                  000824b4    00000004     (__TI_cinit_table)

.reset     0    003fffc0    00000000     DSECT

.stack     0    00000400    000003f8     UNINITIALIZED
                  00000400    000003f8     --HOLE--

.init_array 
*          0    00082000    00000000     UNINITIALIZED

.data      0    0000a000    00000008     UNINITIALIZED
                  0000a000    00000006     rts2800_fpu64_eabi.lib : exit.c.obj (.data)
                  0000a006    00000002                            : _lock.c.obj (.data:_lock)

MSGRAM_CM_TO_CPU 
*          0    00038000    00000088     UNINITIALIZED
                  00038000    00000088     ipc.obj (MSGRAM_CM_TO_CPU)

MSGRAM_CPU_TO_CM 
*          0    00039000    00000088     UNINITIALIZED
                  00039000    00000088     ipc.obj (MSGRAM_CPU_TO_CM)

MSGRAM_CPU1_TO_CPU2 
*          0    0003a000    00000088     UNINITIALIZED
                  0003a000    00000088     ipc.obj (MSGRAM_CPU1_TO_CPU2)

MSGRAM_CPU2_TO_CPU1 
*          0    0003b000    00000088     UNINITIALIZED
                  0003b000    00000088     ipc.obj (MSGRAM_CPU2_TO_CPU1)

.const     0    00090000    000000dd     
                  00090000    00000088     ipc.obj (.const:IPC_Instance)
                  00090088    00000038     flash.obj (.const:.string)
                  000900c0    0000001d     <whole-program> (.const:.string)

Cla1Prog   0    0000a800    00000000     UNINITIALIZED

CLAscratch 
*          0    00008800    00000100     UNINITIALIZED
                  00008800    00000100     --HOLE--

.const_cla 
*          0    00008800    00000000     UNINITIALIZED

.TI.ramfunc 
*          0    00086000    000000d5     RUN ADDR = 0000c000
                  00086000    000000d1     flash.obj (.TI.ramfunc:Flash_initModule)
                  000860d1    00000004     sysctl.obj (.TI.ramfunc)

.text      0    00082000    000004a1     
                  00082000    0000012d     device.obj (.text:Device_enableAllPeripherals)
                  0008212d    000000a0     memcfg.obj (.text:MemCfg_setProtection)
                  000821cd    00000081     board.obj (.text:MEMCFG_init)
                  0008224e    0000005d     memcfg.obj (.text:MemCfg_setLSRAMControllerSel)
                  000822ab    00000041     interrupt.obj (.text:Interrupt_initModule)
                  000822ec    00000039     main.obj (.text:main)
                  00082325    00000030     rts2800_fpu64_eabi.lib : copy_decompress_lzss.c.obj (.text:decompress:lzss)
                  00082355    0000002b                            : autoinit.c.obj (.text:__TI_auto_init_nobinit_nopinit)
                  00082380    00000029                            : exit.c.obj (.text)
                  000823a9    00000024     device.obj (.text:Device_init)
                  000823cd    0000001e     device.obj (.text:Device_initGPIO)
                  000823eb    00000001     rts2800_fpu64_eabi.lib : _lock.c.obj (.text)
                  000823ec    0000001d     interrupt.obj (.text:Interrupt_initVectorTable)
                  00082409    0000001d     rts2800_fpu64_eabi.lib : memcpy.c.obj (.text)
                  00082426    0000001b     device.obj (.text:Device_enableUnbondedGPIOPullups)
                  00082441    00000019     rts2800_fpu64_eabi.lib : boot28.asm.obj (.text)
                  0008245a    0000000c     interrupt.obj (.text:Interrupt_defaultHandler)
                  00082466    0000000c     rts2800_fpu64_eabi.lib : args_main.c.obj (.text)
                  00082472    0000000a     interrupt.obj (.text:Interrupt_illegalOperationHandler)
                  0008247c    0000000a     interrupt.obj (.text:Interrupt_nmiHandler)
                  00082486    00000008     rts2800_fpu64_eabi.lib : copy_decompress_none.c.obj (.text:decompress:none)
                  0008248e    00000008     f2838x_codestartbranch.obj (.text)
                  00082496    00000005     board.obj (.text:Board_init)
                  0008249b    00000003     device.obj (.text:__error__)
                  0008249e    00000002     rts2800_fpu64_eabi.lib : pre_init.c.obj (.text)
                  000824a0    00000001                            : startup.c.obj (.text)

MODULE SUMMARY

       Module                                   code   ro data   rw data
       ------                                   ----   -------   -------
    .\
       main.obj                                 57     0         0      
    +--+----------------------------------------+------+---------+---------+
       Total:                                   57     0         0      
                                                                        
    .\device\
       device.obj                               397    0         0      
       f2838x_codestartbranch.obj               10     0         0      
    +--+----------------------------------------+------+---------+---------+
       Total:                                   407    0         0      
                                                                        
    .\device\driverlib\
       ipc.obj                                  0      136       544    
       flash.obj                                418    56        0      
       memcfg.obj                               253    0         0      
       interrupt.obj                            126    0         0      
       sysctl.obj                               8      0         0      
    +--+----------------------------------------+------+---------+---------+
       Total:                                   805    192       544    
                                                                        
    .\syscfg\
       board.obj                                134    0         0      
    +--+----------------------------------------+------+---------+---------+
       Total:                                   134    0         0      
                                                                        
    C:\Users\User\AppData\Local\Temp\
       {62FAC5B5-5F7F-438E-BEB2-0CCFF277693D}   0      29        0      
    +--+----------------------------------------+------+---------+---------+
       Total:                                   0      29        0      
                                                                        
    C:\ti\ccs1240\ccs\tools\compiler\ti-cgt-c2000_22.6.1.LTS\lib\rts2800_fpu64_eabi.lib
       copy_decompress_lzss.c.obj               48     0         0      
       exit.c.obj                               41     0         6      
       autoinit.c.obj                           43     0         0      
       memcpy.c.obj                             29     0         0      
       boot28.asm.obj                           25     0         0      
       args_main.c.obj                          12     0         0      
       copy_decompress_none.c.obj               8      0         0      
       _lock.c.obj                              1      0         2      
       pre_init.c.obj                           2      0         0      
       startup.c.obj                            1      0         0      
    +--+----------------------------------------+------+---------+---------+
       Total:                                   210    0         8      
                                                                        
       Stack:                                   0      0         1016   
       Linker Generated:                        0      16        0      
    +--+----------------------------------------+------+---------+---------+
       Grand Total:                             1613   237       1568   


LINKER GENERATED COPY TABLES

__TI_cinit_table @ 000824b4 records: 1, size/record: 4, table size: 4
	.data: load addr=000824a8, load size=00000008 bytes, run addr=0000a000, run size=00000008 bytes, compression=lzss


LINKER GENERATED HANDLER TABLE

__TI_handler_table @ 000824b0 records: 2, size/record: 2, table size: 4
	index: 0, handler: __TI_decompress_lzss
	index: 1, handler: __TI_decompress_none


GLOBAL DATA SYMBOLS: SORTED BY DATA PAGE

address     data page           name
--------    ----------------    ----
00000400      10 (00000400)     __stack

0000a000     280 (0000a000)     __TI_enable_exit_profile_output
0000a002     280 (0000a000)     __TI_cleanup_ptr
0000a004     280 (0000a000)     __TI_dtors_ptr
0000a006     280 (0000a000)     _lock

00038000     e00 (00038000)     IPC_CPU_To_CM_GetBuffer

00039000     e40 (00039000)     IPC_CPU_To_CM_PutBuffer

0003a000     e80 (0003a000)     IPC_CPU1_To_CPU2_PutBuffer

0003b000     ec0 (0003b000)     IPC_CPU1_To_CPU2_GetBuffer

00090000    2400 (00090000)     IPC_Instance


GLOBAL SYMBOLS: SORTED ALPHABETICALLY BY Name 

page  address   name                             
----  -------   ----                             
0     00082496  Board_init                       
0     00082380  C$$EXIT                          
abs   00000100  CLA_SCRATCHPAD_SIZE              
abs   00000000  Cla1ConstLoadSize                
0     00008800  Cla1ConstLoadStart               
0     00008800  Cla1ConstRunStart                
0     0000a800  Cla1funcsLoadEnd                 
abs   00000000  Cla1funcsLoadSize                
0     0000a800  Cla1funcsLoadStart               
0     0000a800  Cla1funcsRunStart                
0     00082000  Device_enableAllPeripherals      
0     00082426  Device_enableUnbondedGPIOPullups 
0     000823a9  Device_init                      
0     000823cd  Device_initGPIO                  
0     0000c000  Flash_initModule                 
0     0003b000  IPC_CPU1_To_CPU2_GetBuffer       
0     0003a000  IPC_CPU1_To_CPU2_PutBuffer       
0     00038000  IPC_CPU_To_CM_GetBuffer          
0     00039000  IPC_CPU_To_CM_PutBuffer          
0     00090000  IPC_Instance                     
0     0008245a  Interrupt_defaultHandler         
0     00082472  Interrupt_illegalOperationHandler
0     000822ab  Interrupt_initModule             
0     000823ec  Interrupt_initVectorTable        
0     0008247c  Interrupt_nmiHandler             
0     000821cd  MEMCFG_init                      
0     0008224e  MemCfg_setLSRAMControllerSel     
0     0008212d  MemCfg_setProtection             
0     000860d5  RamfuncsLoadEnd                  
abs   000000d5  RamfuncsLoadSize                 
0     00086000  RamfuncsLoadStart                
0     0000c0d5  RamfuncsRunEnd                   
abs   000000d5  RamfuncsRunSize                  
0     0000c000  RamfuncsRunStart                 
0     0000c0d1  SysCtl_delay                     
0     000824b4  __TI_CINIT_Base                  
0     000824b8  __TI_CINIT_Limit                 
0     000824b8  __TI_CINIT_Warm                  
0     000824b0  __TI_Handler_Table_Base          
0     000824b4  __TI_Handler_Table_Limit         
0     000007f8  __TI_STACK_END                   
abs   000003f8  __TI_STACK_SIZE                  
0     00082355  __TI_auto_init_nobinit_nopinit   
0     0000a002  __TI_cleanup_ptr                 
0     00082325  __TI_decompress_lzss             
0     00082486  __TI_decompress_none             
0     0000a004  __TI_dtors_ptr                   
0     0000a000  __TI_enable_exit_profile_output  
abs   ffffffff  __TI_pprof_out_hndl              
abs   ffffffff  __TI_prof_data_size              
abs   ffffffff  __TI_prof_data_start             
n/a   UNDEFED   __c_args__                       
0     0008249b  __error__                        
0     00000400  __stack                          
0     00082466  _args_main                       
0     00082441  _c_int00                         
0     0000a006  _lock                            
0     000823eb  _nop                             
0     000824a0  _system_post_cinit               
0     0008249e  _system_pre_init                 
0     00082380  abort                            
0     00080000  code_start                       
0     00082382  exit                             
0     000822ec  main                             
0     00082409  memcpy                           


GLOBAL SYMBOLS: SORTED BY Symbol Address 

page  address   name                             
----  -------   ----                             
0     00000400  __stack                          
0     000007f8  __TI_STACK_END                   
0     00008800  Cla1ConstLoadStart               
0     00008800  Cla1ConstRunStart                
0     0000a000  __TI_enable_exit_profile_output  
0     0000a002  __TI_cleanup_ptr                 
0     0000a004  __TI_dtors_ptr                   
0     0000a006  _lock                            
0     0000a800  Cla1funcsLoadEnd                 
0     0000a800  Cla1funcsLoadStart               
0     0000a800  Cla1funcsRunStart                
0     0000c000  Flash_initModule                 
0     0000c000  RamfuncsRunStart                 
0     0000c0d1  SysCtl_delay                     
0     0000c0d5  RamfuncsRunEnd                   
0     00038000  IPC_CPU_To_CM_GetBuffer          
0     00039000  IPC_CPU_To_CM_PutBuffer          
0     0003a000  IPC_CPU1_To_CPU2_PutBuffer       
0     0003b000  IPC_CPU1_To_CPU2_GetBuffer       
0     00080000  code_start                       
0     00082000  Device_enableAllPeripherals      
0     0008212d  MemCfg_setProtection             
0     000821cd  MEMCFG_init                      
0     0008224e  MemCfg_setLSRAMControllerSel     
0     000822ab  Interrupt_initModule             
0     000822ec  main                             
0     00082325  __TI_decompress_lzss             
0     00082355  __TI_auto_init_nobinit_nopinit   
0     00082380  C$$EXIT                          
0     00082380  abort                            
0     00082382  exit                             
0     000823a9  Device_init                      
0     000823cd  Device_initGPIO                  
0     000823eb  _nop                             
0     000823ec  Interrupt_initVectorTable        
0     00082409  memcpy                           
0     00082426  Device_enableUnbondedGPIOPullups 
0     00082441  _c_int00                         
0     0008245a  Interrupt_defaultHandler         
0     00082466  _args_main                       
0     00082472  Interrupt_illegalOperationHandler
0     0008247c  Interrupt_nmiHandler             
0     00082486  __TI_decompress_none             
0     00082496  Board_init                       
0     0008249b  __error__                        
0     0008249e  _system_pre_init                 
0     000824a0  _system_post_cinit               
0     000824b0  __TI_Handler_Table_Base          
0     000824b4  __TI_CINIT_Base                  
0     000824b4  __TI_Handler_Table_Limit         
0     000824b8  __TI_CINIT_Limit                 
0     000824b8  __TI_CINIT_Warm                  
0     00086000  RamfuncsLoadStart                
0     000860d5  RamfuncsLoadEnd                  
0     00090000  IPC_Instance                     
abs   00000000  Cla1ConstLoadSize                
abs   00000000  Cla1funcsLoadSize                
abs   000000d5  RamfuncsLoadSize                 
abs   000000d5  RamfuncsRunSize                  
abs   00000100  CLA_SCRATCHPAD_SIZE              
abs   000003f8  __TI_STACK_SIZE                  
abs   ffffffff  __TI_pprof_out_hndl              
abs   ffffffff  __TI_prof_data_size              
abs   ffffffff  __TI_prof_data_start             
n/a   UNDEFED   __c_args__                       

[65 symbols]
