******************************************************************************
             TMS320C2000 Linker PC v22.6.1                     
******************************************************************************
>> Linked Thu Jun 20 10:51:41 2024

OUTPUT FILE NAME:   <led_ex2_blinky_sysconfig_cpu2.out>
ENTRY POINT SYMBOL: "code_start"  address: 00080000


MEMORY CONFIGURATION

         name            origin    length      used     unused   attr    fill
----------------------  --------  ---------  --------  --------  ----  --------
  BOOT_RSVD             00000002   000001af  00000000  000001af  RWIX
  RAMM0                 000001b1   0000024f  00000000  0000024f  RWIX
  RAMM1                 00000400   000003f8  000003f8  00000000  RWIX
  CLA1_MSGRAMLOW        00001480   00000080  00000000  00000080  RWIX
  CLA1_MSGRAMHIGH       00001500   00000080  00000000  00000080  RWIX
  CLA1_DMA_MSGRAM       00001680   00000080  00000000  00000080  RWIX
  DMA_CLA1_MSGRAM       00001700   00000080  00000000  00000080  RWIX
  RAMLS0                00008000   00000800  00000000  00000800  RWIX
  RAMLS1                00008800   00000800  00000100  00000700  RWIX
  RAMLS2                00009000   00000800  00000000  00000800  RWIX
  RAMLS3                00009800   00000800  00000000  00000800  RWIX
  RAMLS4                0000a000   00000800  0000000a  000007f6  RWIX
  RAMLS5                0000a800   00000800  00000000  00000800  RWIX
  RAMLS6                0000b000   00000800  00000000  00000800  RWIX
  RAMLS7                0000b800   00000800  00000000  00000800  RWIX
  RAMD0                 0000c000   00000800  00000124  000006dc  RWIX
  RAMD1                 0000c800   00000800  00000000  00000800  RWIX
  RAMGS8                00015000   00001000  00000000  00001000  RWIX
  RAMGS9                00016000   00001000  00000000  00001000  RWIX
  RAMGS10               00017000   00001000  00000000  00001000  RWIX
  RAMGS11               00018000   00001000  00000000  00001000  RWIX
  RAMGS12               00019000   00001000  00000000  00001000  RWIX
  RAMGS13               0001a000   00001000  00000000  00001000  RWIX
  RAMGS14               0001b000   00001000  00000000  00001000  RWIX
  RAMGS15               0001c000   00000ff8  00000000  00000ff8  RWIX
  CMTOCPURAM            00038000   00000800  00000088  00000778  RWIX
  CPUTOCMRAM            00039000   00000800  00000088  00000778  RWIX
  CPU1TOCPU2RAM         0003a000   00000800  00000088  00000778  RWIX
  CPU2TOCPU1RAM         0003b000   00000800  00000088  00000778  RWIX
  CANA_MSG_RAM          00049000   00000800  00000000  00000800  RWIX
  CANB_MSG_RAM          0004b000   00000800  00000000  00000800  RWIX
  BEGIN                 00080000   00000002  00000002  00000000  RWIX
  FLASH0                00080002   00001ffe  00000000  00001ffe  RWIX
  FLASH1                00082000   00002000  00000614  000019ec  RWIX
  FLASH2                00084000   00002000  00000000  00002000  RWIX
  FLASH3                00086000   00002000  00000124  00001edc  RWIX
  FLASH4                00088000   00008000  00000000  00008000  RWIX
  FLASH5                00090000   00008000  0000012f  00007ed1  RWIX
  FLASH6                00098000   00008000  00000000  00008000  RWIX
  FLASH7                000a0000   00008000  00000000  00008000  RWIX
  FLASH8                000a8000   00008000  00000000  00008000  RWIX
  FLASH9                000b0000   00008000  00000000  00008000  RWIX
  FLASH10               000b8000   00002000  00000000  00002000  RWIX
  FLASH11               000ba000   00002000  00000000  00002000  RWIX
  FLASH12               000bc000   00002000  00000000  00002000  RWIX
  FLASH13               000be000   00001ff0  00000000  00001ff0  RWIX
  RESET                 003fffc0   00000002  00000000  00000002  RWIX


SECTION ALLOCATION MAP

 output                                  attributes/
section   page    origin      length       input sections
--------  ----  ----------  ----------   ----------------
codestart 
*          0    00080000    00000002     
                  00080000    00000002     f2838x_codestartbranch.obj (codestart)

.cinit     0    00082608    00000012     
                  00082608    00000009     (.cinit..data.load) [load image, compression = lzss]
                  00082611    00000001     --HOLE-- [fill = 0]
                  00082612    00000004     (__TI_handler_table)
                  00082616    00000004     (__TI_cinit_table)

.reset     0    003fffc0    00000000     DSECT

.stack     0    00000400    000003f8     UNINITIALIZED
                  00000400    000003f8     --HOLE--

.init_array 
*          0    00082000    00000000     UNINITIALIZED

.data      0    0000a000    0000000a     UNINITIALIZED
                  0000a000    00000006     rts2800_fpu64_eabi.lib : exit.c.obj (.data)
                  0000a006    00000002                            : _lock.c.obj (.data:_lock)
                  0000a008    00000002                            : _lock.c.obj (.data:_unlock)

MSGRAM_CM_TO_CPU 
*          0    00038000    00000088     UNINITIALIZED
                  00038000    00000088     ipc.obj (MSGRAM_CM_TO_CPU)

MSGRAM_CPU_TO_CM 
*          0    00039000    00000088     UNINITIALIZED
                  00039000    00000088     ipc.obj (MSGRAM_CPU_TO_CM)

MSGRAM_CPU1_TO_CPU2 
*          0    0003a000    00000088     UNINITIALIZED
                  0003a000    00000088     ipc.obj (MSGRAM_CPU1_TO_CPU2)

MSGRAM_CPU2_TO_CPU1 
*          0    0003b000    00000088     UNINITIALIZED
                  0003b000    00000088     ipc.obj (MSGRAM_CPU2_TO_CPU1)

.const     0    00090000    0000012f     
                  00090000    00000088     ipc.obj (.const:IPC_Instance)
                  00090088    00000052     led_ex2_blinky_sysconfig_cpu2.obj (.const:.string)
                  000900da    00000038     flash.obj (.const:.string)
                  00090112    0000001d     memcfg.obj (.const:.string)

Cla1Prog   0    0000a800    00000000     UNINITIALIZED

CLAscratch 
*          0    00008800    00000100     UNINITIALIZED
                  00008800    00000100     --HOLE--

.const_cla 
*          0    00008800    00000000     UNINITIALIZED

.TI.ramfunc 
*          0    00086000    00000124     RUN ADDR = 0000c000
                  00086000    0000003f     flash.obj (.TI.ramfunc:Flash_initModule)
                  0008603f    0000002c     flash.obj (.TI.ramfunc:Flash_setBankPowerMode)
                  0008606b    00000024     flash.obj (.TI.ramfunc:Flash_setWaitstates)
                  0008608f    0000001d     flash.obj (.TI.ramfunc:Flash_setPumpPowerMode)
                  000860ac    00000018     flash.obj (.TI.ramfunc:Flash_disableCache)
                  000860c4    00000018     flash.obj (.TI.ramfunc:Flash_disablePrefetch)
                  000860dc    00000017     flash.obj (.TI.ramfunc:Flash_enableCache)
                  000860f3    00000017     flash.obj (.TI.ramfunc:Flash_enablePrefetch)
                  0008610a    00000016     flash.obj (.TI.ramfunc:Flash_enableECC)
                  00086120    00000004     sysctl.obj (.TI.ramfunc)

.text      0    00082000    00000602     
                  00082000    00000146     device.obj (.text:Device_enableAllPeripherals)
                  00082146    000000aa     memcfg.obj (.text:MemCfg_setProtection)
                  000821f0    00000097     board.obj (.text:MEMCFG_init)
                  00082287    00000044     led_ex2_blinky_sysconfig_cpu2.obj (.text:GPIO_writePin)
                  000822cb    0000003d     interrupt.obj (.text:Interrupt_initModule)
                  00082308    00000039     memcfg.obj (.text:MemCfg_setLSRAMControllerSel)
                  00082341    00000030     rts2800_fpu64_eabi.lib : copy_decompress_lzss.c.obj (.text:decompress:lzss)
                  00082371    0000002b                            : autoinit.c.obj (.text:__TI_auto_init_nobinit_nopinit)
                  0008239c    00000029     led_ex2_blinky_sysconfig_cpu2.obj (.text:main)
                  000823c5    00000029     rts2800_fpu64_eabi.lib : exit.c.obj (.text)
                  000823ee    00000021     device.obj (.text:Device_initGPIO)
                  0008240f    0000001e     interrupt.obj (.text:Interrupt_initVectorTable)
                  0008242d    0000001d     rts2800_fpu64_eabi.lib : memcpy.c.obj (.text)
                  0008244a    0000001c     device.obj (.text:Device_init)
                  00082466    00000019     rts2800_fpu64_eabi.lib : boot28.asm.obj (.text)
                  0008247f    00000017     device.obj (.text:SysCtl_enablePeripheral)
                  00082496    00000016     interrupt.obj (.text:Interrupt_defaultHandler)
                  000824ac    00000015     device.obj (.text:GPIO_unlockPortConfig)
                  000824c1    00000014     led_ex2_blinky_sysconfig_cpu2.obj (.text:IPC_waitForAck)
                  000824d5    00000013     device.obj (.text:Device_enableUnbondedGPIOPullupsFor176Pin)
                  000824e8    00000013     led_ex2_blinky_sysconfig_cpu2.obj (.text:IPC_sync)
                  000824fb    00000012     led_ex2_blinky_sysconfig_cpu2.obj (.text:IPC_waitForFlag)
                  0008250d    00000011     device.obj (.text:Device_enableUnbondedGPIOPullups)
                  0008251e    00000010     flash.obj (.text:Flash_isCtrlBaseValid)
                  0008252e    00000010     flash.obj (.text:Flash_isECCBaseValid)
                  0008253e    0000000f     led_ex2_blinky_sysconfig_cpu2.obj (.text:IPC_ackFlagRtoL)
                  0008254d    0000000f     led_ex2_blinky_sysconfig_cpu2.obj (.text:IPC_setFlagLtoR)
                  0008255c    0000000f     ipc.obj (.text:Interrupt_unregister)
                  0008256b    0000000e     led_ex2_blinky_sysconfig_cpu2.obj (.text:GPIO_isPinValid)
                  00082579    0000000d     interrupt.obj (.text:Interrupt_disableGlobal)
                  00082586    0000000c     rts2800_fpu64_eabi.lib : args_main.c.obj (.text)
                  00082592    0000000b     board.obj (.text:MemCfg_disableCorrErrorInterrupt)
                  0008259d    0000000b     device.obj (.text:SysCtl_disableWatchdog)
                  000825a8    0000000a     interrupt.obj (.text:Interrupt_illegalOperationHandler)
                  000825b2    0000000a     interrupt.obj (.text:Interrupt_nmiHandler)
                  000825bc    00000009     board.obj (.text:MemCfg_disableROMPrefetch)
                  000825c5    00000009     board.obj (.text:MemCfg_enableROMWaitState)
                  000825ce    00000009     board.obj (.text:MemCfg_setCorrErrorThreshold)
                  000825d7    00000009     rts2800_fpu64_eabi.lib : _lock.c.obj (.text)
                  000825e0    00000008                            : copy_decompress_none.c.obj (.text:decompress:none)
                  000825e8    00000008     f2838x_codestartbranch.obj (.text)
                  000825f0    00000007     board.obj (.text:Board_init)
                  000825f7    00000007     device.obj (.text:__error__)
                  000825fe    00000002     rts2800_fpu64_eabi.lib : pre_init.c.obj (.text)
                  00082600    00000001     board.obj (.text:IPC_SYSCFG_init)
                  00082601    00000001     rts2800_fpu64_eabi.lib : startup.c.obj (.text)

MODULE SUMMARY

       Module                              code   ro data   rw data
       ------                              ----   -------   -------
    .\
       led_ex2_blinky_sysconfig_cpu2.obj   210    82        0      
    +--+-----------------------------------+------+---------+---------+
       Total:                              210    82        0      
                                                                   
    .\device\
       device.obj                          485    0         0      
       f2838x_codestartbranch.obj          10     0         0      
    +--+-----------------------------------+------+---------+---------+
       Total:                              495    0         0      
                                                                   
    .\device\driverlib\
       ipc.obj                             15     136       544    
       flash.obj                           608    56        0      
       memcfg.obj                          227    29        0      
       interrupt.obj                       146    0         0      
       sysctl.obj                          8      0         0      
    +--+-----------------------------------+------+---------+---------+
       Total:                              1004   221       544    
                                                                   
    .\syscfg\
       board.obj                           197    0         0      
    +--+-----------------------------------+------+---------+---------+
       Total:                              197    0         0      
                                                                   
    C:\ti\ccs1240\ccs\tools\compiler\ti-cgt-c2000_22.6.1.LTS\lib\rts2800_fpu64_eabi.lib
       copy_decompress_lzss.c.obj          48     0         0      
       exit.c.obj                          41     0         6      
       autoinit.c.obj                      43     0         0      
       memcpy.c.obj                        29     0         0      
       boot28.asm.obj                      25     0         0      
       _lock.c.obj                         9      0         4      
       args_main.c.obj                     12     0         0      
       copy_decompress_none.c.obj          8      0         0      
       pre_init.c.obj                      2      0         0      
       startup.c.obj                       1      0         0      
    +--+-----------------------------------+------+---------+---------+
       Total:                              218    0         10     
                                                                   
       Stack:                              0      0         1016   
       Linker Generated:                   0      17        0      
    +--+-----------------------------------+------+---------+---------+
       Grand Total:                        2124   320       1570   


LINKER GENERATED COPY TABLES

__TI_cinit_table @ 00082616 records: 1, size/record: 4, table size: 4
	.data: load addr=00082608, load size=00000009 bytes, run addr=0000a000, run size=0000000a bytes, compression=lzss


LINKER GENERATED HANDLER TABLE

__TI_handler_table @ 00082612 records: 2, size/record: 2, table size: 4
	index: 0, handler: __TI_decompress_lzss
	index: 1, handler: __TI_decompress_none


GLOBAL DATA SYMBOLS: SORTED BY DATA PAGE

address     data page           name
--------    ----------------    ----
00000400      10 (00000400)     __stack

0000a000     280 (0000a000)     __TI_enable_exit_profile_output
0000a002     280 (0000a000)     __TI_cleanup_ptr
0000a004     280 (0000a000)     __TI_dtors_ptr
0000a006     280 (0000a000)     _lock
0000a008     280 (0000a000)     _unlock

00038000     e00 (00038000)     IPC_CPU_To_CM_GetBuffer

00039000     e40 (00039000)     IPC_CPU_To_CM_PutBuffer

0003a000     e80 (0003a000)     IPC_CPU1_To_CPU2_PutBuffer

0003b000     ec0 (0003b000)     IPC_CPU1_To_CPU2_GetBuffer

00090000    2400 (00090000)     IPC_Instance


GLOBAL SYMBOLS: SORTED ALPHABETICALLY BY Name 

page  address   name                                     
----  -------   ----                                     
0     000825f0  Board_init                               
0     000823c5  C$$EXIT                                  
abs   00000100  CLA_SCRATCHPAD_SIZE                      
abs   00000000  Cla1ConstLoadSize                        
0     00008800  Cla1ConstLoadStart                       
0     00008800  Cla1ConstRunStart                        
0     0000a800  Cla1funcsLoadEnd                         
abs   00000000  Cla1funcsLoadSize                        
0     0000a800  Cla1funcsLoadStart                       
0     0000a800  Cla1funcsRunStart                        
0     00082000  Device_enableAllPeripherals              
0     0008250d  Device_enableUnbondedGPIOPullups         
0     000824d5  Device_enableUnbondedGPIOPullupsFor176Pin
0     0008244a  Device_init                              
0     000823ee  Device_initGPIO                          
0     0000c000  Flash_initModule                         
0     0003b000  IPC_CPU1_To_CPU2_GetBuffer               
0     0003a000  IPC_CPU1_To_CPU2_PutBuffer               
0     00038000  IPC_CPU_To_CM_GetBuffer                  
0     00039000  IPC_CPU_To_CM_PutBuffer                  
0     00090000  IPC_Instance                             
0     00082600  IPC_SYSCFG_init                          
0     00082496  Interrupt_defaultHandler                 
0     000825a8  Interrupt_illegalOperationHandler        
0     000822cb  Interrupt_initModule                     
0     0008240f  Interrupt_initVectorTable                
0     000825b2  Interrupt_nmiHandler                     
0     000821f0  MEMCFG_init                              
0     00082308  MemCfg_setLSRAMControllerSel             
0     00082146  MemCfg_setProtection                     
0     00086124  RamfuncsLoadEnd                          
abs   00000124  RamfuncsLoadSize                         
0     00086000  RamfuncsLoadStart                        
0     0000c124  RamfuncsRunEnd                           
abs   00000124  RamfuncsRunSize                          
0     0000c000  RamfuncsRunStart                         
0     0000c120  SysCtl_delay                             
0     00082616  __TI_CINIT_Base                          
0     0008261a  __TI_CINIT_Limit                         
0     0008261a  __TI_CINIT_Warm                          
0     00082612  __TI_Handler_Table_Base                  
0     00082616  __TI_Handler_Table_Limit                 
0     000007f8  __TI_STACK_END                           
abs   000003f8  __TI_STACK_SIZE                          
0     00082371  __TI_auto_init_nobinit_nopinit           
0     0000a002  __TI_cleanup_ptr                         
0     00082341  __TI_decompress_lzss                     
0     000825e0  __TI_decompress_none                     
0     0000a004  __TI_dtors_ptr                           
0     0000a000  __TI_enable_exit_profile_output          
abs   ffffffff  __TI_pprof_out_hndl                      
abs   ffffffff  __TI_prof_data_size                      
abs   ffffffff  __TI_prof_data_start                     
n/a   UNDEFED   __c_args__                               
0     000825f7  __error__                                
0     00000400  __stack                                  
0     00082586  _args_main                               
0     00082466  _c_int00                                 
0     0000a006  _lock                                    
0     000825df  _nop                                     
0     000825db  _register_lock                           
0     000825d7  _register_unlock                         
0     00082601  _system_post_cinit                       
0     000825fe  _system_pre_init                         
0     0000a008  _unlock                                  
0     000823c5  abort                                    
0     00080000  code_start                               
0     000823c7  exit                                     
0     0008239c  main                                     
0     0008242d  memcpy                                   


GLOBAL SYMBOLS: SORTED BY Symbol Address 

page  address   name                                     
----  -------   ----                                     
0     00000400  __stack                                  
0     000007f8  __TI_STACK_END                           
0     00008800  Cla1ConstLoadStart                       
0     00008800  Cla1ConstRunStart                        
0     0000a000  __TI_enable_exit_profile_output          
0     0000a002  __TI_cleanup_ptr                         
0     0000a004  __TI_dtors_ptr                           
0     0000a006  _lock                                    
0     0000a008  _unlock                                  
0     0000a800  Cla1funcsLoadEnd                         
0     0000a800  Cla1funcsLoadStart                       
0     0000a800  Cla1funcsRunStart                        
0     0000c000  Flash_initModule                         
0     0000c000  RamfuncsRunStart                         
0     0000c120  SysCtl_delay                             
0     0000c124  RamfuncsRunEnd                           
0     00038000  IPC_CPU_To_CM_GetBuffer                  
0     00039000  IPC_CPU_To_CM_PutBuffer                  
0     0003a000  IPC_CPU1_To_CPU2_PutBuffer               
0     0003b000  IPC_CPU1_To_CPU2_GetBuffer               
0     00080000  code_start                               
0     00082000  Device_enableAllPeripherals              
0     00082146  MemCfg_setProtection                     
0     000821f0  MEMCFG_init                              
0     000822cb  Interrupt_initModule                     
0     00082308  MemCfg_setLSRAMControllerSel             
0     00082341  __TI_decompress_lzss                     
0     00082371  __TI_auto_init_nobinit_nopinit           
0     0008239c  main                                     
0     000823c5  C$$EXIT                                  
0     000823c5  abort                                    
0     000823c7  exit                                     
0     000823ee  Device_initGPIO                          
0     0008240f  Interrupt_initVectorTable                
0     0008242d  memcpy                                   
0     0008244a  Device_init                              
0     00082466  _c_int00                                 
0     00082496  Interrupt_defaultHandler                 
0     000824d5  Device_enableUnbondedGPIOPullupsFor176Pin
0     0008250d  Device_enableUnbondedGPIOPullups         
0     00082586  _args_main                               
0     000825a8  Interrupt_illegalOperationHandler        
0     000825b2  Interrupt_nmiHandler                     
0     000825d7  _register_unlock                         
0     000825db  _register_lock                           
0     000825df  _nop                                     
0     000825e0  __TI_decompress_none                     
0     000825f0  Board_init                               
0     000825f7  __error__                                
0     000825fe  _system_pre_init                         
0     00082600  IPC_SYSCFG_init                          
0     00082601  _system_post_cinit                       
0     00082612  __TI_Handler_Table_Base                  
0     00082616  __TI_CINIT_Base                          
0     00082616  __TI_Handler_Table_Limit                 
0     0008261a  __TI_CINIT_Limit                         
0     0008261a  __TI_CINIT_Warm                          
0     00086000  RamfuncsLoadStart                        
0     00086124  RamfuncsLoadEnd                          
0     00090000  IPC_Instance                             
abs   00000000  Cla1ConstLoadSize                        
abs   00000000  Cla1funcsLoadSize                        
abs   00000100  CLA_SCRATCHPAD_SIZE                      
abs   00000124  RamfuncsLoadSize                         
abs   00000124  RamfuncsRunSize                          
abs   000003f8  __TI_STACK_SIZE                          
abs   ffffffff  __TI_pprof_out_hndl                      
abs   ffffffff  __TI_prof_data_size                      
abs   ffffffff  __TI_prof_data_start                     
n/a   UNDEFED   __c_args__                               

[70 symbols]
