<?xml version="1.0" encoding="ISO-8859-1" ?>
<link_info>
   <banner>TMS320C2000 Linker PC v22.6.1.LTS</banner>
   <copyright>Copyright (c) 1996-2018 Texas Instruments Incorporated</copyright>
   <link_time>0x66739812</link_time>
   <link_errors>0x0</link_errors>
   <output_file>led_ex2_blinky_sysconfig_cpu1.out</output_file>
   <entry_point>
      <name>code_start</name>
      <address>0x80000</address>
   </entry_point>
   <input_file_list>
      <input_file id="fl-2">
         <path>.\</path>
         <kind>object</kind>
         <file>cla_ex4_pwm_control_cla.obj</file>
         <name>cla_ex4_pwm_control_cla.obj</name>
      </input_file>
      <input_file id="fl-3">
         <path>.\</path>
         <kind>object</kind>
         <file>led_ex2_blinky_sysconfig_cpu1.obj</file>
         <name>led_ex2_blinky_sysconfig_cpu1.obj</name>
      </input_file>
      <input_file id="fl-4">
         <path>.\syscfg\</path>
         <kind>object</kind>
         <file>board.obj</file>
         <name>board.obj</name>
      </input_file>
      <input_file id="fl-5">
         <path>.\syscfg\</path>
         <kind>object</kind>
         <file>c2000ware_libraries.obj</file>
         <name>c2000ware_libraries.obj</name>
      </input_file>
      <input_file id="fl-6">
         <path>.\device\</path>
         <kind>object</kind>
         <file>device.obj</file>
         <name>device.obj</name>
      </input_file>
      <input_file id="fl-7">
         <path>.\device\</path>
         <kind>object</kind>
         <file>f2838x_codestartbranch.obj</file>
         <name>f2838x_codestartbranch.obj</name>
      </input_file>
      <input_file id="fl-8">
         <path>.\device\driverlib\</path>
         <kind>object</kind>
         <file>adc.obj</file>
         <name>adc.obj</name>
      </input_file>
      <input_file id="fl-9">
         <path>.\device\driverlib\</path>
         <kind>object</kind>
         <file>asysctl.obj</file>
         <name>asysctl.obj</name>
      </input_file>
      <input_file id="fl-a">
         <path>.\device\driverlib\</path>
         <kind>object</kind>
         <file>bgcrc.obj</file>
         <name>bgcrc.obj</name>
      </input_file>
      <input_file id="fl-b">
         <path>.\device\driverlib\</path>
         <kind>object</kind>
         <file>can.obj</file>
         <name>can.obj</name>
      </input_file>
      <input_file id="fl-c">
         <path>.\device\driverlib\</path>
         <kind>object</kind>
         <file>cla.obj</file>
         <name>cla.obj</name>
      </input_file>
      <input_file id="fl-d">
         <path>.\device\driverlib\</path>
         <kind>object</kind>
         <file>clb.obj</file>
         <name>clb.obj</name>
      </input_file>
      <input_file id="fl-e">
         <path>.\device\driverlib\</path>
         <kind>object</kind>
         <file>cmpss.obj</file>
         <name>cmpss.obj</name>
      </input_file>
      <input_file id="fl-f">
         <path>.\device\driverlib\</path>
         <kind>object</kind>
         <file>cputimer.obj</file>
         <name>cputimer.obj</name>
      </input_file>
      <input_file id="fl-10">
         <path>.\device\driverlib\</path>
         <kind>object</kind>
         <file>dac.obj</file>
         <name>dac.obj</name>
      </input_file>
      <input_file id="fl-11">
         <path>.\device\driverlib\</path>
         <kind>object</kind>
         <file>dcc.obj</file>
         <name>dcc.obj</name>
      </input_file>
      <input_file id="fl-12">
         <path>.\device\driverlib\</path>
         <kind>object</kind>
         <file>dcsm.obj</file>
         <name>dcsm.obj</name>
      </input_file>
      <input_file id="fl-13">
         <path>.\device\driverlib\</path>
         <kind>object</kind>
         <file>dma.obj</file>
         <name>dma.obj</name>
      </input_file>
      <input_file id="fl-14">
         <path>.\device\driverlib\</path>
         <kind>object</kind>
         <file>ecap.obj</file>
         <name>ecap.obj</name>
      </input_file>
      <input_file id="fl-15">
         <path>.\device\driverlib\</path>
         <kind>object</kind>
         <file>emif.obj</file>
         <name>emif.obj</name>
      </input_file>
      <input_file id="fl-16">
         <path>.\device\driverlib\</path>
         <kind>object</kind>
         <file>epwm.obj</file>
         <name>epwm.obj</name>
      </input_file>
      <input_file id="fl-17">
         <path>.\device\driverlib\</path>
         <kind>object</kind>
         <file>eqep.obj</file>
         <name>eqep.obj</name>
      </input_file>
      <input_file id="fl-18">
         <path>.\device\driverlib\</path>
         <kind>object</kind>
         <file>erad.obj</file>
         <name>erad.obj</name>
      </input_file>
      <input_file id="fl-19">
         <path>.\device\driverlib\</path>
         <kind>object</kind>
         <file>escss.obj</file>
         <name>escss.obj</name>
      </input_file>
      <input_file id="fl-1a">
         <path>.\device\driverlib\</path>
         <kind>object</kind>
         <file>flash.obj</file>
         <name>flash.obj</name>
      </input_file>
      <input_file id="fl-1b">
         <path>.\device\driverlib\</path>
         <kind>object</kind>
         <file>fsi.obj</file>
         <name>fsi.obj</name>
      </input_file>
      <input_file id="fl-1c">
         <path>.\device\driverlib\</path>
         <kind>object</kind>
         <file>gpio.obj</file>
         <name>gpio.obj</name>
      </input_file>
      <input_file id="fl-1d">
         <path>.\device\driverlib\</path>
         <kind>object</kind>
         <file>hrcap.obj</file>
         <name>hrcap.obj</name>
      </input_file>
      <input_file id="fl-1e">
         <path>.\device\driverlib\</path>
         <kind>object</kind>
         <file>hrpwm.obj</file>
         <name>hrpwm.obj</name>
      </input_file>
      <input_file id="fl-1f">
         <path>.\device\driverlib\</path>
         <kind>object</kind>
         <file>i2c.obj</file>
         <name>i2c.obj</name>
      </input_file>
      <input_file id="fl-20">
         <path>.\device\driverlib\</path>
         <kind>object</kind>
         <file>interrupt.obj</file>
         <name>interrupt.obj</name>
      </input_file>
      <input_file id="fl-21">
         <path>.\device\driverlib\</path>
         <kind>object</kind>
         <file>ipc.obj</file>
         <name>ipc.obj</name>
      </input_file>
      <input_file id="fl-22">
         <path>.\device\driverlib\</path>
         <kind>object</kind>
         <file>mcan.obj</file>
         <name>mcan.obj</name>
      </input_file>
      <input_file id="fl-23">
         <path>.\device\driverlib\</path>
         <kind>object</kind>
         <file>mcbsp.obj</file>
         <name>mcbsp.obj</name>
      </input_file>
      <input_file id="fl-24">
         <path>.\device\driverlib\</path>
         <kind>object</kind>
         <file>memcfg.obj</file>
         <name>memcfg.obj</name>
      </input_file>
      <input_file id="fl-25">
         <path>.\device\driverlib\</path>
         <kind>object</kind>
         <file>pmbus.obj</file>
         <name>pmbus.obj</name>
      </input_file>
      <input_file id="fl-26">
         <path>.\device\driverlib\</path>
         <kind>object</kind>
         <file>sci.obj</file>
         <name>sci.obj</name>
      </input_file>
      <input_file id="fl-27">
         <path>.\device\driverlib\</path>
         <kind>object</kind>
         <file>sdfm.obj</file>
         <name>sdfm.obj</name>
      </input_file>
      <input_file id="fl-28">
         <path>.\device\driverlib\</path>
         <kind>object</kind>
         <file>spi.obj</file>
         <name>spi.obj</name>
      </input_file>
      <input_file id="fl-29">
         <path>.\device\driverlib\</path>
         <kind>object</kind>
         <file>sysctl.obj</file>
         <name>sysctl.obj</name>
      </input_file>
      <input_file id="fl-2a">
         <path>.\device\driverlib\</path>
         <kind>object</kind>
         <file>usb.obj</file>
         <name>usb.obj</name>
      </input_file>
      <input_file id="fl-2b">
         <path>.\device\driverlib\</path>
         <kind>object</kind>
         <file>version.obj</file>
         <name>version.obj</name>
      </input_file>
      <input_file id="fl-2c">
         <path>.\device\driverlib\</path>
         <kind>object</kind>
         <file>xbar.obj</file>
         <name>xbar.obj</name>
      </input_file>
      <input_file id="fl-31">
         <kind>object</kind>
         <file>&lt;internal&gt;</file>
         <name>&lt;internal&gt;</name>
      </input_file>
      <input_file id="fl-3d">
         <path>C:\ti\ccs1240\ccs\tools\compiler\ti-cgt-c2000_22.6.1.LTS\lib\</path>
         <kind>archive</kind>
         <file>rts2800_fpu64_eabi.lib</file>
         <name>boot28.asm.obj</name>
      </input_file>
      <input_file id="fl-3e">
         <path>C:\ti\ccs1240\ccs\tools\compiler\ti-cgt-c2000_22.6.1.LTS\lib\</path>
         <kind>archive</kind>
         <file>rts2800_fpu64_eabi.lib</file>
         <name>memcpy.c.obj</name>
      </input_file>
      <input_file id="fl-3f">
         <path>C:\ti\ccs1240\ccs\tools\compiler\ti-cgt-c2000_22.6.1.LTS\lib\</path>
         <kind>archive</kind>
         <file>rts2800_fpu64_eabi.lib</file>
         <name>pre_init.c.obj</name>
      </input_file>
      <input_file id="fl-40">
         <path>C:\ti\ccs1240\ccs\tools\compiler\ti-cgt-c2000_22.6.1.LTS\lib\</path>
         <kind>archive</kind>
         <file>rts2800_fpu64_eabi.lib</file>
         <name>autoinit.c.obj</name>
      </input_file>
      <input_file id="fl-41">
         <path>C:\ti\ccs1240\ccs\tools\compiler\ti-cgt-c2000_22.6.1.LTS\lib\</path>
         <kind>archive</kind>
         <file>rts2800_fpu64_eabi.lib</file>
         <name>copy_zero_init.c.obj</name>
      </input_file>
      <input_file id="fl-42">
         <path>C:\ti\ccs1240\ccs\tools\compiler\ti-cgt-c2000_22.6.1.LTS\lib\</path>
         <kind>archive</kind>
         <file>rts2800_fpu64_eabi.lib</file>
         <name>copy_decompress_none.c.obj</name>
      </input_file>
      <input_file id="fl-43">
         <path>C:\ti\ccs1240\ccs\tools\compiler\ti-cgt-c2000_22.6.1.LTS\lib\</path>
         <kind>archive</kind>
         <file>rts2800_fpu64_eabi.lib</file>
         <name>copy_decompress_lzss.c.obj</name>
      </input_file>
      <input_file id="fl-44">
         <path>C:\ti\ccs1240\ccs\tools\compiler\ti-cgt-c2000_22.6.1.LTS\lib\</path>
         <kind>archive</kind>
         <file>rts2800_fpu64_eabi.lib</file>
         <name>exit.c.obj</name>
      </input_file>
      <input_file id="fl-45">
         <path>C:\ti\ccs1240\ccs\tools\compiler\ti-cgt-c2000_22.6.1.LTS\lib\</path>
         <kind>archive</kind>
         <file>rts2800_fpu64_eabi.lib</file>
         <name>_lock.c.obj</name>
      </input_file>
      <input_file id="fl-46">
         <path>C:\ti\ccs1240\ccs\tools\compiler\ti-cgt-c2000_22.6.1.LTS\lib\</path>
         <kind>archive</kind>
         <file>rts2800_fpu64_eabi.lib</file>
         <name>args_main.c.obj</name>
      </input_file>
      <input_file id="fl-47">
         <path>C:\ti\ccs1240\ccs\tools\compiler\ti-cgt-c2000_22.6.1.LTS\lib\</path>
         <kind>archive</kind>
         <file>rts2800_fpu64_eabi.lib</file>
         <name>memset.c.obj</name>
      </input_file>
      <input_file id="fl-48">
         <path>C:\ti\ccs1240\ccs\tools\compiler\ti-cgt-c2000_22.6.1.LTS\lib\</path>
         <kind>archive</kind>
         <file>rts2800_fpu64_eabi.lib</file>
         <name>cpy_tbl.c.obj</name>
      </input_file>
      <input_file id="fl-49">
         <path>C:\ti\ccs1240\ccs\tools\compiler\ti-cgt-c2000_22.6.1.LTS\lib\</path>
         <kind>archive</kind>
         <file>rts2800_fpu64_eabi.lib</file>
         <name>startup.c.obj</name>
      </input_file>
   </input_file_list>
   <object_component_list>
      <object_component id="oc-32">
         <name>codestart</name>
         <load_address>0x80000</load_address>
         <run_address>0x80000</run_address>
         <size>0x2</size>
         <input_file_ref idref="fl-7"/>
      </object_component>
      <object_component id="oc-2bb">
         <name>.text:MEMCFG_init</name>
         <load_address>0x82000</load_address>
         <run_address>0x82000</run_address>
         <size>0x19d</size>
         <input_file_ref idref="fl-4"/>
      </object_component>
      <object_component id="oc-232">
         <name>.text:Device_enableAllPeripherals</name>
         <load_address>0x8219d</load_address>
         <run_address>0x8219d</run_address>
         <size>0x167</size>
         <input_file_ref idref="fl-6"/>
      </object_component>
      <object_component id="oc-207">
         <name>.text:SysCtl_setClock</name>
         <load_address>0x82304</load_address>
         <run_address>0x82304</run_address>
         <size>0x13b</size>
         <input_file_ref idref="fl-29"/>
      </object_component>
      <object_component id="oc-36c">
         <name>.text:SysCtl_isPLLValid</name>
         <load_address>0x8243f</load_address>
         <run_address>0x8243f</run_address>
         <size>0x129</size>
         <input_file_ref idref="fl-29"/>
      </object_component>
      <object_component id="oc-213">
         <name>.text:SysCtl_setAuxClock</name>
         <load_address>0x82568</load_address>
         <run_address>0x82568</run_address>
         <size>0x118</size>
         <input_file_ref idref="fl-29"/>
      </object_component>
      <object_component id="oc-352">
         <name>.text:DCC_verifyClockFrequency</name>
         <load_address>0x82680</load_address>
         <run_address>0x82680</run_address>
         <size>0xde</size>
         <input_file_ref idref="fl-11"/>
      </object_component>
      <object_component id="oc-3d9">
         <name>.text:MemCfg_setProtection</name>
         <load_address>0x8275e</load_address>
         <run_address>0x8275e</run_address>
         <size>0xaa</size>
         <input_file_ref idref="fl-24"/>
      </object_component>
      <object_component id="oc-3b5">
         <name>.text:MemCfg_getInitStatus</name>
         <load_address>0x82808</load_address>
         <run_address>0x82808</run_address>
         <size>0x92</size>
         <input_file_ref idref="fl-24"/>
      </object_component>
      <object_component id="oc-22c">
         <name>.text:SysCtl_getAuxClock</name>
         <load_address>0x8289a</load_address>
         <run_address>0x8289a</run_address>
         <size>0x91</size>
         <input_file_ref idref="fl-29"/>
      </object_component>
      <object_component id="oc-3af">
         <name>.text:MemCfg_initSections</name>
         <load_address>0x8292b</load_address>
         <run_address>0x8292b</run_address>
         <size>0x7d</size>
         <input_file_ref idref="fl-24"/>
      </object_component>
      <object_component id="oc-187">
         <name>.text:GPIO_setControllerCore</name>
         <load_address>0x829a8</load_address>
         <run_address>0x829a8</run_address>
         <size>0x76</size>
         <input_file_ref idref="fl-1c"/>
      </object_component>
      <object_component id="oc-558">
         <name>.text:GPIO_setQualificationMode</name>
         <load_address>0x82a1e</load_address>
         <run_address>0x82a1e</run_address>
         <size>0x76</size>
         <input_file_ref idref="fl-1c"/>
      </object_component>
      <object_component id="oc-1b7">
         <name>.text:EPWM_setADCTriggerSource</name>
         <load_address>0x82a94</load_address>
         <run_address>0x82a94</run_address>
         <size>0x75</size>
         <input_file_ref idref="fl-3"/>
      </object_component>
      <object_component id="oc-448">
         <name>.text:DCC_setCounterSeeds</name>
         <load_address>0x82b09</load_address>
         <run_address>0x82b09</run_address>
         <size>0x73</size>
         <input_file_ref idref="fl-11"/>
      </object_component>
      <object_component id="oc-4b3">
         <name>.text:DCC_setCounterSeeds</name>
         <load_address>0x82b7c</load_address>
         <run_address>0x82b7c</run_address>
         <size>0x73</size>
         <input_file_ref idref="fl-29"/>
      </object_component>
      <object_component id="oc-21f">
         <name>.text:SysCtl_getClock</name>
         <load_address>0x82bef</load_address>
         <run_address>0x82bef</run_address>
         <size>0x73</size>
         <input_file_ref idref="fl-29"/>
      </object_component>
      <object_component id="oc-1a5">
         <name>.text:initEPWM</name>
         <load_address>0x82c62</load_address>
         <run_address>0x82c62</run_address>
         <size>0x73</size>
         <input_file_ref idref="fl-3"/>
      </object_component>
      <object_component id="oc-175">
         <name>.text:Device_init</name>
         <load_address>0x82cd5</load_address>
         <run_address>0x82cd5</run_address>
         <size>0x6f</size>
         <input_file_ref idref="fl-6"/>
      </object_component>
      <object_component id="oc-18d">
         <name>.text:GPIO_setPadConfig</name>
         <load_address>0x82d44</load_address>
         <run_address>0x82d44</run_address>
         <size>0x6f</size>
         <input_file_ref idref="fl-1c"/>
      </object_component>
      <object_component id="oc-5c1">
         <name>.text:ADC_setINLTrim</name>
         <load_address>0x82db3</load_address>
         <run_address>0x82db3</run_address>
         <size>0x6c</size>
         <input_file_ref idref="fl-8"/>
      </object_component>
      <object_component id="oc-14a">
         <name>.text:main</name>
         <load_address>0x82e1f</load_address>
         <run_address>0x82e1f</run_address>
         <size>0x68</size>
         <input_file_ref idref="fl-3"/>
      </object_component>
      <object_component id="oc-375">
         <name>.text:SysCtl_selectOscSourceAuxPLL</name>
         <load_address>0x82e87</load_address>
         <run_address>0x82e87</run_address>
         <size>0x5e</size>
         <input_file_ref idref="fl-29"/>
      </object_component>
      <object_component id="oc-5c7">
         <name>.text:ADC_setOffsetTrim</name>
         <load_address>0x82ee5</load_address>
         <run_address>0x82ee5</run_address>
         <size>0x5d</size>
         <input_file_ref idref="fl-8"/>
      </object_component>
      <object_component id="oc-55e">
         <name>.text:GPIO_setDirectionMode</name>
         <load_address>0x82f42</load_address>
         <run_address>0x82f42</run_address>
         <size>0x4e</size>
         <input_file_ref idref="fl-1c"/>
      </object_component>
      <object_component id="oc-39e">
         <name>.text:EPWM_isBaseValid</name>
         <load_address>0x82f90</load_address>
         <run_address>0x82f90</run_address>
         <size>0x4b</size>
         <input_file_ref idref="fl-16"/>
      </object_component>
      <object_component id="oc-2d4">
         <name>.text:EPWM_isBaseValid</name>
         <load_address>0x82fdb</load_address>
         <run_address>0x82fdb</run_address>
         <size>0x4b</size>
         <input_file_ref idref="fl-3"/>
      </object_component>
      <object_component id="oc-296">
         <name>.text:EPWM_setInterruptSource</name>
         <load_address>0x83026</load_address>
         <run_address>0x83026</run_address>
         <size>0x4b</size>
         <input_file_ref idref="fl-3"/>
      </object_component>
      <object_component id="oc-45">
         <name>.text:INT_CPU1_ADCA_1_ISR</name>
         <load_address>0x83071</load_address>
         <run_address>0x83071</run_address>
         <size>0x49</size>
         <input_file_ref idref="fl-3"/>
      </object_component>
      <object_component id="oc-4c9">
         <name>.text:SysCtl_pollX1Counter</name>
         <load_address>0x830ba</load_address>
         <run_address>0x830ba</run_address>
         <size>0x49</size>
         <input_file_ref idref="fl-29"/>
      </object_component>
      <object_component id="oc-3ec">
         <name>.text:CPU1_ADCA_init</name>
         <load_address>0x83103</load_address>
         <run_address>0x83103</run_address>
         <size>0x48</size>
         <input_file_ref idref="fl-4"/>
      </object_component>
      <object_component id="oc-533">
         <name>.text:ADC_setupSOC</name>
         <load_address>0x8314b</load_address>
         <run_address>0x8314b</run_address>
         <size>0x46</size>
         <input_file_ref idref="fl-4"/>
      </object_component>
      <object_component id="oc-1d5">
         <name>.text:GPIO_writePin</name>
         <load_address>0x83191</load_address>
         <run_address>0x83191</run_address>
         <size>0x44</size>
         <input_file_ref idref="fl-3"/>
      </object_component>
      <object_component id="oc-360">
         <name>.text:SysCtl_selectOscSource</name>
         <load_address>0x831d5</load_address>
         <run_address>0x831d5</run_address>
         <size>0x42</size>
         <input_file_ref idref="fl-29"/>
      </object_component>
      <object_component id="oc-28a">
         <name>.text:EPWM_setActionQualifierAction</name>
         <load_address>0x83217</load_address>
         <run_address>0x83217</run_address>
         <size>0x40</size>
         <input_file_ref idref="fl-3"/>
      </object_component>
      <object_component id="oc-475">
         <name>.text:SysCtl_selectXTAL</name>
         <load_address>0x83257</load_address>
         <run_address>0x83257</run_address>
         <size>0x40</size>
         <input_file_ref idref="fl-29"/>
      </object_component>
      <object_component id="oc-290">
         <name>.text:EPWM_setCounterCompareShadowLoadMode</name>
         <load_address>0x83297</load_address>
         <run_address>0x83297</run_address>
         <size>0x3e</size>
         <input_file_ref idref="fl-3"/>
      </object_component>
      <object_component id="oc-199">
         <name>.text:Interrupt_initModule</name>
         <load_address>0x832d5</load_address>
         <run_address>0x832d5</run_address>
         <size>0x3d</size>
         <input_file_ref idref="fl-20"/>
      </object_component>
      <object_component id="oc-1bd">
         <name>.text:EPWM_setADCTriggerEventPrescale</name>
         <load_address>0x83312</load_address>
         <run_address>0x83312</run_address>
         <size>0x3a</size>
         <input_file_ref idref="fl-3"/>
      </object_component>
      <object_component id="oc-3bb">
         <name>.text:MemCfg_setLSRAMControllerSel</name>
         <load_address>0x8334c</load_address>
         <run_address>0x8334c</run_address>
         <size>0x39</size>
         <input_file_ref idref="fl-24"/>
      </object_component>
      <object_component id="oc-193">
         <name>.text:GPIO_setPinConfig</name>
         <load_address>0x83385</load_address>
         <run_address>0x83385</run_address>
         <size>0x37</size>
         <input_file_ref idref="fl-1c"/>
      </object_component>
      <object_component id="oc-a3">
         <name>.text:Interrupt_enable</name>
         <load_address>0x833bc</load_address>
         <run_address>0x833bc</run_address>
         <size>0x37</size>
         <input_file_ref idref="fl-20"/>
      </object_component>
      <object_component id="oc-4ef">
         <name>.text:CLA_setTriggerSource</name>
         <load_address>0x833f3</load_address>
         <run_address>0x833f3</run_address>
         <size>0x35</size>
         <input_file_ref idref="fl-c"/>
      </object_component>
      <object_component id="oc-25">
         <name>.text:decompress:lzss</name>
         <load_address>0x83428</load_address>
         <run_address>0x83428</run_address>
         <size>0x30</size>
         <input_file_ref idref="fl-43"/>
      </object_component>
      <object_component id="oc-53f">
         <name>.text:ADC_setInterruptSource</name>
         <load_address>0x83458</load_address>
         <run_address>0x83458</run_address>
         <size>0x2f</size>
         <input_file_ref idref="fl-4"/>
      </object_component>
      <object_component id="oc-539">
         <name>.text:ADC_setInterruptSOCTrigger</name>
         <load_address>0x83487</load_address>
         <run_address>0x83487</run_address>
         <size>0x2e</size>
         <input_file_ref idref="fl-4"/>
      </object_component>
      <object_component id="oc-11a">
         <name>.text:__TI_auto_init_nobinit_nopinit</name>
         <load_address>0x834b5</load_address>
         <run_address>0x834b5</run_address>
         <size>0x2b</size>
         <input_file_ref idref="fl-40"/>
      </object_component>
      <object_component id="oc-109">
         <name>.text</name>
         <load_address>0x834e0</load_address>
         <run_address>0x834e0</run_address>
         <size>0x29</size>
         <input_file_ref idref="fl-44"/>
      </object_component>
      <object_component id="oc-515">
         <name>.text:ADC_setMode</name>
         <load_address>0x83509</load_address>
         <run_address>0x83509</run_address>
         <size>0x28</size>
         <input_file_ref idref="fl-8"/>
      </object_component>
      <object_component id="oc-2a2">
         <name>.text:EPWM_setInterruptEventCount</name>
         <load_address>0x83531</load_address>
         <run_address>0x83531</run_address>
         <size>0x28</size>
         <input_file_ref idref="fl-3"/>
      </object_component>
      <object_component id="oc-3c7">
         <name>.text:MemCfg_setGSRAMControllerSel</name>
         <load_address>0x83559</load_address>
         <run_address>0x83559</run_address>
         <size>0x26</size>
         <input_file_ref idref="fl-24"/>
      </object_component>
      <object_component id="oc-47b">
         <name>.text:SysCtl_selectXTALSingleEnded</name>
         <load_address>0x8357f</load_address>
         <run_address>0x8357f</run_address>
         <size>0x25</size>
         <input_file_ref idref="fl-29"/>
      </object_component>
      <object_component id="oc-44e">
         <name>.text:DCC_enableSingleShotMode</name>
         <load_address>0x835a4</load_address>
         <run_address>0x835a4</run_address>
         <size>0x24</size>
         <input_file_ref idref="fl-11"/>
      </object_component>
      <object_component id="oc-4b9">
         <name>.text:DCC_enableSingleShotMode</name>
         <load_address>0x835c8</load_address>
         <run_address>0x835c8</run_address>
         <size>0x24</size>
         <input_file_ref idref="fl-29"/>
      </object_component>
      <object_component id="oc-3c1">
         <name>.text:MemCfg_setCLAMemType</name>
         <load_address>0x835ec</load_address>
         <run_address>0x835ec</run_address>
         <size>0x24</size>
         <input_file_ref idref="fl-4"/>
      </object_component>
      <object_component id="oc-226">
         <name>.text:SysCtl_getLowSpeedClock</name>
         <load_address>0x83610</load_address>
         <run_address>0x83610</run_address>
         <size>0x24</size>
         <input_file_ref idref="fl-29"/>
      </object_component>
      <object_component id="oc-278">
         <name>.text:EPWM_setCounterCompareValue</name>
         <load_address>0x83634</load_address>
         <run_address>0x83634</run_address>
         <size>0x22</size>
         <input_file_ref idref="fl-3"/>
      </object_component>
      <object_component id="oc-54b">
         <name>.text:ADC_disableContinuousMode</name>
         <load_address>0x83656</load_address>
         <run_address>0x83656</run_address>
         <size>0x21</size>
         <input_file_ref idref="fl-4"/>
      </object_component>
      <object_component id="oc-181">
         <name>.text:Device_initGPIO</name>
         <load_address>0x83677</load_address>
         <run_address>0x83677</run_address>
         <size>0x21</size>
         <input_file_ref idref="fl-6"/>
      </object_component>
      <object_component id="oc-245">
         <name>.text:SysCtl_controlCPU2Reset</name>
         <load_address>0x83698</load_address>
         <run_address>0x83698</run_address>
         <size>0x21</size>
         <input_file_ref idref="fl-29"/>
      </object_component>
      <object_component id="oc-551">
         <name>.text:ADC_enableInterrupt</name>
         <load_address>0x836b9</load_address>
         <run_address>0x836b9</run_address>
         <size>0x20</size>
         <input_file_ref idref="fl-4"/>
      </object_component>
      <object_component id="oc-43c">
         <name>.text:DCC_setCounter0ClkSource</name>
         <load_address>0x836d9</load_address>
         <run_address>0x836d9</run_address>
         <size>0x1e</size>
         <input_file_ref idref="fl-11"/>
      </object_component>
      <object_component id="oc-4a7">
         <name>.text:DCC_setCounter0ClkSource</name>
         <load_address>0x836f7</load_address>
         <run_address>0x836f7</run_address>
         <size>0x1e</size>
         <input_file_ref idref="fl-29"/>
      </object_component>
      <object_component id="oc-442">
         <name>.text:DCC_setCounter1ClkSource</name>
         <load_address>0x83715</load_address>
         <run_address>0x83715</run_address>
         <size>0x1e</size>
         <input_file_ref idref="fl-11"/>
      </object_component>
      <object_component id="oc-4ad">
         <name>.text:DCC_setCounter1ClkSource</name>
         <load_address>0x83733</load_address>
         <run_address>0x83733</run_address>
         <size>0x1e</size>
         <input_file_ref idref="fl-29"/>
      </object_component>
      <object_component id="oc-201">
         <name>.text:Device_verifyXTAL</name>
         <load_address>0x83751</load_address>
         <run_address>0x83751</run_address>
         <size>0x1e</size>
         <input_file_ref idref="fl-6"/>
      </object_component>
      <object_component id="oc-55">
         <name>.text:Interrupt_initVectorTable</name>
         <load_address>0x8376f</load_address>
         <run_address>0x8376f</run_address>
         <size>0x1e</size>
         <input_file_ref idref="fl-20"/>
      </object_component>
      <object_component id="oc-72">
         <name>.text</name>
         <load_address>0x8378d</load_address>
         <run_address>0x8378d</run_address>
         <size>0x1d</size>
         <input_file_ref idref="fl-3e"/>
      </object_component>
      <object_component id="oc-52d">
         <name>.text:ADC_setSOCPriority</name>
         <load_address>0x837aa</load_address>
         <run_address>0x837aa</run_address>
         <size>0x1c</size>
         <input_file_ref idref="fl-4"/>
      </object_component>
      <object_component id="oc-46c">
         <name>.text:DCC_getErrorStatus</name>
         <load_address>0x837c6</load_address>
         <run_address>0x837c6</run_address>
         <size>0x1c</size>
         <input_file_ref idref="fl-11"/>
      </object_component>
      <object_component id="oc-466">
         <name>.text:DCC_getSingleShotStatus</name>
         <load_address>0x837e2</load_address>
         <run_address>0x837e2</run_address>
         <size>0x1c</size>
         <input_file_ref idref="fl-11"/>
      </object_component>
      <object_component id="oc-1b1">
         <name>.text:EPWM_disableADCTrigger</name>
         <load_address>0x837fe</load_address>
         <run_address>0x837fe</run_address>
         <size>0x1c</size>
         <input_file_ref idref="fl-3"/>
      </object_component>
      <object_component id="oc-1c3">
         <name>.text:EPWM_enableADCTrigger</name>
         <load_address>0x8381a</load_address>
         <run_address>0x8381a</run_address>
         <size>0x1c</size>
         <input_file_ref idref="fl-3"/>
      </object_component>
      <object_component id="oc-26c">
         <name>.text:EPWM_setClockPrescaler</name>
         <load_address>0x83836</load_address>
         <run_address>0x83836</run_address>
         <size>0x1c</size>
         <input_file_ref idref="fl-3"/>
      </object_component>
      <object_component id="oc-5ba">
         <name>.text:ADC_isBaseValid</name>
         <load_address>0x83852</load_address>
         <run_address>0x83852</run_address>
         <size>0x1b</size>
         <input_file_ref idref="fl-8"/>
      </object_component>
      <object_component id="oc-5b3">
         <name>.text:ADC_isBaseValid</name>
         <load_address>0x8386d</load_address>
         <run_address>0x8386d</run_address>
         <size>0x1b</size>
         <input_file_ref idref="fl-4"/>
      </object_component>
      <object_component id="oc-cb">
         <name>.text:ADC_isBaseValid</name>
         <load_address>0x83888</load_address>
         <run_address>0x83888</run_address>
         <size>0x1b</size>
         <input_file_ref idref="fl-3"/>
      </object_component>
      <object_component id="oc-417">
         <name>.text:DCC_isBaseValid</name>
         <load_address>0x838a3</load_address>
         <run_address>0x838a3</run_address>
         <size>0x1a</size>
         <input_file_ref idref="fl-11"/>
      </object_component>
      <object_component id="oc-581">
         <name>.text:DCC_isBaseValid</name>
         <load_address>0x838bd</load_address>
         <run_address>0x838bd</run_address>
         <size>0x1a</size>
         <input_file_ref idref="fl-29"/>
      </object_component>
      <object_component id="oc-239">
         <name>.text:IPC_setBootMode</name>
         <load_address>0x838d7</load_address>
         <run_address>0x838d7</run_address>
         <size>0x19</size>
         <input_file_ref idref="fl-6"/>
      </object_component>
      <object_component id="oc-c3">
         <name>.text</name>
         <load_address>0x838f0</load_address>
         <run_address>0x838f0</run_address>
         <size>0x19</size>
         <input_file_ref idref="fl-3d"/>
      </object_component>
      <object_component id="oc-19f">
         <name>.text:SysCtl_disablePeripheral</name>
         <load_address>0x83909</load_address>
         <run_address>0x83909</run_address>
         <size>0x18</size>
         <input_file_ref idref="fl-3"/>
      </object_component>
      <object_component id="oc-2b5">
         <name>.text:CLA_init</name>
         <load_address>0x83921</load_address>
         <run_address>0x83921</run_address>
         <size>0x17</size>
         <input_file_ref idref="fl-4"/>
      </object_component>
      <object_component id="oc-34c">
         <name>.text:SysCtl_enablePeripheral</name>
         <load_address>0x83938</load_address>
         <run_address>0x83938</run_address>
         <size>0x17</size>
         <input_file_ref idref="fl-6"/>
      </object_component>
      <object_component id="oc-1cf">
         <name>.text:SysCtl_enablePeripheral</name>
         <load_address>0x8394f</load_address>
         <run_address>0x8394f</run_address>
         <size>0x17</size>
         <input_file_ref idref="fl-3"/>
      </object_component>
      <object_component id="oc-483">
         <name>.text:SysCtl_enablePeripheral</name>
         <load_address>0x83966</load_address>
         <run_address>0x83966</run_address>
         <size>0x17</size>
         <input_file_ref idref="fl-29"/>
      </object_component>
      <object_component id="oc-51b">
         <name>.text:ADC_setInterruptPulseMode</name>
         <load_address>0x8397d</load_address>
         <run_address>0x8397d</run_address>
         <size>0x16</size>
         <input_file_ref idref="fl-4"/>
      </object_component>
      <object_component id="oc-50f">
         <name>.text:ADC_setPrescaler</name>
         <load_address>0x83993</load_address>
         <run_address>0x83993</run_address>
         <size>0x16</size>
         <input_file_ref idref="fl-4"/>
      </object_component>
      <object_component id="oc-4fb">
         <name>.text:CLA_enableTasks</name>
         <load_address>0x839a9</load_address>
         <run_address>0x839a9</run_address>
         <size>0x16</size>
         <input_file_ref idref="fl-4"/>
      </object_component>
      <object_component id="oc-4e9">
         <name>.text:CLA_mapTaskVector</name>
         <load_address>0x839bf</load_address>
         <run_address>0x839bf</run_address>
         <size>0x16</size>
         <input_file_ref idref="fl-4"/>
      </object_component>
      <object_component id="oc-436">
         <name>.text:DCC_disableDoneSignal</name>
         <load_address>0x839d5</load_address>
         <run_address>0x839d5</run_address>
         <size>0x16</size>
         <input_file_ref idref="fl-11"/>
      </object_component>
      <object_component id="oc-4a1">
         <name>.text:DCC_disableDoneSignal</name>
         <load_address>0x839eb</load_address>
         <run_address>0x839eb</run_address>
         <size>0x16</size>
         <input_file_ref idref="fl-29"/>
      </object_component>
      <object_component id="oc-45a">
         <name>.text:DCC_enableDoneSignal</name>
         <load_address>0x83a01</load_address>
         <run_address>0x83a01</run_address>
         <size>0x16</size>
         <input_file_ref idref="fl-11"/>
      </object_component>
      <object_component id="oc-17b">
         <name>.text:Device_bootCPU2</name>
         <load_address>0x83a17</load_address>
         <run_address>0x83a17</run_address>
         <size>0x16</size>
         <input_file_ref idref="fl-6"/>
      </object_component>
      <object_component id="oc-2a8">
         <name>.text:EPWM_setEmulationMode</name>
         <load_address>0x83a2d</load_address>
         <run_address>0x83a2d</run_address>
         <size>0x16</size>
         <input_file_ref idref="fl-16"/>
      </object_component>
      <object_component id="oc-51">
         <name>.text:Interrupt_defaultHandler</name>
         <load_address>0x83a43</load_address>
         <run_address>0x83a43</run_address>
         <size>0x16</size>
         <input_file_ref idref="fl-20"/>
      </object_component>
      <object_component id="oc-527">
         <name>.text:ADC_disableBurstMode</name>
         <load_address>0x83a59</load_address>
         <run_address>0x83a59</run_address>
         <size>0x15</size>
         <input_file_ref idref="fl-4"/>
      </object_component>
      <object_component id="oc-4f5">
         <name>.text:CLA_enableIACK</name>
         <load_address>0x83a6e</load_address>
         <run_address>0x83a6e</run_address>
         <size>0x15</size>
         <input_file_ref idref="fl-4"/>
      </object_component>
      <object_component id="oc-424">
         <name>.text:DCC_clearDoneFlag</name>
         <load_address>0x83a83</load_address>
         <run_address>0x83a83</run_address>
         <size>0x15</size>
         <input_file_ref idref="fl-11"/>
      </object_component>
      <object_component id="oc-48f">
         <name>.text:DCC_clearDoneFlag</name>
         <load_address>0x83a98</load_address>
         <run_address>0x83a98</run_address>
         <size>0x15</size>
         <input_file_ref idref="fl-29"/>
      </object_component>
      <object_component id="oc-41e">
         <name>.text:DCC_clearErrorFlag</name>
         <load_address>0x83aad</load_address>
         <run_address>0x83aad</run_address>
         <size>0x15</size>
         <input_file_ref idref="fl-11"/>
      </object_component>
      <object_component id="oc-489">
         <name>.text:DCC_clearErrorFlag</name>
         <load_address>0x83ac2</load_address>
         <run_address>0x83ac2</run_address>
         <size>0x15</size>
         <input_file_ref idref="fl-29"/>
      </object_component>
      <object_component id="oc-430">
         <name>.text:DCC_disableErrorSignal</name>
         <load_address>0x83ad7</load_address>
         <run_address>0x83ad7</run_address>
         <size>0x15</size>
         <input_file_ref idref="fl-11"/>
      </object_component>
      <object_component id="oc-49b">
         <name>.text:DCC_disableErrorSignal</name>
         <load_address>0x83aec</load_address>
         <run_address>0x83aec</run_address>
         <size>0x15</size>
         <input_file_ref idref="fl-29"/>
      </object_component>
      <object_component id="oc-454">
         <name>.text:DCC_enableErrorSignal</name>
         <load_address>0x83b01</load_address>
         <run_address>0x83b01</run_address>
         <size>0x15</size>
         <input_file_ref idref="fl-11"/>
      </object_component>
      <object_component id="oc-252">
         <name>.text:GPIO_unlockPortConfig</name>
         <load_address>0x83b16</load_address>
         <run_address>0x83b16</run_address>
         <size>0x15</size>
         <input_file_ref idref="fl-6"/>
      </object_component>
      <object_component id="oc-3a8">
         <name>.text:myCLA0_init</name>
         <load_address>0x83b2b</load_address>
         <run_address>0x83b2b</run_address>
         <size>0x15</size>
         <input_file_ref idref="fl-4"/>
      </object_component>
      <object_component id="oc-545">
         <name>.text:ADC_clearInterruptStatus</name>
         <load_address>0x83b40</load_address>
         <run_address>0x83b40</run_address>
         <size>0x14</size>
         <input_file_ref idref="fl-4"/>
      </object_component>
      <object_component id="oc-8f">
         <name>.text:ADC_clearInterruptStatus</name>
         <load_address>0x83b54</load_address>
         <run_address>0x83b54</run_address>
         <size>0x14</size>
         <input_file_ref idref="fl-3"/>
      </object_component>
      <object_component id="oc-3f3">
         <name>.text:CPU1_LED_init</name>
         <load_address>0x83b68</load_address>
         <run_address>0x83b68</run_address>
         <size>0x14</size>
         <input_file_ref idref="fl-4"/>
      </object_component>
      <object_component id="oc-3f9">
         <name>.text:CPU2_LED_init</name>
         <load_address>0x83b7c</load_address>
         <run_address>0x83b7c</run_address>
         <size>0x14</size>
         <input_file_ref idref="fl-4"/>
      </object_component>
      <object_component id="oc-42a">
         <name>.text:DCC_disableModule</name>
         <load_address>0x83b90</load_address>
         <run_address>0x83b90</run_address>
         <size>0x14</size>
         <input_file_ref idref="fl-11"/>
      </object_component>
      <object_component id="oc-495">
         <name>.text:DCC_disableModule</name>
         <load_address>0x83ba4</load_address>
         <run_address>0x83ba4</run_address>
         <size>0x14</size>
         <input_file_ref idref="fl-29"/>
      </object_component>
      <object_component id="oc-460">
         <name>.text:DCC_enableModule</name>
         <load_address>0x83bb8</load_address>
         <run_address>0x83bb8</run_address>
         <size>0x14</size>
         <input_file_ref idref="fl-11"/>
      </object_component>
      <object_component id="oc-4bf">
         <name>.text:DCC_enableModule</name>
         <load_address>0x83bcc</load_address>
         <run_address>0x83bcc</run_address>
         <size>0x14</size>
         <input_file_ref idref="fl-29"/>
      </object_component>
      <object_component id="oc-27e">
         <name>.text:EPWM_setTimeBaseCounterMode</name>
         <load_address>0x83be0</load_address>
         <run_address>0x83be0</run_address>
         <size>0x14</size>
         <input_file_ref idref="fl-3"/>
      </object_component>
      <object_component id="oc-272">
         <name>.text:EPWM_setTimeBasePeriod</name>
         <load_address>0x83bf4</load_address>
         <run_address>0x83bf4</run_address>
         <size>0x14</size>
         <input_file_ref idref="fl-3"/>
      </object_component>
      <object_component id="oc-2f0">
         <name>.text:IPC_waitForAck</name>
         <load_address>0x83c08</load_address>
         <run_address>0x83c08</run_address>
         <size>0x14</size>
         <input_file_ref idref="fl-3"/>
      </object_component>
      <object_component id="oc-521">
         <name>.text:ADC_enableConverter</name>
         <load_address>0x83c1c</load_address>
         <run_address>0x83c1c</run_address>
         <size>0x13</size>
         <input_file_ref idref="fl-4"/>
      </object_component>
      <object_component id="oc-389">
         <name>.text:Device_enableUnbondedGPIOPullupsFor176Pin</name>
         <load_address>0x83c2f</load_address>
         <run_address>0x83c2f</run_address>
         <size>0x13</size>
         <input_file_ref idref="fl-6"/>
      </object_component>
      <object_component id="oc-29c">
         <name>.text:EPWM_enableInterrupt</name>
         <load_address>0x83c42</load_address>
         <run_address>0x83c42</run_address>
         <size>0x13</size>
         <input_file_ref idref="fl-3"/>
      </object_component>
      <object_component id="oc-1c9">
         <name>.text:IPC_sync</name>
         <load_address>0x83c55</load_address>
         <run_address>0x83c55</run_address>
         <size>0x13</size>
         <input_file_ref idref="fl-3"/>
      </object_component>
      <object_component id="oc-284">
         <name>.text:EPWM_setTimeBaseCounter</name>
         <load_address>0x83c68</load_address>
         <run_address>0x83c68</run_address>
         <size>0x12</size>
         <input_file_ref idref="fl-3"/>
      </object_component>
      <object_component id="oc-2e4">
         <name>.text:IPC_waitForFlag</name>
         <load_address>0x83c7a</load_address>
         <run_address>0x83c7a</run_address>
         <size>0x12</size>
         <input_file_ref idref="fl-3"/>
      </object_component>
      <object_component id="oc-1ab">
         <name>.text:Board_init</name>
         <load_address>0x83c8c</load_address>
         <run_address>0x83c8c</run_address>
         <size>0x11</size>
         <input_file_ref idref="fl-4"/>
      </object_component>
      <object_component id="oc-258">
         <name>.text:Device_enableUnbondedGPIOPullups</name>
         <load_address>0x83c9d</load_address>
         <run_address>0x83c9d</run_address>
         <size>0x11</size>
         <input_file_ref idref="fl-6"/>
      </object_component>
      <object_component id="oc-219">
         <name>.text:SysCtl_setCMClk</name>
         <load_address>0x83cae</load_address>
         <run_address>0x83cae</run_address>
         <size>0x11</size>
         <input_file_ref idref="fl-6"/>
      </object_component>
      <object_component id="oc-30d">
         <name>.text:Flash_isCtrlBaseValid</name>
         <load_address>0x83cbf</load_address>
         <run_address>0x83cbf</run_address>
         <size>0x10</size>
         <input_file_ref idref="fl-1a"/>
      </object_component>
      <object_component id="oc-314">
         <name>.text:Flash_isECCBaseValid</name>
         <load_address>0x83ccf</load_address>
         <run_address>0x83ccf</run_address>
         <size>0x10</size>
         <input_file_ref idref="fl-1a"/>
      </object_component>
      <object_component id="oc-5a5">
         <name>.text:CLA_isBaseValid</name>
         <load_address>0x83cdf</load_address>
         <run_address>0x83cdf</run_address>
         <size>0xf</size>
         <input_file_ref idref="fl-4"/>
      </object_component>
      <object_component id="oc-2ea">
         <name>.text:IPC_ackFlagRtoL</name>
         <load_address>0x83cee</load_address>
         <run_address>0x83cee</run_address>
         <size>0xf</size>
         <input_file_ref idref="fl-3"/>
      </object_component>
      <object_component id="oc-23f">
         <name>.text:IPC_setFlagLtoR</name>
         <load_address>0x83cfd</load_address>
         <run_address>0x83cfd</run_address>
         <size>0xf</size>
         <input_file_ref idref="fl-6"/>
      </object_component>
      <object_component id="oc-2de">
         <name>.text:IPC_setFlagLtoR</name>
         <load_address>0x83d0c</load_address>
         <run_address>0x83d0c</run_address>
         <size>0xf</size>
         <input_file_ref idref="fl-3"/>
      </object_component>
      <object_component id="oc-9d">
         <name>.text:Interrupt_register</name>
         <load_address>0x83d1b</load_address>
         <run_address>0x83d1b</run_address>
         <size>0xf</size>
         <input_file_ref idref="fl-4"/>
      </object_component>
      <object_component id="oc-5d">
         <name>.text:Interrupt_unregister</name>
         <load_address>0x83d2a</load_address>
         <run_address>0x83d2a</run_address>
         <size>0xf</size>
         <input_file_ref idref="fl-21"/>
      </object_component>
      <object_component id="oc-366">
         <name>.text:SysCtl_setPLLSysClk</name>
         <load_address>0x83d39</load_address>
         <run_address>0x83d39</run_address>
         <size>0xf</size>
         <input_file_ref idref="fl-29"/>
      </object_component>
      <object_component id="oc-25f">
         <name>.text:GPIO_isPinValid</name>
         <load_address>0x83d48</load_address>
         <run_address>0x83d48</run_address>
         <size>0xe</size>
         <input_file_ref idref="fl-1c"/>
      </object_component>
      <object_component id="oc-2f8">
         <name>.text:GPIO_isPinValid</name>
         <load_address>0x83d56</load_address>
         <run_address>0x83d56</run_address>
         <size>0xe</size>
         <input_file_ref idref="fl-3"/>
      </object_component>
      <object_component id="oc-4b">
         <name>.text:INTERRUPT_init</name>
         <load_address>0x83d64</load_address>
         <run_address>0x83d64</run_address>
         <size>0xd</size>
         <input_file_ref idref="fl-4"/>
      </object_component>
      <object_component id="oc-de">
         <name>.text:Interrupt_disableGlobal</name>
         <load_address>0x83d71</load_address>
         <run_address>0x83d71</run_address>
         <size>0xd</size>
         <input_file_ref idref="fl-20"/>
      </object_component>
      <object_component id="oc-e4">
         <name>.text:Interrupt_enableGlobal</name>
         <load_address>0x83d7e</load_address>
         <run_address>0x83d7e</run_address>
         <size>0xd</size>
         <input_file_ref idref="fl-20"/>
      </object_component>
      <object_component id="oc-20d">
         <name>.text:SysCtl_setLowSpeedClock</name>
         <load_address>0x83d8b</load_address>
         <run_address>0x83d8b</run_address>
         <size>0xd</size>
         <input_file_ref idref="fl-6"/>
      </object_component>
      <object_component id="oc-7a">
         <name>.text:decompress:ZI:__TI_zero_init_nomemset</name>
         <load_address>0x83d98</load_address>
         <run_address>0x83d98</run_address>
         <size>0xd</size>
         <input_file_ref idref="fl-41"/>
      </object_component>
      <object_component id="oc-103">
         <name>.text</name>
         <load_address>0x83da5</load_address>
         <run_address>0x83da5</run_address>
         <size>0xc</size>
         <input_file_ref idref="fl-46"/>
      </object_component>
      <object_component id="oc-3e5">
         <name>.text:MemCfg_disableCorrErrorInterrupt</name>
         <load_address>0x83db1</load_address>
         <run_address>0x83db1</run_address>
         <size>0xb</size>
         <input_file_ref idref="fl-4"/>
      </object_component>
      <object_component id="oc-1f5">
         <name>.text:SysCtl_disableWatchdog</name>
         <load_address>0x83dbc</load_address>
         <run_address>0x83dbc</run_address>
         <size>0xb</size>
         <input_file_ref idref="fl-6"/>
      </object_component>
      <object_component id="oc-24b">
         <name>.text:SysCtl_isCPU2Reset</name>
         <load_address>0x83dc7</load_address>
         <run_address>0x83dc7</run_address>
         <size>0xb</size>
         <input_file_ref idref="fl-6"/>
      </object_component>
      <object_component id="oc-35a">
         <name>.text:SysCtl_isMCDClockFailureDetected</name>
         <load_address>0x83dd2</load_address>
         <run_address>0x83dd2</run_address>
         <size>0xb</size>
         <input_file_ref idref="fl-29"/>
      </object_component>
      <object_component id="oc-63">
         <name>.text:Interrupt_illegalOperationHandler</name>
         <load_address>0x83ddd</load_address>
         <run_address>0x83ddd</run_address>
         <size>0xa</size>
         <input_file_ref idref="fl-20"/>
      </object_component>
      <object_component id="oc-69">
         <name>.text:Interrupt_nmiHandler</name>
         <load_address>0x83de7</load_address>
         <run_address>0x83de7</run_address>
         <size>0xa</size>
         <input_file_ref idref="fl-20"/>
      </object_component>
      <object_component id="oc-2af">
         <name>.text:PinMux_init</name>
         <load_address>0x83df1</load_address>
         <run_address>0x83df1</run_address>
         <size>0xa</size>
         <input_file_ref idref="fl-4"/>
      </object_component>
      <object_component id="oc-3d3">
         <name>.text:MemCfg_disableROMPrefetch</name>
         <load_address>0x83dfb</load_address>
         <run_address>0x83dfb</run_address>
         <size>0x9</size>
         <input_file_ref idref="fl-4"/>
      </object_component>
      <object_component id="oc-3cd">
         <name>.text:MemCfg_enableROMWaitState</name>
         <load_address>0x83e04</load_address>
         <run_address>0x83e04</run_address>
         <size>0x9</size>
         <input_file_ref idref="fl-4"/>
      </object_component>
      <object_component id="oc-3df">
         <name>.text:MemCfg_setCorrErrorThreshold</name>
         <load_address>0x83e0d</load_address>
         <run_address>0x83e0d</run_address>
         <size>0x9</size>
         <input_file_ref idref="fl-4"/>
      </object_component>
      <object_component id="oc-1e2">
         <name>.text</name>
         <load_address>0x83e16</load_address>
         <run_address>0x83e16</run_address>
         <size>0x9</size>
         <input_file_ref idref="fl-45"/>
      </object_component>
      <object_component id="oc-2b">
         <name>.text:decompress:none</name>
         <load_address>0x83e1f</load_address>
         <run_address>0x83e1f</run_address>
         <size>0x8</size>
         <input_file_ref idref="fl-42"/>
      </object_component>
      <object_component id="oc-86">
         <name>.text</name>
         <load_address>0x83e27</load_address>
         <run_address>0x83e27</run_address>
         <size>0x8</size>
         <input_file_ref idref="fl-7"/>
      </object_component>
      <object_component id="oc-578">
         <name>.text:SysCtl_resetMCD</name>
         <load_address>0x83e2f</load_address>
         <run_address>0x83e2f</run_address>
         <size>0x7</size>
         <input_file_ref idref="fl-29"/>
      </object_component>
      <object_component id="oc-d2">
         <name>.text:__error__</name>
         <load_address>0x83e36</load_address>
         <run_address>0x83e36</run_address>
         <size>0x7</size>
         <input_file_ref idref="fl-6"/>
      </object_component>
      <object_component id="oc-95">
         <name>.text:Interrupt_clearACKGroup</name>
         <load_address>0x83e3d</load_address>
         <run_address>0x83e3d</run_address>
         <size>0x6</size>
         <input_file_ref idref="fl-3"/>
      </object_component>
      <object_component id="oc-2c7">
         <name>.text:GPIO_init</name>
         <load_address>0x83e43</load_address>
         <run_address>0x83e43</run_address>
         <size>0x5</size>
         <input_file_ref idref="fl-4"/>
      </object_component>
      <object_component id="oc-2c1">
         <name>.text:ADC_init</name>
         <load_address>0x83e48</load_address>
         <run_address>0x83e48</run_address>
         <size>0x3</size>
         <input_file_ref idref="fl-4"/>
      </object_component>
      <object_component id="oc-fc">
         <name>.text</name>
         <load_address>0x83e4b</load_address>
         <run_address>0x83e4b</run_address>
         <size>0x2</size>
         <input_file_ref idref="fl-3f"/>
      </object_component>
      <object_component id="oc-2cd">
         <name>.text:IPC_SYSCFG_init</name>
         <load_address>0x83e4d</load_address>
         <run_address>0x83e4d</run_address>
         <size>0x1</size>
         <input_file_ref idref="fl-4"/>
      </object_component>
      <object_component id="oc-160">
         <name>.text</name>
         <load_address>0x83e4e</load_address>
         <run_address>0x83e4e</run_address>
         <size>0x1</size>
         <input_file_ref idref="fl-49"/>
      </object_component>
      <object_component id="oc-62e">
         <name>.cinit..data.load</name>
         <load_address>0x83e50</load_address>
         <run_address>0x83e50</run_address>
         <size>0xa</size>
      </object_component>
      <object_component id="oc-62c">
         <name>__TI_handler_table</name>
         <load_address>0x83e5a</load_address>
         <run_address>0x83e5a</run_address>
         <size>0x6</size>
      </object_component>
      <object_component id="oc-630">
         <name>.cinit..bss_cla.load</name>
         <load_address>0x83e60</load_address>
         <run_address>0x83e60</run_address>
         <size>0x4</size>
      </object_component>
      <object_component id="oc-62f">
         <name>.cinit..scratchpad.load</name>
         <load_address>0x83e64</load_address>
         <run_address>0x83e64</run_address>
         <size>0x4</size>
      </object_component>
      <object_component id="oc-62d">
         <name>__TI_cinit_table</name>
         <load_address>0x83e68</load_address>
         <run_address>0x83e68</run_address>
         <size>0xc</size>
      </object_component>
      <object_component id="oc-6f">
         <name>.stack</name>
         <uninitialized>true</uninitialized>
         <run_address>0x400</run_address>
         <size>0x0</size>
         <input_file_ref idref="fl-3d"/>
      </object_component>
      <object_component id="oc-631">
         <name>.stack</name>
         <uninitialized>true</uninitialized>
         <run_address>0x400</run_address>
         <size>0x0</size>
      </object_component>
      <object_component id="oc-8c">
         <name>.data</name>
         <load_address>0xa00a</load_address>
         <run_address>0xa00a</run_address>
         <size>0x2</size>
         <input_file_ref idref="fl-3"/>
      </object_component>
      <object_component id="oc-152">
         <name>.data</name>
         <load_address>0xa000</load_address>
         <run_address>0xa000</run_address>
         <size>0x6</size>
         <input_file_ref idref="fl-44"/>
      </object_component>
      <object_component id="oc-155">
         <name>.data:_lock</name>
         <load_address>0xa006</load_address>
         <run_address>0xa006</run_address>
         <size>0x2</size>
         <input_file_ref idref="fl-45"/>
      </object_component>
      <object_component id="oc-2ff">
         <name>.data:_unlock</name>
         <load_address>0xa008</load_address>
         <run_address>0xa008</run_address>
         <size>0x2</size>
         <input_file_ref idref="fl-45"/>
      </object_component>
      <object_component id="oc-507">
         <name>.const:.string</name>
         <load_address>0x90000</load_address>
         <run_address>0x90000</run_address>
         <size>0xf8</size>
         <input_file_ref idref="fl-4"/>
      </object_component>
      <object_component id="oc-d1">
         <name>.const:.string</name>
         <load_address>0x900f8</load_address>
         <run_address>0x900f8</run_address>
         <size>0xf6</size>
         <input_file_ref idref="fl-3"/>
      </object_component>
      <object_component id="oc-381">
         <name>.const:IPC_Instance</name>
         <load_address>0x901ee</load_address>
         <run_address>0x901ee</run_address>
         <size>0x88</size>
         <input_file_ref idref="fl-21"/>
      </object_component>
      <object_component id="oc-225">
         <name>.const:.string</name>
         <load_address>0x90276</load_address>
         <run_address>0x90276</run_address>
         <size>0x65</size>
         <input_file_ref idref="fl-6"/>
      </object_component>
      <object_component id="oc-313">
         <name>.const:.string</name>
         <load_address>0x902dc</load_address>
         <run_address>0x902dc</run_address>
         <size>0x38</size>
         <input_file_ref idref="fl-1a"/>
      </object_component>
      <object_component id="oc-3a4">
         <name>.const:.string</name>
         <load_address>0x90314</load_address>
         <run_address>0x90314</run_address>
         <size>0x37</size>
         <input_file_ref idref="fl-16"/>
      </object_component>
      <object_component id="oc-265">
         <name>.const:.string</name>
         <load_address>0x9034c</load_address>
         <run_address>0x9034c</run_address>
         <size>0x37</size>
         <input_file_ref idref="fl-1c"/>
      </object_component>
      <object_component id="oc-359">
         <name>.const:.string</name>
         <load_address>0x90384</load_address>
         <run_address>0x90384</run_address>
         <size>0x37</size>
         <input_file_ref idref="fl-29"/>
      </object_component>
      <object_component id="oc-41d">
         <name>.const:.string</name>
         <load_address>0x903bc</load_address>
         <run_address>0x903bc</run_address>
         <size>0x34</size>
         <input_file_ref idref="fl-11"/>
      </object_component>
      <object_component id="oc-502">
         <name>.const:.string</name>
         <load_address>0x903f0</load_address>
         <run_address>0x903f0</run_address>
         <size>0x1d</size>
         <input_file_ref idref="fl-24"/>
      </object_component>
      <object_component id="oc-5c0">
         <name>.const:.string</name>
         <load_address>0x9040e</load_address>
         <run_address>0x9040e</run_address>
         <size>0x1a</size>
         <input_file_ref idref="fl-8"/>
      </object_component>
      <object_component id="oc-4d0">
         <name>MSGRAM_CPU1_TO_CPU2</name>
         <uninitialized>true</uninitialized>
         <run_address>0x3a000</run_address>
         <size>0x88</size>
         <input_file_ref idref="fl-21"/>
      </object_component>
      <object_component id="oc-4d3">
         <name>MSGRAM_CPU2_TO_CPU1</name>
         <uninitialized>true</uninitialized>
         <run_address>0x3b000</run_address>
         <size>0x88</size>
         <input_file_ref idref="fl-21"/>
      </object_component>
      <object_component id="oc-4d6">
         <name>MSGRAM_CPU_TO_CM</name>
         <uninitialized>true</uninitialized>
         <run_address>0x39000</run_address>
         <size>0x88</size>
         <input_file_ref idref="fl-21"/>
      </object_component>
      <object_component id="oc-4d9">
         <name>MSGRAM_CM_TO_CPU</name>
         <uninitialized>true</uninitialized>
         <run_address>0x38000</run_address>
         <size>0x88</size>
         <input_file_ref idref="fl-21"/>
      </object_component>
      <object_component id="oc-5e0">
         <name>Cla1Prog:EPWM_isBaseValid</name>
         <load_address>0x88000</load_address>
         <run_address>0xa800</run_address>
         <size>0x168</size>
         <input_file_ref idref="fl-2"/>
      </object_component>
      <object_component id="oc-59d">
         <name>Cla1Prog:EPWM_setCounterCompareValue</name>
         <load_address>0x88168</load_address>
         <run_address>0xa968</run_address>
         <size>0xa0</size>
         <input_file_ref idref="fl-2"/>
      </object_component>
      <object_component id="oc-4e3">
         <name>Cla1Prog:Cla1Task1</name>
         <load_address>0x88208</load_address>
         <run_address>0xaa08</run_address>
         <size>0x46</size>
         <input_file_ref idref="fl-2"/>
      </object_component>
      <object_component id="oc-5f5">
         <name>.scratchpad:Cla1Prog:EPWM_isBaseValid</name>
         <uninitialized>true</uninitialized>
         <run_address>0x890a</run_address>
         <size>0x4</size>
         <input_file_ref idref="fl-2"/>
      </object_component>
      <object_component id="oc-5df">
         <name>.scratchpad:Cla1Prog:EPWM_setCounterCompareValue</name>
         <uninitialized>true</uninitialized>
         <run_address>0x8900</run_address>
         <size>0xa</size>
         <input_file_ref idref="fl-2"/>
      </object_component>
      <object_component id="oc-59a">
         <name>.bss_cla</name>
         <uninitialized>true</uninitialized>
         <run_address>0x890e</run_address>
         <size>0x2</size>
         <input_file_ref idref="fl-2"/>
      </object_component>
      <object_component id="oc-1fb">
         <name>.TI.ramfunc:Flash_initModule</name>
         <load_address>0x86000</load_address>
         <run_address>0xc000</run_address>
         <size>0x3f</size>
         <input_file_ref idref="fl-1a"/>
      </object_component>
      <object_component id="oc-31a">
         <name>.TI.ramfunc:Flash_setBankPowerMode</name>
         <load_address>0x8603f</load_address>
         <run_address>0xc03f</run_address>
         <size>0x2c</size>
         <input_file_ref idref="fl-1a"/>
      </object_component>
      <object_component id="oc-332">
         <name>.TI.ramfunc:Flash_setWaitstates</name>
         <load_address>0x8606b</load_address>
         <run_address>0xc06b</run_address>
         <size>0x24</size>
         <input_file_ref idref="fl-1a"/>
      </object_component>
      <object_component id="oc-320">
         <name>.TI.ramfunc:Flash_setPumpPowerMode</name>
         <load_address>0x8608f</load_address>
         <run_address>0xc08f</run_address>
         <size>0x1d</size>
         <input_file_ref idref="fl-1a"/>
      </object_component>
      <object_component id="oc-326">
         <name>.TI.ramfunc:Flash_disableCache</name>
         <load_address>0x860ac</load_address>
         <run_address>0xc0ac</run_address>
         <size>0x18</size>
         <input_file_ref idref="fl-1a"/>
      </object_component>
      <object_component id="oc-32c">
         <name>.TI.ramfunc:Flash_disablePrefetch</name>
         <load_address>0x860c4</load_address>
         <run_address>0xc0c4</run_address>
         <size>0x18</size>
         <input_file_ref idref="fl-1a"/>
      </object_component>
      <object_component id="oc-338">
         <name>.TI.ramfunc:Flash_enableCache</name>
         <load_address>0x860dc</load_address>
         <run_address>0xc0dc</run_address>
         <size>0x17</size>
         <input_file_ref idref="fl-1a"/>
      </object_component>
      <object_component id="oc-33e">
         <name>.TI.ramfunc:Flash_enablePrefetch</name>
         <load_address>0x860f3</load_address>
         <run_address>0xc0f3</run_address>
         <size>0x17</size>
         <input_file_ref idref="fl-1a"/>
      </object_component>
      <object_component id="oc-344">
         <name>.TI.ramfunc:Flash_enableECC</name>
         <load_address>0x8610a</load_address>
         <run_address>0xc10a</run_address>
         <size>0x16</size>
         <input_file_ref idref="fl-1a"/>
      </object_component>
      <object_component id="oc-1db">
         <name>.TI.ramfunc</name>
         <load_address>0x86120</load_address>
         <run_address>0xc120</run_address>
         <size>0x4</size>
         <input_file_ref idref="fl-29"/>
      </object_component>
      <object_component id="oc-5a4">
         <name>.debug_types</name>
         <load_address>0x0</load_address>
         <run_address>0x0</run_address>
         <size>0x50d</size>
         <input_file_ref idref="fl-2"/>
      </object_component>
      <object_component id="oc-9c">
         <name>.debug_types</name>
         <load_address>0x50d</load_address>
         <run_address>0x50d</run_address>
         <size>0x2804</size>
         <input_file_ref idref="fl-3"/>
      </object_component>
      <object_component id="oc-aa">
         <name>.debug_types</name>
         <load_address>0x2d11</load_address>
         <run_address>0x2d11</run_address>
         <size>0x2190</size>
         <input_file_ref idref="fl-4"/>
      </object_component>
      <object_component id="oc-112">
         <name>.debug_types</name>
         <load_address>0x4ea1</load_address>
         <run_address>0x4ea1</run_address>
         <size>0x832</size>
         <input_file_ref idref="fl-6"/>
      </object_component>
      <object_component id="oc-5ce">
         <name>.debug_types</name>
         <load_address>0x56d3</load_address>
         <run_address>0x56d3</run_address>
         <size>0x157</size>
         <input_file_ref idref="fl-8"/>
      </object_component>
      <object_component id="oc-5ad">
         <name>.debug_types</name>
         <load_address>0x0</load_address>
         <run_address>0x0</run_address>
         <size>0x0</size>
         <input_file_ref idref="fl-c"/>
      </object_component>
      <object_component id="oc-473">
         <name>.debug_types</name>
         <load_address>0x582a</load_address>
         <run_address>0x582a</run_address>
         <size>0xa2</size>
         <input_file_ref idref="fl-11"/>
      </object_component>
      <object_component id="oc-3a6">
         <name>.debug_types</name>
         <load_address>0x58cc</load_address>
         <run_address>0x58cc</run_address>
         <size>0x25f</size>
         <input_file_ref idref="fl-16"/>
      </object_component>
      <object_component id="oc-34b">
         <name>.debug_types</name>
         <load_address>0x5b2b</load_address>
         <run_address>0x5b2b</run_address>
         <size>0x1d7</size>
         <input_file_ref idref="fl-1a"/>
      </object_component>
      <object_component id="oc-267">
         <name>.debug_types</name>
         <load_address>0x5d02</load_address>
         <run_address>0x5d02</run_address>
         <size>0x2fa</size>
         <input_file_ref idref="fl-1c"/>
      </object_component>
      <object_component id="oc-ac">
         <name>.debug_types</name>
         <load_address>0x0</load_address>
         <run_address>0x0</run_address>
         <size>0x0</size>
         <input_file_ref idref="fl-20"/>
      </object_component>
      <object_component id="oc-af">
         <name>.debug_types</name>
         <load_address>0x5ffc</load_address>
         <run_address>0x5ffc</run_address>
         <size>0x1e3</size>
         <input_file_ref idref="fl-21"/>
      </object_component>
      <object_component id="oc-504">
         <name>.debug_types</name>
         <load_address>0x61df</load_address>
         <run_address>0x61df</run_address>
         <size>0xfb</size>
         <input_file_ref idref="fl-24"/>
      </object_component>
      <object_component id="oc-373">
         <name>.debug_types</name>
         <load_address>0x62da</load_address>
         <run_address>0x62da</run_address>
         <size>0x8b4</size>
         <input_file_ref idref="fl-29"/>
      </object_component>
      <object_component id="oc-b6">
         <name>.debug_types</name>
         <load_address>0x6b8e</load_address>
         <run_address>0x6b8e</run_address>
         <size>0x142</size>
         <input_file_ref idref="fl-3e"/>
      </object_component>
      <object_component id="oc-119">
         <name>.debug_types</name>
         <load_address>0x0</load_address>
         <run_address>0x0</run_address>
         <size>0x0</size>
         <input_file_ref idref="fl-3f"/>
      </object_component>
      <object_component id="oc-167">
         <name>.debug_types</name>
         <load_address>0x6cd0</load_address>
         <run_address>0x6cd0</run_address>
         <size>0x470</size>
         <input_file_ref idref="fl-40"/>
      </object_component>
      <object_component id="oc-bb">
         <name>.debug_types</name>
         <load_address>0x7140</load_address>
         <run_address>0x7140</run_address>
         <size>0x194</size>
         <input_file_ref idref="fl-41"/>
      </object_component>
      <object_component id="oc-79">
         <name>.debug_types</name>
         <load_address>0x0</load_address>
         <run_address>0x0</run_address>
         <size>0x0</size>
         <input_file_ref idref="fl-42"/>
      </object_component>
      <object_component id="oc-71">
         <name>.debug_types</name>
         <load_address>0x72d4</load_address>
         <run_address>0x72d4</run_address>
         <size>0x191</size>
         <input_file_ref idref="fl-43"/>
      </object_component>
      <object_component id="oc-159">
         <name>.debug_types</name>
         <load_address>0x7465</load_address>
         <run_address>0x7465</run_address>
         <size>0xbf</size>
         <input_file_ref idref="fl-44"/>
      </object_component>
      <object_component id="oc-1ea">
         <name>.debug_types</name>
         <load_address>0x7524</load_address>
         <run_address>0x7524</run_address>
         <size>0x2f</size>
         <input_file_ref idref="fl-45"/>
      </object_component>
      <object_component id="oc-151">
         <name>.debug_types</name>
         <load_address>0x7553</load_address>
         <run_address>0x7553</run_address>
         <size>0xe1</size>
         <input_file_ref idref="fl-46"/>
      </object_component>
      <object_component id="oc-1ef">
         <name>.debug_types</name>
         <load_address>0x0</load_address>
         <run_address>0x0</run_address>
         <size>0x0</size>
         <input_file_ref idref="fl-49"/>
      </object_component>
      <object_component id="oc-59b">
         <name>.debug_info</name>
         <load_address>0x0</load_address>
         <run_address>0x0</run_address>
         <size>0x10d</size>
         <input_file_ref idref="fl-2"/>
      </object_component>
      <object_component id="oc-5e1">
         <name>.debug_info</name>
         <load_address>0x10d</load_address>
         <run_address>0x10d</run_address>
         <size>0x1b4</size>
         <input_file_ref idref="fl-2"/>
      </object_component>
      <object_component id="oc-59e">
         <name>.debug_info</name>
         <load_address>0x2c1</load_address>
         <run_address>0x2c1</run_address>
         <size>0x254</size>
         <input_file_ref idref="fl-2"/>
      </object_component>
      <object_component id="oc-4e6">
         <name>.debug_info</name>
         <load_address>0x515</load_address>
         <run_address>0x515</run_address>
         <size>0x166</size>
         <input_file_ref idref="fl-2"/>
      </object_component>
      <object_component id="oc-8d">
         <name>.debug_info</name>
         <load_address>0x67b</load_address>
         <run_address>0x67b</run_address>
         <size>0x104</size>
         <input_file_ref idref="fl-3"/>
      </object_component>
      <object_component id="oc-cc">
         <name>.debug_info</name>
         <load_address>0x77f</load_address>
         <run_address>0x77f</run_address>
         <size>0x199</size>
         <input_file_ref idref="fl-3"/>
      </object_component>
      <object_component id="oc-91">
         <name>.debug_info</name>
         <load_address>0x918</load_address>
         <run_address>0x918</run_address>
         <size>0x1f2</size>
         <input_file_ref idref="fl-3"/>
      </object_component>
      <object_component id="oc-97">
         <name>.debug_info</name>
         <load_address>0xb0a</load_address>
         <run_address>0xb0a</run_address>
         <size>0x1a9</size>
         <input_file_ref idref="fl-3"/>
      </object_component>
      <object_component id="oc-1d0">
         <name>.debug_info</name>
         <load_address>0xcb3</load_address>
         <run_address>0xcb3</run_address>
         <size>0x1da</size>
         <input_file_ref idref="fl-3"/>
      </object_component>
      <object_component id="oc-1a1">
         <name>.debug_info</name>
         <load_address>0xe8d</load_address>
         <run_address>0xe8d</run_address>
         <size>0x1dc</size>
         <input_file_ref idref="fl-3"/>
      </object_component>
      <object_component id="oc-2d5">
         <name>.debug_info</name>
         <load_address>0x1069</load_address>
         <run_address>0x1069</run_address>
         <size>0x19c</size>
         <input_file_ref idref="fl-3"/>
      </object_component>
      <object_component id="oc-286">
         <name>.debug_info</name>
         <load_address>0x1205</load_address>
         <run_address>0x1205</run_address>
         <size>0x1ea</size>
         <input_file_ref idref="fl-3"/>
      </object_component>
      <object_component id="oc-26d">
         <name>.debug_info</name>
         <load_address>0x13ef</load_address>
         <run_address>0x13ef</run_address>
         <size>0x22d</size>
         <input_file_ref idref="fl-3"/>
      </object_component>
      <object_component id="oc-27f">
         <name>.debug_info</name>
         <load_address>0x161c</load_address>
         <run_address>0x161c</run_address>
         <size>0x1fe</size>
         <input_file_ref idref="fl-3"/>
      </object_component>
      <object_component id="oc-273">
         <name>.debug_info</name>
         <load_address>0x181a</load_address>
         <run_address>0x181a</run_address>
         <size>0x1f4</size>
         <input_file_ref idref="fl-3"/>
      </object_component>
      <object_component id="oc-291">
         <name>.debug_info</name>
         <load_address>0x1a0e</load_address>
         <run_address>0x1a0e</run_address>
         <size>0x2a5</size>
         <input_file_ref idref="fl-3"/>
      </object_component>
      <object_component id="oc-279">
         <name>.debug_info</name>
         <load_address>0x1cb3</load_address>
         <run_address>0x1cb3</run_address>
         <size>0x242</size>
         <input_file_ref idref="fl-3"/>
      </object_component>
      <object_component id="oc-28b">
         <name>.debug_info</name>
         <load_address>0x1ef5</load_address>
         <run_address>0x1ef5</run_address>
         <size>0x26e</size>
         <input_file_ref idref="fl-3"/>
      </object_component>
      <object_component id="oc-29d">
         <name>.debug_info</name>
         <load_address>0x2163</load_address>
         <run_address>0x2163</run_address>
         <size>0x1c1</size>
         <input_file_ref idref="fl-3"/>
      </object_component>
      <object_component id="oc-297">
         <name>.debug_info</name>
         <load_address>0x2324</load_address>
         <run_address>0x2324</run_address>
         <size>0x223</size>
         <input_file_ref idref="fl-3"/>
      </object_component>
      <object_component id="oc-2a3">
         <name>.debug_info</name>
         <load_address>0x2547</load_address>
         <run_address>0x2547</run_address>
         <size>0x20b</size>
         <input_file_ref idref="fl-3"/>
      </object_component>
      <object_component id="oc-1c4">
         <name>.debug_info</name>
         <load_address>0x2752</load_address>
         <run_address>0x2752</run_address>
         <size>0x1f0</size>
         <input_file_ref idref="fl-3"/>
      </object_component>
      <object_component id="oc-1b2">
         <name>.debug_info</name>
         <load_address>0x2942</load_address>
         <run_address>0x2942</run_address>
         <size>0x1f2</size>
         <input_file_ref idref="fl-3"/>
      </object_component>
      <object_component id="oc-1b8">
         <name>.debug_info</name>
         <load_address>0x2b34</load_address>
         <run_address>0x2b34</run_address>
         <size>0x234</size>
         <input_file_ref idref="fl-3"/>
      </object_component>
      <object_component id="oc-1be">
         <name>.debug_info</name>
         <load_address>0x2d68</load_address>
         <run_address>0x2d68</run_address>
         <size>0x246</size>
         <input_file_ref idref="fl-3"/>
      </object_component>
      <object_component id="oc-2df">
         <name>.debug_info</name>
         <load_address>0x2fae</load_address>
         <run_address>0x2fae</run_address>
         <size>0x1ba</size>
         <input_file_ref idref="fl-3"/>
      </object_component>
      <object_component id="oc-2eb">
         <name>.debug_info</name>
         <load_address>0x3168</load_address>
         <run_address>0x3168</run_address>
         <size>0x1ba</size>
         <input_file_ref idref="fl-3"/>
      </object_component>
      <object_component id="oc-2e5">
         <name>.debug_info</name>
         <load_address>0x3322</load_address>
         <run_address>0x3322</run_address>
         <size>0x1b8</size>
         <input_file_ref idref="fl-3"/>
      </object_component>
      <object_component id="oc-2f1">
         <name>.debug_info</name>
[...]
         <page_id>0x0</page_id>
         <origin>0xba000</origin>
         <length>0x2000</length>
         <used_space>0x0</used_space>
         <unused_space>0x2000</unused_space>
         <attributes>RWIX</attributes>
         <usage_details>
         </usage_details>
      </memory_area>
      <memory_area display="yes" color="green">
         <name>FLASH12</name>
         <page_id>0x0</page_id>
         <origin>0xbc000</origin>
         <length>0x2000</length>
         <used_space>0x0</used_space>
         <unused_space>0x2000</unused_space>
         <attributes>RWIX</attributes>
         <usage_details>
         </usage_details>
      </memory_area>
      <memory_area display="yes" color="green">
         <name>FLASH13</name>
         <page_id>0x0</page_id>
         <origin>0xbe000</origin>
         <length>0x1ff0</length>
         <used_space>0x0</used_space>
         <unused_space>0x1ff0</unused_space>
         <attributes>RWIX</attributes>
         <usage_details>
         </usage_details>
      </memory_area>
      <memory_area display="no" color="green">
         <name>RESET</name>
         <page_id>0x0</page_id>
         <origin>0x3fffc0</origin>
         <length>0x2</length>
         <used_space>0x0</used_space>
         <unused_space>0x2</unused_space>
         <attributes>RWIX</attributes>
         <usage_details>
         </usage_details>
      </memory_area>
   </placement_map>
   <cptbl_list>
      <cptbl>
         <name>__TI_cinit_table</name>
         <cprec>
            <name>.data</name>
            <load_address>0x83e50</load_address>
            <load_size>0xa</load_size>
            <run_address>0xa000</run_address>
            <run_size>0xc</run_size>
            <compression>lzss</compression>
         </cprec>
         <cprec>
            <name>.bss_cla</name>
            <load_address>0x83e60</load_address>
            <load_size>0x4</load_size>
            <run_address>0x890e</run_address>
            <run_size>0x2</run_size>
            <compression>zero_init</compression>
         </cprec>
         <cprec>
            <name>.scratchpad</name>
            <load_address>0x83e64</load_address>
            <load_size>0x4</load_size>
            <run_address>0x8900</run_address>
            <run_size>0xe</run_size>
            <compression>zero_init</compression>
         </cprec>
      </cptbl>
   </cptbl_list>
   <handler_table>
      <handler_table_name>__TI_handler_table</handler_table_name>
      <handler>
         <index>0x0</index>
         <name>__TI_decompress_lzss</name>
      </handler>
      <handler>
         <index>0x1</index>
         <name>__TI_decompress_none</name>
      </handler>
      <handler>
         <index>0x2</index>
         <name>__TI_zero_init</name>
      </handler>
   </handler_table>
   <symbol_table>
      <symbol id="sm-1">
         <name>CLA_SCRATCHPAD_SIZE</name>
         <value>0x100</value>
      </symbol>
      <symbol id="sm-2">
         <name>Cla1funcsLoadStart</name>
         <value>0x88000</value>
      </symbol>
      <symbol id="sm-3">
         <name>Cla1funcsLoadEnd</name>
         <value>0x8824e</value>
      </symbol>
      <symbol id="sm-4">
         <name>Cla1funcsRunStart</name>
         <value>0xa800</value>
      </symbol>
      <symbol id="sm-5">
         <name>Cla1funcsLoadSize</name>
         <value>0x24e</value>
      </symbol>
      <symbol id="sm-6">
         <name>Cla1ConstRunStart</name>
         <value>0x8800</value>
      </symbol>
      <symbol id="sm-7">
         <name>Cla1ConstLoadStart</name>
         <value>0x8800</value>
      </symbol>
      <symbol id="sm-8">
         <name>Cla1ConstLoadSize</name>
         <value>0x0</value>
      </symbol>
      <symbol id="sm-9">
         <name>RamfuncsLoadStart</name>
         <value>0x86000</value>
      </symbol>
      <symbol id="sm-a">
         <name>RamfuncsLoadSize</name>
         <value>0x124</value>
      </symbol>
      <symbol id="sm-b">
         <name>RamfuncsLoadEnd</name>
         <value>0x86124</value>
      </symbol>
      <symbol id="sm-c">
         <name>RamfuncsRunStart</name>
         <value>0xc000</value>
      </symbol>
      <symbol id="sm-d">
         <name>RamfuncsRunSize</name>
         <value>0x124</value>
      </symbol>
      <symbol id="sm-e">
         <name>RamfuncsRunEnd</name>
         <value>0xc124</value>
      </symbol>
      <symbol id="sm-f">
         <name>__TI_CINIT_Base</name>
         <value>0x83e68</value>
      </symbol>
      <symbol id="sm-10">
         <name>__TI_CINIT_Limit</name>
         <value>0x83e74</value>
      </symbol>
      <symbol id="sm-11">
         <name>__TI_CINIT_Warm</name>
         <value>0x83e74</value>
      </symbol>
      <symbol id="sm-12">
         <name>__TI_Handler_Table_Base</name>
         <value>0x83e5a</value>
      </symbol>
      <symbol id="sm-13">
         <name>__TI_Handler_Table_Limit</name>
         <value>0x83e60</value>
      </symbol>
      <symbol id="sm-14">
         <name>__TI_STACK_SIZE</name>
         <value>0x3f8</value>
      </symbol>
      <symbol id="sm-15">
         <name>__TI_STACK_END</name>
         <value>0x7f8</value>
      </symbol>
      <symbol id="sm-16">
         <name>__TI_pprof_out_hndl</name>
         <value>0xffffffff</value>
      </symbol>
      <symbol id="sm-17">
         <name>__TI_prof_data_start</name>
         <value>0xffffffff</value>
      </symbol>
      <symbol id="sm-18">
         <name>__TI_prof_data_size</name>
         <value>0xffffffff</value>
      </symbol>
      <symbol id="sm-71">
         <name>duty</name>
         <value>0x890e</value>
         <object_component_ref idref="oc-59a"/>
      </symbol>
      <symbol id="sm-72">
         <name>Cla1Task1</name>
         <value>0xaa08</value>
         <object_component_ref idref="oc-4e3"/>
      </symbol>
      <symbol id="sm-1ab">
         <name>INT_CPU1_ADCA_1_ISR</name>
         <value>0x83071</value>
         <object_component_ref idref="oc-45"/>
      </symbol>
      <symbol id="sm-1ac">
         <name>main</name>
         <value>0x82e1f</value>
         <object_component_ref idref="oc-14a"/>
      </symbol>
      <symbol id="sm-1ad">
         <name>initEPWM</name>
         <value>0x82c62</value>
         <object_component_ref idref="oc-1a5"/>
      </symbol>
      <symbol id="sm-1ae">
         <name>u32C28cnts</name>
         <value>0xa00a</value>
         <object_component_ref idref="oc-8c"/>
      </symbol>
      <symbol id="sm-2d6">
         <name>IPC_SYSCFG_init</name>
         <value>0x83e4d</value>
         <object_component_ref idref="oc-2cd"/>
      </symbol>
      <symbol id="sm-2d7">
         <name>INTERRUPT_init</name>
         <value>0x83d64</value>
         <object_component_ref idref="oc-4b"/>
      </symbol>
      <symbol id="sm-2d8">
         <name>PinMux_init</name>
         <value>0x83df1</value>
         <object_component_ref idref="oc-2af"/>
      </symbol>
      <symbol id="sm-2d9">
         <name>Board_init</name>
         <value>0x83c8c</value>
         <object_component_ref idref="oc-1ab"/>
      </symbol>
      <symbol id="sm-2da">
         <name>MEMCFG_init</name>
         <value>0x82000</value>
         <object_component_ref idref="oc-2bb"/>
      </symbol>
      <symbol id="sm-2db">
         <name>CPU2_LED_init</name>
         <value>0x83b7c</value>
         <object_component_ref idref="oc-3f9"/>
      </symbol>
      <symbol id="sm-2dc">
         <name>GPIO_init</name>
         <value>0x83e43</value>
         <object_component_ref idref="oc-2c7"/>
      </symbol>
      <symbol id="sm-2dd">
         <name>ADC_init</name>
         <value>0x83e48</value>
         <object_component_ref idref="oc-2c1"/>
      </symbol>
      <symbol id="sm-2de">
         <name>CPU1_LED_init</name>
         <value>0x83b68</value>
         <object_component_ref idref="oc-3f3"/>
      </symbol>
      <symbol id="sm-2df">
         <name>CPU1_ADCA_init</name>
         <value>0x83103</value>
         <object_component_ref idref="oc-3ec"/>
      </symbol>
      <symbol id="sm-2e0">
         <name>CLA_init</name>
         <value>0x83921</value>
         <object_component_ref idref="oc-2b5"/>
      </symbol>
      <symbol id="sm-2e1">
         <name>myCLA0_init</name>
         <value>0x83b2b</value>
         <object_component_ref idref="oc-3a8"/>
      </symbol>
      <symbol id="sm-36d">
         <name>Device_enableAllPeripherals</name>
         <value>0x8219d</value>
         <object_component_ref idref="oc-232"/>
      </symbol>
      <symbol id="sm-36e">
         <name>Device_verifyXTAL</name>
         <value>0x83751</value>
         <object_component_ref idref="oc-201"/>
      </symbol>
      <symbol id="sm-36f">
         <name>Device_initGPIO</name>
         <value>0x83677</value>
         <object_component_ref idref="oc-181"/>
      </symbol>
      <symbol id="sm-370">
         <name>Device_bootCPU2</name>
         <value>0x83a17</value>
         <object_component_ref idref="oc-17b"/>
      </symbol>
      <symbol id="sm-371">
         <name>Device_init</name>
         <value>0x82cd5</value>
         <object_component_ref idref="oc-175"/>
      </symbol>
      <symbol id="sm-372">
         <name>Device_enableUnbondedGPIOPullups</name>
         <value>0x83c9d</value>
         <object_component_ref idref="oc-258"/>
      </symbol>
      <symbol id="sm-373">
         <name>__error__</name>
         <value>0x83e36</value>
         <object_component_ref idref="oc-d2"/>
      </symbol>
      <symbol id="sm-374">
         <name>Device_enableUnbondedGPIOPullupsFor176Pin</name>
         <value>0x83c2f</value>
         <object_component_ref idref="oc-389"/>
      </symbol>
      <symbol id="sm-383">
         <name>code_start</name>
         <value>0x80000</value>
         <object_component_ref idref="oc-32"/>
      </symbol>
      <symbol id="sm-3c7">
         <name>ADC_setOffsetTrim</name>
         <value>0x82ee5</value>
         <object_component_ref idref="oc-5c7"/>
      </symbol>
      <symbol id="sm-3c8">
         <name>ADC_setMode</name>
         <value>0x83509</value>
         <object_component_ref idref="oc-515"/>
      </symbol>
      <symbol id="sm-3c9">
         <name>ADC_setINLTrim</name>
         <value>0x82db3</value>
         <object_component_ref idref="oc-5c1"/>
      </symbol>
      <symbol id="sm-3db">
         <name>CLA_setTriggerSource</name>
         <value>0x833f3</value>
         <object_component_ref idref="oc-4ef"/>
      </symbol>
      <symbol id="sm-48a">
         <name>DCC_verifyClockFrequency</name>
         <value>0x82680</value>
         <object_component_ref idref="oc-352"/>
      </symbol>
      <symbol id="sm-4a9">
         <name>EPWM_setEmulationMode</name>
         <value>0x83a2d</value>
         <object_component_ref idref="oc-2a8"/>
      </symbol>
      <symbol id="sm-51c">
         <name>Flash_initModule</name>
         <value>0xc000</value>
         <object_component_ref idref="oc-1fb"/>
      </symbol>
      <symbol id="sm-55f">
         <name>GPIO_setQualificationMode</name>
         <value>0x82a1e</value>
         <object_component_ref idref="oc-558"/>
      </symbol>
      <symbol id="sm-560">
         <name>GPIO_setPadConfig</name>
         <value>0x82d44</value>
         <object_component_ref idref="oc-18d"/>
      </symbol>
      <symbol id="sm-561">
         <name>GPIO_setDirectionMode</name>
         <value>0x82f42</value>
         <object_component_ref idref="oc-55e"/>
      </symbol>
      <symbol id="sm-562">
         <name>GPIO_setPinConfig</name>
         <value>0x83385</value>
         <object_component_ref idref="oc-193"/>
      </symbol>
      <symbol id="sm-563">
         <name>GPIO_setControllerCore</name>
         <value>0x829a8</value>
         <object_component_ref idref="oc-187"/>
      </symbol>
      <symbol id="sm-5b5">
         <name>Interrupt_defaultHandler</name>
         <value>0x83a43</value>
         <object_component_ref idref="oc-51"/>
      </symbol>
      <symbol id="sm-5b6">
         <name>Interrupt_initModule</name>
         <value>0x832d5</value>
         <object_component_ref idref="oc-199"/>
      </symbol>
      <symbol id="sm-5b7">
         <name>Interrupt_nmiHandler</name>
         <value>0x83de7</value>
         <object_component_ref idref="oc-69"/>
      </symbol>
      <symbol id="sm-5b8">
         <name>Interrupt_enable</name>
         <value>0x833bc</value>
         <object_component_ref idref="oc-a3"/>
      </symbol>
      <symbol id="sm-5b9">
         <name>Interrupt_initVectorTable</name>
         <value>0x8376f</value>
         <object_component_ref idref="oc-55"/>
      </symbol>
      <symbol id="sm-5ba">
         <name>Interrupt_illegalOperationHandler</name>
         <value>0x83ddd</value>
         <object_component_ref idref="oc-63"/>
      </symbol>
      <symbol id="sm-5e1">
         <name>IPC_CPU_To_CM_GetBuffer</name>
         <value>0x38000</value>
         <object_component_ref idref="oc-4d9"/>
      </symbol>
      <symbol id="sm-5e2">
         <name>IPC_CPU1_To_CPU2_GetBuffer</name>
         <value>0x3b000</value>
         <object_component_ref idref="oc-4d3"/>
      </symbol>
      <symbol id="sm-5e3">
         <name>IPC_CPU1_To_CPU2_PutBuffer</name>
         <value>0x3a000</value>
         <object_component_ref idref="oc-4d0"/>
      </symbol>
      <symbol id="sm-5e4">
         <name>IPC_CPU_To_CM_PutBuffer</name>
         <value>0x39000</value>
         <object_component_ref idref="oc-4d6"/>
      </symbol>
      <symbol id="sm-5e5">
         <name>IPC_Instance</name>
         <value>0x901ee</value>
         <object_component_ref idref="oc-381"/>
      </symbol>
      <symbol id="sm-636">
         <name>MemCfg_initSections</name>
         <value>0x8292b</value>
         <object_component_ref idref="oc-3af"/>
      </symbol>
      <symbol id="sm-637">
         <name>MemCfg_setGSRAMControllerSel</name>
         <value>0x83559</value>
         <object_component_ref idref="oc-3c7"/>
      </symbol>
      <symbol id="sm-638">
         <name>MemCfg_setLSRAMControllerSel</name>
         <value>0x8334c</value>
         <object_component_ref idref="oc-3bb"/>
      </symbol>
      <symbol id="sm-639">
         <name>MemCfg_setProtection</name>
         <value>0x8275e</value>
         <object_component_ref idref="oc-3d9"/>
      </symbol>
      <symbol id="sm-63a">
         <name>MemCfg_getInitStatus</name>
         <value>0x82808</value>
         <object_component_ref idref="oc-3b5"/>
      </symbol>
      <symbol id="sm-78e">
         <name>SysCtl_controlCPU2Reset</name>
         <value>0x83698</value>
         <object_component_ref idref="oc-245"/>
      </symbol>
      <symbol id="sm-78f">
         <name>SysCtl_isPLLValid</name>
         <value>0x8243f</value>
         <object_component_ref idref="oc-36c"/>
      </symbol>
      <symbol id="sm-790">
         <name>SysCtl_delay</name>
         <value>0xc120</value>
         <object_component_ref idref="oc-1db"/>
      </symbol>
      <symbol id="sm-791">
         <name>SysCtl_getAuxClock</name>
         <value>0x8289a</value>
         <object_component_ref idref="oc-22c"/>
      </symbol>
      <symbol id="sm-792">
         <name>SysCtl_selectXTALSingleEnded</name>
         <value>0x8357f</value>
         <object_component_ref idref="oc-47b"/>
      </symbol>
      <symbol id="sm-793">
         <name>SysCtl_selectXTAL</name>
         <value>0x83257</value>
         <object_component_ref idref="oc-475"/>
      </symbol>
      <symbol id="sm-794">
         <name>SysCtl_selectOscSource</name>
         <value>0x831d5</value>
         <object_component_ref idref="oc-360"/>
      </symbol>
      <symbol id="sm-795">
         <name>SysCtl_getLowSpeedClock</name>
         <value>0x83610</value>
         <object_component_ref idref="oc-226"/>
      </symbol>
      <symbol id="sm-796">
         <name>SysCtl_setClock</name>
         <value>0x82304</value>
         <object_component_ref idref="oc-207"/>
      </symbol>
      <symbol id="sm-797">
         <name>SysCtl_getClock</name>
         <value>0x82bef</value>
         <object_component_ref idref="oc-21f"/>
      </symbol>
      <symbol id="sm-798">
         <name>SysCtl_selectOscSourceAuxPLL</name>
         <value>0x82e87</value>
         <object_component_ref idref="oc-375"/>
      </symbol>
      <symbol id="sm-799">
         <name>SysCtl_setAuxClock</name>
         <value>0x82568</value>
         <object_component_ref idref="oc-213"/>
      </symbol>
      <symbol id="sm-7a6">
         <name>_c_int00</name>
         <value>0x838f0</value>
         <object_component_ref idref="oc-c3"/>
      </symbol>
      <symbol id="sm-7a7">
         <name>__stack</name>
         <value>0x400</value>
         <object_component_ref idref="oc-6f"/>
      </symbol>
      <symbol id="sm-7b9">
         <name>memcpy</name>
         <value>0x8378d</value>
         <object_component_ref idref="oc-72"/>
      </symbol>
      <symbol id="sm-7c6">
         <name>_system_pre_init</name>
         <value>0x83e4b</value>
         <object_component_ref idref="oc-fc"/>
      </symbol>
      <symbol id="sm-7d5">
         <name>__TI_auto_init_nobinit_nopinit</name>
         <value>0x834b5</value>
         <object_component_ref idref="oc-11a"/>
      </symbol>
      <symbol id="sm-7e4">
         <name>__TI_zero_init_nomemset</name>
         <value>0x83d98</value>
         <object_component_ref idref="oc-7a"/>
      </symbol>
      <symbol id="sm-7f1">
         <name>__TI_decompress_none</name>
         <value>0x83e1f</value>
         <object_component_ref idref="oc-2b"/>
      </symbol>
      <symbol id="sm-805">
         <name>__TI_decompress_lzss</name>
         <value>0x83428</value>
         <object_component_ref idref="oc-25"/>
      </symbol>
      <symbol id="sm-81b">
         <name>C$$EXIT</name>
         <value>0x834e0</value>
         <object_component_ref idref="oc-109"/>
      </symbol>
      <symbol id="sm-81c">
         <name>abort</name>
         <value>0x834e0</value>
         <object_component_ref idref="oc-109"/>
      </symbol>
      <symbol id="sm-81d">
         <name>exit</name>
         <value>0x834e2</value>
         <object_component_ref idref="oc-109"/>
      </symbol>
      <symbol id="sm-81e">
         <name>__TI_dtors_ptr</name>
         <value>0xa004</value>
         <object_component_ref idref="oc-152"/>
      </symbol>
      <symbol id="sm-81f">
         <name>__TI_cleanup_ptr</name>
         <value>0xa002</value>
         <object_component_ref idref="oc-152"/>
      </symbol>
      <symbol id="sm-820">
         <name>__TI_enable_exit_profile_output</name>
         <value>0xa000</value>
         <object_component_ref idref="oc-152"/>
      </symbol>
      <symbol id="sm-837">
         <name>_nop</name>
         <value>0x83e1e</value>
         <object_component_ref idref="oc-1e2"/>
      </symbol>
      <symbol id="sm-838">
         <name>_lock</name>
         <value>0xa006</value>
         <object_component_ref idref="oc-155"/>
      </symbol>
      <symbol id="sm-839">
         <name>_unlock</name>
         <value>0xa008</value>
         <object_component_ref idref="oc-2ff"/>
      </symbol>
      <symbol id="sm-83a">
         <name>_register_lock</name>
         <value>0x83e1a</value>
         <object_component_ref idref="oc-1e2"/>
      </symbol>
      <symbol id="sm-83b">
         <name>_register_unlock</name>
         <value>0x83e16</value>
         <object_component_ref idref="oc-1e2"/>
      </symbol>
      <symbol id="sm-84a">
         <name>_args_main</name>
         <value>0x83da5</value>
         <object_component_ref idref="oc-103"/>
      </symbol>
      <symbol id="sm-859">
         <name>_system_post_cinit</name>
         <value>0x83e4e</value>
         <object_component_ref idref="oc-160"/>
      </symbol>
      <symbol id="sm-85b">
         <name>__c_args__</name>
         <value>0x0</value>
      </symbol>
   </symbol_table>
   <title>Link successful</title>
</link_info>
