<?xml version="1.0" encoding="ISO-8859-1" ?>
<link_info>
   <banner>TMS320C2000 Linker PC v22.6.1.LTS</banner>
   <copyright>Copyright (c) 1996-2018 Texas Instruments Incorporated</copyright>
   <link_time>0x6673c07d</link_time>
   <link_errors>0x0</link_errors>
   <output_file>led_ex2_blinky_sysconfig_cpu1.out</output_file>
   <entry_point>
      <name>code_start</name>
      <address>0x80000</address>
   </entry_point>
   <input_file_list>
      <input_file id="fl-4">
         <path>.\syscfg\</path>
         <kind>object</kind>
         <file>board.obj</file>
         <name>board.obj</name>
      </input_file>
      <input_file id="fl-5">
         <path>.\syscfg\</path>
         <kind>object</kind>
         <file>c2000ware_libraries.obj</file>
         <name>c2000ware_libraries.obj</name>
      </input_file>
      <input_file id="fl-8">
         <path>.\device\driverlib\</path>
         <kind>object</kind>
         <file>adc.obj</file>
         <name>adc.obj</name>
      </input_file>
      <input_file id="fl-9">
         <path>.\device\driverlib\</path>
         <kind>object</kind>
         <file>asysctl.obj</file>
         <name>asysctl.obj</name>
      </input_file>
      <input_file id="fl-a">
         <path>.\device\driverlib\</path>
         <kind>object</kind>
         <file>bgcrc.obj</file>
         <name>bgcrc.obj</name>
      </input_file>
      <input_file id="fl-b">
         <path>.\device\driverlib\</path>
         <kind>object</kind>
         <file>can.obj</file>
         <name>can.obj</name>
      </input_file>
      <input_file id="fl-c">
         <path>.\device\driverlib\</path>
         <kind>object</kind>
         <file>cla.obj</file>
         <name>cla.obj</name>
      </input_file>
      <input_file id="fl-d">
         <path>.\device\driverlib\</path>
         <kind>object</kind>
         <file>clb.obj</file>
         <name>clb.obj</name>
      </input_file>
      <input_file id="fl-e">
         <path>.\device\driverlib\</path>
         <kind>object</kind>
         <file>cmpss.obj</file>
         <name>cmpss.obj</name>
      </input_file>
      <input_file id="fl-f">
         <path>.\device\driverlib\</path>
         <kind>object</kind>
         <file>cputimer.obj</file>
         <name>cputimer.obj</name>
      </input_file>
      <input_file id="fl-10">
         <path>.\device\driverlib\</path>
         <kind>object</kind>
         <file>dac.obj</file>
         <name>dac.obj</name>
      </input_file>
      <input_file id="fl-11">
         <path>.\device\driverlib\</path>
         <kind>object</kind>
         <file>dcc.obj</file>
         <name>dcc.obj</name>
      </input_file>
      <input_file id="fl-12">
         <path>.\device\driverlib\</path>
         <kind>object</kind>
         <file>dcsm.obj</file>
         <name>dcsm.obj</name>
      </input_file>
      <input_file id="fl-13">
         <path>.\device\driverlib\</path>
         <kind>object</kind>
         <file>dma.obj</file>
         <name>dma.obj</name>
      </input_file>
      <input_file id="fl-14">
         <path>.\device\driverlib\</path>
         <kind>object</kind>
         <file>ecap.obj</file>
         <name>ecap.obj</name>
      </input_file>
      <input_file id="fl-15">
         <path>.\device\driverlib\</path>
         <kind>object</kind>
         <file>emif.obj</file>
         <name>emif.obj</name>
      </input_file>
      <input_file id="fl-17">
         <path>.\device\driverlib\</path>
         <kind>object</kind>
         <file>eqep.obj</file>
         <name>eqep.obj</name>
      </input_file>
      <input_file id="fl-18">
         <path>.\device\driverlib\</path>
         <kind>object</kind>
         <file>erad.obj</file>
         <name>erad.obj</name>
      </input_file>
      <input_file id="fl-19">
         <path>.\device\driverlib\</path>
         <kind>object</kind>
         <file>escss.obj</file>
         <name>escss.obj</name>
      </input_file>
      <input_file id="fl-1b">
         <path>.\device\driverlib\</path>
         <kind>object</kind>
         <file>fsi.obj</file>
         <name>fsi.obj</name>
      </input_file>
      <input_file id="fl-1c">
         <path>.\device\driverlib\</path>
         <kind>object</kind>
         <file>gpio.obj</file>
         <name>gpio.obj</name>
      </input_file>
      <input_file id="fl-1d">
         <path>.\device\driverlib\</path>
         <kind>object</kind>
         <file>hrcap.obj</file>
         <name>hrcap.obj</name>
      </input_file>
      <input_file id="fl-1e">
         <path>.\device\driverlib\</path>
         <kind>object</kind>
         <file>hrpwm.obj</file>
         <name>hrpwm.obj</name>
      </input_file>
      <input_file id="fl-1f">
         <path>.\device\driverlib\</path>
         <kind>object</kind>
         <file>i2c.obj</file>
         <name>i2c.obj</name>
      </input_file>
      <input_file id="fl-21">
         <path>.\device\driverlib\</path>
         <kind>object</kind>
         <file>ipc.obj</file>
         <name>ipc.obj</name>
      </input_file>
      <input_file id="fl-22">
         <path>.\device\driverlib\</path>
         <kind>object</kind>
         <file>mcan.obj</file>
         <name>mcan.obj</name>
      </input_file>
      <input_file id="fl-23">
         <path>.\device\driverlib\</path>
         <kind>object</kind>
         <file>mcbsp.obj</file>
         <name>mcbsp.obj</name>
      </input_file>
      <input_file id="fl-24">
         <path>.\device\driverlib\</path>
         <kind>object</kind>
         <file>memcfg.obj</file>
         <name>memcfg.obj</name>
      </input_file>
      <input_file id="fl-25">
         <path>.\device\driverlib\</path>
         <kind>object</kind>
         <file>pmbus.obj</file>
         <name>pmbus.obj</name>
      </input_file>
      <input_file id="fl-26">
         <path>.\device\driverlib\</path>
         <kind>object</kind>
         <file>sci.obj</file>
         <name>sci.obj</name>
      </input_file>
      <input_file id="fl-27">
         <path>.\device\driverlib\</path>
         <kind>object</kind>
         <file>sdfm.obj</file>
         <name>sdfm.obj</name>
      </input_file>
      <input_file id="fl-28">
         <path>.\device\driverlib\</path>
         <kind>object</kind>
         <file>spi.obj</file>
         <name>spi.obj</name>
      </input_file>
      <input_file id="fl-2a">
         <path>.\device\driverlib\</path>
         <kind>object</kind>
         <file>usb.obj</file>
         <name>usb.obj</name>
      </input_file>
      <input_file id="fl-2b">
         <path>.\device\driverlib\</path>
         <kind>object</kind>
         <file>version.obj</file>
         <name>version.obj</name>
      </input_file>
      <input_file id="fl-2c">
         <path>.\device\driverlib\</path>
         <kind>object</kind>
         <file>xbar.obj</file>
         <name>xbar.obj</name>
      </input_file>
      <input_file id="fl-3e">
         <path>C:\ti\ccs1240\ccs\tools\compiler\ti-cgt-c2000_22.6.1.LTS\lib\</path>
         <kind>archive</kind>
         <file>rts2800_fpu64_eabi.lib</file>
         <name>memcpy.c.obj</name>
      </input_file>
      <input_file id="fl-3f">
         <path>C:\ti\ccs1240\ccs\tools\compiler\ti-cgt-c2000_22.6.1.LTS\lib\</path>
         <kind>archive</kind>
         <file>rts2800_fpu64_eabi.lib</file>
         <name>pre_init.c.obj</name>
      </input_file>
      <input_file id="fl-41">
         <path>C:\ti\ccs1240\ccs\tools\compiler\ti-cgt-c2000_22.6.1.LTS\lib\</path>
         <kind>archive</kind>
         <file>rts2800_fpu64_eabi.lib</file>
         <name>copy_zero_init.c.obj</name>
      </input_file>
      <input_file id="fl-42">
         <path>C:\ti\ccs1240\ccs\tools\compiler\ti-cgt-c2000_22.6.1.LTS\lib\</path>
         <kind>archive</kind>
         <file>rts2800_fpu64_eabi.lib</file>
         <name>copy_decompress_none.c.obj</name>
      </input_file>
      <input_file id="fl-43">
         <path>C:\ti\ccs1240\ccs\tools\compiler\ti-cgt-c2000_22.6.1.LTS\lib\</path>
         <kind>archive</kind>
         <file>rts2800_fpu64_eabi.lib</file>
         <name>copy_decompress_lzss.c.obj</name>
      </input_file>
      <input_file id="fl-45">
         <path>C:\ti\ccs1240\ccs\tools\compiler\ti-cgt-c2000_22.6.1.LTS\lib\</path>
         <kind>archive</kind>
         <file>rts2800_fpu64_eabi.lib</file>
         <name>_lock.c.obj</name>
      </input_file>
      <input_file id="fl-47">
         <path>C:\ti\ccs1240\ccs\tools\compiler\ti-cgt-c2000_22.6.1.LTS\lib\</path>
         <kind>archive</kind>
         <file>rts2800_fpu64_eabi.lib</file>
         <name>memset.c.obj</name>
      </input_file>
      <input_file id="fl-48">
         <path>C:\ti\ccs1240\ccs\tools\compiler\ti-cgt-c2000_22.6.1.LTS\lib\</path>
         <kind>archive</kind>
         <file>rts2800_fpu64_eabi.lib</file>
         <name>cpy_tbl.c.obj</name>
      </input_file>
      <input_file id="fl-4a">
         <path>C:\Users\User\AppData\Local\Temp\</path>
         <kind>object</kind>
         <file>{851F7E04-96CF-43EE-B2BD-0C4AD1BC765B}</file>
         <name>{851F7E04-96CF-43EE-B2BD-0C4AD1BC765B}</name>
      </input_file>
      <input_file id="fl-2">
         <path>.\</path>
         <kind>object</kind>
         <file>cla_ex4_pwm_control_cla.obj</file>
         <name>cla_ex4_pwm_control_cla.obj</name>
      </input_file>
      <input_file id="fl-3">
         <path>.\</path>
         <kind>object</kind>
         <file>main.obj</file>
         <name>main.obj</name>
      </input_file>
      <input_file id="fl-6">
         <path>.\device\</path>
         <kind>object</kind>
         <file>device.obj</file>
         <name>device.obj</name>
      </input_file>
      <input_file id="fl-7">
         <path>.\device\</path>
         <kind>object</kind>
         <file>f2838x_codestartbranch.obj</file>
         <name>f2838x_codestartbranch.obj</name>
      </input_file>
      <input_file id="fl-16">
         <path>.\device\driverlib\</path>
         <kind>object</kind>
         <file>epwm.obj</file>
         <name>epwm.obj</name>
      </input_file>
      <input_file id="fl-1a">
         <path>.\device\driverlib\</path>
         <kind>object</kind>
         <file>flash.obj</file>
         <name>flash.obj</name>
      </input_file>
      <input_file id="fl-20">
         <path>.\device\driverlib\</path>
         <kind>object</kind>
         <file>interrupt.obj</file>
         <name>interrupt.obj</name>
      </input_file>
      <input_file id="fl-29">
         <path>.\device\driverlib\</path>
         <kind>object</kind>
         <file>sysctl.obj</file>
         <name>sysctl.obj</name>
      </input_file>
      <input_file id="fl-31">
         <kind>object</kind>
         <file>&lt;internal&gt;</file>
         <name>&lt;internal&gt;</name>
      </input_file>
      <input_file id="fl-3d">
         <path>C:\ti\ccs1240\ccs\tools\compiler\ti-cgt-c2000_22.6.1.LTS\lib\</path>
         <kind>archive</kind>
         <file>rts2800_fpu64_eabi.lib</file>
         <name>boot28.asm.obj</name>
      </input_file>
      <input_file id="fl-40">
         <path>C:\ti\ccs1240\ccs\tools\compiler\ti-cgt-c2000_22.6.1.LTS\lib\</path>
         <kind>archive</kind>
         <file>rts2800_fpu64_eabi.lib</file>
         <name>autoinit.c.obj</name>
      </input_file>
      <input_file id="fl-44">
         <path>C:\ti\ccs1240\ccs\tools\compiler\ti-cgt-c2000_22.6.1.LTS\lib\</path>
         <kind>archive</kind>
         <file>rts2800_fpu64_eabi.lib</file>
         <name>exit.c.obj</name>
      </input_file>
      <input_file id="fl-46">
         <path>C:\ti\ccs1240\ccs\tools\compiler\ti-cgt-c2000_22.6.1.LTS\lib\</path>
         <kind>archive</kind>
         <file>rts2800_fpu64_eabi.lib</file>
         <name>args_main.c.obj</name>
      </input_file>
      <input_file id="fl-49">
         <path>C:\ti\ccs1240\ccs\tools\compiler\ti-cgt-c2000_22.6.1.LTS\lib\</path>
         <kind>archive</kind>
         <file>rts2800_fpu64_eabi.lib</file>
         <name>startup.c.obj</name>
      </input_file>
   </input_file_list>
   <object_component_list>
      <object_component id="oc-32">
         <name>codestart</name>
         <load_address>0x80000</load_address>
         <run_address>0x80000</run_address>
         <size>0x2</size>
         <input_file_ref idref="fl-7"/>
      </object_component>
      <object_component id="oc-235">
         <name>.text:DCC_verifyClockFrequency</name>
         <load_address>0x82000</load_address>
         <run_address>0x82000</run_address>
         <size>0x290</size>
         <input_file_ref idref="fl-11"/>
      </object_component>
      <object_component id="oc-243">
         <name>.text:SysCtl_isPLLValid</name>
         <load_address>0x82290</load_address>
         <run_address>0x82290</run_address>
         <size>0x1e1</size>
         <input_file_ref idref="fl-29"/>
      </object_component>
      <object_component id="oc-1fd">
         <name>.text:Device_enableAllPeripherals</name>
         <load_address>0x82471</load_address>
         <run_address>0x82471</run_address>
         <size>0x167</size>
         <input_file_ref idref="fl-6"/>
      </object_component>
      <object_component id="oc-96">
         <name>.text:MEMCFG_init</name>
         <load_address>0x825d8</load_address>
         <run_address>0x825d8</run_address>
         <size>0x161</size>
         <input_file_ref idref="fl-4"/>
      </object_component>
      <object_component id="oc-1df">
         <name>.text:SysCtl_setClock</name>
         <load_address>0x82739</load_address>
         <run_address>0x82739</run_address>
         <size>0x133</size>
         <input_file_ref idref="fl-29"/>
      </object_component>
      <object_component id="oc-1e5">
         <name>.text:SysCtl_setAuxClock</name>
         <load_address>0x8286c</load_address>
         <run_address>0x8286c</run_address>
         <size>0xfc</size>
         <input_file_ref idref="fl-29"/>
      </object_component>
      <object_component id="oc-f7">
         <name>.text:MemCfg_setProtection</name>
         <load_address>0x82968</load_address>
         <run_address>0x82968</run_address>
         <size>0xa0</size>
         <input_file_ref idref="fl-24"/>
      </object_component>
      <object_component id="oc-16e">
         <name>.text:main</name>
         <load_address>0x82a08</load_address>
         <run_address>0x82a08</run_address>
         <size>0x99</size>
         <input_file_ref idref="fl-3"/>
      </object_component>
      <object_component id="oc-1f7">
         <name>.text:SysCtl_getAuxClock</name>
         <load_address>0x82aa1</load_address>
         <run_address>0x82aa1</run_address>
         <size>0x81</size>
         <input_file_ref idref="fl-29"/>
      </object_component>
      <object_component id="oc-19b">
         <name>.text:Device_init</name>
         <load_address>0x82b22</load_address>
         <run_address>0x82b22</run_address>
         <size>0x7b</size>
         <input_file_ref idref="fl-6"/>
      </object_component>
      <object_component id="oc-1eb">
         <name>.text:SysCtl_getClock</name>
         <load_address>0x82b9d</load_address>
         <run_address>0x82b9d</run_address>
         <size>0x72</size>
         <input_file_ref idref="fl-29"/>
      </object_component>
      <object_component id="oc-1b3">
         <name>.text:initEPWM</name>
         <load_address>0x82c0f</load_address>
         <run_address>0x82c0f</run_address>
         <size>0x71</size>
         <input_file_ref idref="fl-3"/>
      </object_component>
      <object_component id="oc-e5">
         <name>.text:MemCfg_getInitStatus</name>
         <load_address>0x82c80</load_address>
         <run_address>0x82c80</run_address>
         <size>0x70</size>
         <input_file_ref idref="fl-24"/>
      </object_component>
      <object_component id="oc-eb">
         <name>.text:MemCfg_setLSRAMControllerSel</name>
         <load_address>0x82cf0</load_address>
         <run_address>0x82cf0</run_address>
         <size>0x6b</size>
         <input_file_ref idref="fl-24"/>
      </object_component>
      <object_component id="oc-279">
         <name>.text:SysCtl_pollX1Counter</name>
         <load_address>0x82d5b</load_address>
         <run_address>0x82d5b</run_address>
         <size>0x66</size>
         <input_file_ref idref="fl-29"/>
      </object_component>
      <object_component id="oc-df">
         <name>.text:MemCfg_initSections</name>
         <load_address>0x82dc1</load_address>
         <run_address>0x82dc1</run_address>
         <size>0x60</size>
         <input_file_ref idref="fl-24"/>
      </object_component>
      <object_component id="oc-9c">
         <name>.text:CPU1_ADCA_init</name>
         <load_address>0x82e21</load_address>
         <run_address>0x82e21</run_address>
         <size>0x58</size>
         <input_file_ref idref="fl-4"/>
      </object_component>
      <object_component id="oc-213">
         <name>.text:EPWM_setEmulationMode</name>
         <load_address>0x82e79</load_address>
         <run_address>0x82e79</run_address>
         <size>0x55</size>
         <input_file_ref idref="fl-16"/>
      </object_component>
      <object_component id="oc-4b">
         <name>.text:Board_init</name>
         <load_address>0x82ece</load_address>
         <run_address>0x82ece</run_address>
         <size>0x51</size>
         <input_file_ref idref="fl-4"/>
      </object_component>
      <object_component id="oc-24b">
         <name>.text:SysCtl_selectOscSourceAuxPLL</name>
         <load_address>0x82f1f</load_address>
         <run_address>0x82f1f</run_address>
         <size>0x50</size>
         <input_file_ref idref="fl-29"/>
      </object_component>
      <object_component id="oc-a2">
         <name>.text:GPIO_setPadConfig</name>
         <load_address>0x82f6f</load_address>
         <run_address>0x82f6f</run_address>
         <size>0x4d</size>
         <input_file_ref idref="fl-1c"/>
      </object_component>
      <object_component id="oc-26e">
         <name>.text:SysCtl_selectXTAL</name>
         <load_address>0x82fbc</load_address>
         <run_address>0x82fbc</run_address>
         <size>0x42</size>
         <input_file_ref idref="fl-29"/>
      </object_component>
      <object_component id="oc-1ad">
         <name>.text:Interrupt_initModule</name>
         <load_address>0x82ffe</load_address>
         <run_address>0x82ffe</run_address>
         <size>0x41</size>
         <input_file_ref idref="fl-20"/>
      </object_component>
      <object_component id="oc-23d">
         <name>.text:SysCtl_selectOscSource</name>
         <load_address>0x8303f</load_address>
         <run_address>0x8303f</run_address>
         <size>0x3c</size>
         <input_file_ref idref="fl-29"/>
      </object_component>
      <object_component id="oc-ba">
         <name>.text:Interrupt_enable</name>
         <load_address>0x8307b</load_address>
         <run_address>0x8307b</run_address>
         <size>0x36</size>
         <input_file_ref idref="fl-20"/>
      </object_component>
      <object_component id="oc-1c2">
         <name>.text</name>
         <load_address>0x830b1</load_address>
         <run_address>0x830b1</run_address>
         <size>0x1</size>
         <input_file_ref idref="fl-45"/>
      </object_component>
      <object_component id="oc-fe">
         <name>.text:ADC_setINLTrim</name>
         <load_address>0x830b2</load_address>
         <run_address>0x830b2</run_address>
         <size>0x33</size>
         <input_file_ref idref="fl-8"/>
      </object_component>
      <object_component id="oc-b4">
         <name>.text:GPIO_setControllerCore</name>
         <load_address>0x830e5</load_address>
         <run_address>0x830e5</run_address>
         <size>0x30</size>
         <input_file_ref idref="fl-1c"/>
      </object_component>
      <object_component id="oc-8a">
         <name>.text:GPIO_setPinConfig</name>
         <load_address>0x83115</load_address>
         <run_address>0x83115</run_address>
         <size>0x30</size>
         <input_file_ref idref="fl-1c"/>
      </object_component>
      <object_component id="oc-25">
         <name>.text:decompress:lzss</name>
         <load_address>0x83145</load_address>
         <run_address>0x83145</run_address>
         <size>0x30</size>
         <input_file_ref idref="fl-43"/>
      </object_component>
      <object_component id="oc-13e">
         <name>.text:__TI_auto_init_nobinit_nopinit</name>
         <load_address>0x83175</load_address>
         <run_address>0x83175</run_address>
         <size>0x2b</size>
         <input_file_ref idref="fl-40"/>
      </object_component>
      <object_component id="oc-128">
         <name>.text</name>
         <load_address>0x831a0</load_address>
         <run_address>0x831a0</run_address>
         <size>0x29</size>
         <input_file_ref idref="fl-44"/>
      </object_component>
      <object_component id="oc-104">
         <name>.text:ADC_setOffsetTrim</name>
         <load_address>0x831c9</load_address>
         <run_address>0x831c9</run_address>
         <size>0x26</size>
         <input_file_ref idref="fl-8"/>
      </object_component>
      <object_component id="oc-1f1">
         <name>.text:SysCtl_getLowSpeedClock</name>
         <load_address>0x831ef</load_address>
         <run_address>0x831ef</run_address>
         <size>0x24</size>
         <input_file_ref idref="fl-29"/>
      </object_component>
      <object_component id="oc-268">
         <name>.text:SysCtl_selectXTALSingleEnded</name>
         <load_address>0x83213</load_address>
         <run_address>0x83213</run_address>
         <size>0x22</size>
         <input_file_ref idref="fl-29"/>
      </object_component>
      <object_component id="oc-a8">
         <name>.text:GPIO_setQualificationMode</name>
         <load_address>0x83235</load_address>
         <run_address>0x83235</run_address>
         <size>0x20</size>
         <input_file_ref idref="fl-1c"/>
      </object_component>
      <object_component id="oc-1a7">
         <name>.text:Device_initGPIO</name>
         <load_address>0x83255</load_address>
         <run_address>0x83255</run_address>
         <size>0x1e</size>
         <input_file_ref idref="fl-6"/>
      </object_component>
      <object_component id="oc-f1">
         <name>.text:MemCfg_setGSRAMControllerSel</name>
         <load_address>0x83273</load_address>
         <run_address>0x83273</run_address>
         <size>0x1e</size>
         <input_file_ref idref="fl-24"/>
      </object_component>
      <object_component id="oc-186">
         <name>.text</name>
         <load_address>0x83291</load_address>
         <run_address>0x83291</run_address>
         <size>0x1</size>
         <input_file_ref idref="fl-49"/>
      </object_component>
      <object_component id="oc-52">
         <name>.text:Interrupt_initVectorTable</name>
         <load_address>0x83292</load_address>
         <run_address>0x83292</run_address>
         <size>0x1d</size>
         <input_file_ref idref="fl-20"/>
      </object_component>
      <object_component id="oc-90">
         <name>.text:myCLA0_init</name>
         <load_address>0x832af</load_address>
         <run_address>0x832af</run_address>
         <size>0x1d</size>
         <input_file_ref idref="fl-4"/>
      </object_component>
      <object_component id="oc-6c">
         <name>.text</name>
         <load_address>0x832cc</load_address>
         <run_address>0x832cc</run_address>
         <size>0x1d</size>
         <input_file_ref idref="fl-3e"/>
      </object_component>
      <object_component id="oc-1d9">
         <name>.text:Device_verifyXTAL</name>
         <load_address>0x832e9</load_address>
         <run_address>0x832e9</run_address>
         <size>0x1c</size>
         <input_file_ref idref="fl-6"/>
      </object_component>
      <object_component id="oc-45">
         <name>.text:INT_CPU1_ADCA_1_ISR</name>
         <load_address>0x83305</load_address>
         <run_address>0x83305</run_address>
         <size>0x1c</size>
         <input_file_ref idref="fl-3"/>
      </object_component>
      <object_component id="oc-20b">
         <name>.text:Device_enableUnbondedGPIOPullups</name>
         <load_address>0x83321</load_address>
         <run_address>0x83321</run_address>
         <size>0x1b</size>
         <input_file_ref idref="fl-6"/>
      </object_component>
      <object_component id="oc-22f">
         <name>.text:SysCtl_enablePeripheral</name>
         <load_address>0x8333c</load_address>
         <run_address>0x8333c</run_address>
         <size>0x19</size>
         <input_file_ref idref="fl-6"/>
      </object_component>
      <object_component id="oc-cc">
         <name>.text</name>
         <load_address>0x83355</load_address>
         <run_address>0x83355</run_address>
         <size>0x19</size>
         <input_file_ref idref="fl-3d"/>
      </object_component>
      <object_component id="oc-1a1">
         <name>.text:Device_bootCPU2</name>
         <load_address>0x8336e</load_address>
         <run_address>0x8336e</run_address>
         <size>0x15</size>
         <input_file_ref idref="fl-6"/>
      </object_component>
      <object_component id="oc-204">
         <name>.text:SysCtl_controlCPU2Reset</name>
         <load_address>0x83383</load_address>
         <run_address>0x83383</run_address>
         <size>0x15</size>
         <input_file_ref idref="fl-29"/>
      </object_component>
      <object_component id="oc-ae">
         <name>.text:GPIO_setDirectionMode</name>
         <load_address>0x83398</load_address>
         <run_address>0x83398</run_address>
         <size>0x13</size>
         <input_file_ref idref="fl-1c"/>
      </object_component>
      <object_component id="oc-73">
         <name>.text:decompress:ZI:__TI_zero_init_nomemset</name>
         <load_address>0x833ab</load_address>
         <run_address>0x833ab</run_address>
         <size>0xd</size>
         <input_file_ref idref="fl-41"/>
      </object_component>
      <object_component id="oc-63">
         <name>.text:Interrupt_defaultHandler</name>
         <load_address>0x833b8</load_address>
         <run_address>0x833b8</run_address>
         <size>0xc</size>
         <input_file_ref idref="fl-20"/>
      </object_component>
      <object_component id="oc-122">
         <name>.text</name>
         <load_address>0x833c4</load_address>
         <run_address>0x833c4</run_address>
         <size>0xc</size>
         <input_file_ref idref="fl-46"/>
      </object_component>
      <object_component id="oc-5d">
         <name>.text:Interrupt_illegalOperationHandler</name>
         <load_address>0x833d0</load_address>
         <run_address>0x833d0</run_address>
         <size>0xa</size>
         <input_file_ref idref="fl-20"/>
      </object_component>
      <object_component id="oc-51">
         <name>.text:Interrupt_nmiHandler</name>
         <load_address>0x833da</load_address>
         <run_address>0x833da</run_address>
         <size>0xa</size>
         <input_file_ref idref="fl-20"/>
      </object_component>
      <object_component id="oc-2b">
         <name>.text:decompress:none</name>
         <load_address>0x833e4</load_address>
         <run_address>0x833e4</run_address>
         <size>0x8</size>
         <input_file_ref idref="fl-42"/>
      </object_component>
      <object_component id="oc-7f">
         <name>.text</name>
         <load_address>0x833ec</load_address>
         <run_address>0x833ec</run_address>
         <size>0x8</size>
         <input_file_ref idref="fl-7"/>
      </object_component>
      <object_component id="oc-10d">
         <name>.text:__error__</name>
         <load_address>0x833f4</load_address>
         <run_address>0x833f4</run_address>
         <size>0x3</size>
         <input_file_ref idref="fl-6"/>
      </object_component>
      <object_component id="oc-11b">
         <name>.text</name>
         <load_address>0x833f7</load_address>
         <run_address>0x833f7</run_address>
         <size>0x2</size>
         <input_file_ref idref="fl-3f"/>
      </object_component>
      <object_component id="oc-2bd">
         <name>.cinit..data.load</name>
         <load_address>0x83400</load_address>
         <run_address>0x83400</run_address>
         <size>0x9</size>
      </object_component>
      <object_component id="oc-2bb">
         <name>__TI_handler_table</name>
         <load_address>0x8340a</load_address>
         <run_address>0x8340a</run_address>
         <size>0x6</size>
      </object_component>
      <object_component id="oc-2be">
         <name>.cinit..bss_cla.load</name>
         <load_address>0x83410</load_address>
         <run_address>0x83410</run_address>
         <size>0x4</size>
      </object_component>
      <object_component id="oc-2bc">
         <name>__TI_cinit_table</name>
         <load_address>0x83414</load_address>
         <run_address>0x83414</run_address>
         <size>0x8</size>
      </object_component>
      <object_component id="oc-69">
         <name>.stack</name>
         <uninitialized>true</uninitialized>
         <run_address>0x400</run_address>
         <size>0x0</size>
         <input_file_ref idref="fl-3d"/>
      </object_component>
      <object_component id="oc-2bf">
         <name>.stack</name>
         <uninitialized>true</uninitialized>
         <run_address>0x400</run_address>
         <size>0x0</size>
      </object_component>
      <object_component id="oc-85">
         <name>.data</name>
         <load_address>0xa008</load_address>
         <run_address>0xa008</run_address>
         <size>0x2</size>
         <input_file_ref idref="fl-3"/>
      </object_component>
      <object_component id="oc-176">
         <name>.data</name>
         <load_address>0xa000</load_address>
         <run_address>0xa000</run_address>
         <size>0x6</size>
         <input_file_ref idref="fl-44"/>
      </object_component>
      <object_component id="oc-179">
         <name>.data:_lock</name>
         <load_address>0xa006</load_address>
         <run_address>0xa006</run_address>
         <size>0x2</size>
         <input_file_ref idref="fl-45"/>
      </object_component>
      <object_component id="oc-1b9">
         <name>.const:IPC_Instance</name>
         <load_address>0x90000</load_address>
         <run_address>0x90000</run_address>
         <size>0x88</size>
         <input_file_ref idref="fl-21"/>
      </object_component>
      <object_component id="oc-10c">
         <name>.const:.string</name>
         <load_address>0x90088</load_address>
         <run_address>0x90088</run_address>
         <size>0x6d</size>
         <input_file_ref idref="fl-4a"/>
      </object_component>
      <object_component id="oc-22c">
         <name>.const:.string</name>
         <load_address>0x900f6</load_address>
         <run_address>0x900f6</run_address>
         <size>0x38</size>
         <input_file_ref idref="fl-1a"/>
      </object_component>
      <object_component id="oc-23c">
         <name>.const:.string</name>
         <load_address>0x9012e</load_address>
         <run_address>0x9012e</run_address>
         <size>0x38</size>
         <input_file_ref idref="fl-29"/>
      </object_component>
      <object_component id="oc-258">
         <name>.const:.string</name>
         <load_address>0x90166</load_address>
         <run_address>0x90166</run_address>
         <size>0x37</size>
         <input_file_ref idref="fl-16"/>
      </object_component>
      <object_component id="oc-21a">
         <name>MSGRAM_CPU1_TO_CPU2</name>
         <uninitialized>true</uninitialized>
         <run_address>0x3a000</run_address>
         <size>0x88</size>
         <input_file_ref idref="fl-21"/>
      </object_component>
      <object_component id="oc-21d">
         <name>MSGRAM_CPU2_TO_CPU1</name>
         <uninitialized>true</uninitialized>
         <run_address>0x3b000</run_address>
         <size>0x88</size>
         <input_file_ref idref="fl-21"/>
      </object_component>
      <object_component id="oc-220">
         <name>MSGRAM_CPU_TO_CM</name>
         <uninitialized>true</uninitialized>
         <run_address>0x39000</run_address>
         <size>0x88</size>
         <input_file_ref idref="fl-21"/>
      </object_component>
      <object_component id="oc-223">
         <name>MSGRAM_CM_TO_CPU</name>
         <uninitialized>true</uninitialized>
         <run_address>0x38000</run_address>
         <size>0x88</size>
         <input_file_ref idref="fl-21"/>
      </object_component>
      <object_component id="oc-d8">
         <name>Cla1Prog:Cla1Task1</name>
         <load_address>0x88000</load_address>
         <run_address>0xa800</run_address>
         <size>0x3a</size>
         <input_file_ref idref="fl-2"/>
      </object_component>
      <object_component id="oc-12f">
         <name>.bss_cla</name>
         <uninitialized>true</uninitialized>
         <run_address>0x8900</run_address>
         <size>0x2</size>
         <input_file_ref idref="fl-2"/>
      </object_component>
      <object_component id="oc-1d3">
         <name>.TI.ramfunc:Flash_initModule</name>
         <load_address>0x86000</load_address>
         <run_address>0xc000</run_address>
         <size>0xd1</size>
         <input_file_ref idref="fl-1a"/>
      </object_component>
      <object_component id="oc-10a">
         <name>.TI.ramfunc</name>
         <load_address>0x860d1</load_address>
         <run_address>0xc0d1</run_address>
         <size>0x4</size>
         <input_file_ref idref="fl-29"/>
      </object_component>
      <object_component id="oc-133">
         <name>.debug_types</name>
         <load_address>0x0</load_address>
         <run_address>0x0</run_address>
         <size>0x50d</size>
         <input_file_ref idref="fl-2"/>
      </object_component>
      <object_component id="oc-89">
         <name>.debug_types</name>
         <load_address>0x50d</load_address>
         <run_address>0x50d</run_address>
         <size>0x27d9</size>
         <input_file_ref idref="fl-3"/>
      </object_component>
      <object_component id="oc-13c">
         <name>.debug_types</name>
         <load_address>0x2ce6</load_address>
         <run_address>0x2ce6</run_address>
         <size>0x890</size>
         <input_file_ref idref="fl-6"/>
      </object_component>
      <object_component id="oc-25a">
         <name>.debug_types</name>
         <load_address>0x3576</load_address>
         <run_address>0x3576</run_address>
         <size>0x379</size>
         <input_file_ref idref="fl-16"/>
      </object_component>
      <object_component id="oc-22e">
         <name>.debug_types</name>
         <load_address>0x38ef</load_address>
         <run_address>0x38ef</run_address>
         <size>0x206</size>
         <input_file_ref idref="fl-1a"/>
      </object_component>
      <object_component id="oc-c2">
         <name>.debug_types</name>
         <load_address>0x0</load_address>
         <run_address>0x0</run_address>
         <size>0x0</size>
         <input_file_ref idref="fl-20"/>
      </object_component>
      <object_component id="oc-24a">
         <name>.debug_types</name>
         <load_address>0x3af5</load_address>
         <run_address>0x3af5</run_address>
         <size>0xa70</size>
         <input_file_ref idref="fl-29"/>
      </object_component>
      <object_component id="oc-18d">
         <name>.debug_types</name>
         <load_address>0x4565</load_address>
         <run_address>0x4565</run_address>
         <size>0x4e8</size>
         <input_file_ref idref="fl-40"/>
      </object_component>
      <object_component id="oc-17d">
         <name>.debug_types</name>
         <load_address>0x4a4d</load_address>
         <run_address>0x4a4d</run_address>
         <size>0xbf</size>
         <input_file_ref idref="fl-44"/>
      </object_component>
      <object_component id="oc-175">
         <name>.debug_types</name>
         <load_address>0x4b0c</load_address>
         <run_address>0x4b0c</run_address>
         <size>0xe1</size>
         <input_file_ref idref="fl-46"/>
      </object_component>
      <object_component id="oc-1ce">
         <name>.debug_types</name>
         <load_address>0x0</load_address>
         <run_address>0x0</run_address>
         <size>0x0</size>
         <input_file_ref idref="fl-49"/>
      </object_component>
      <object_component id="oc-6b">
         <name>.debug_types</name>
         <load_address>0x4bed</load_address>
         <run_address>0x4bed</run_address>
         <size>0xf913</size>
         <input_file_ref idref="fl-4a"/>
      </object_component>
      <object_component id="oc-130">
         <name>.debug_info</name>
         <load_address>0x0</load_address>
         <run_address>0x0</run_address>
         <size>0x15a</size>
         <input_file_ref idref="fl-2"/>
      </object_component>
      <object_component id="oc-da">
         <name>.debug_info</name>
         <load_address>0x15a</load_address>
         <run_address>0x15a</run_address>
         <size>0x192</size>
         <input_file_ref idref="fl-2"/>
      </object_component>
      <object_component id="oc-86">
         <name>.debug_info</name>
         <load_address>0x2ec</load_address>
         <run_address>0x2ec</run_address>
         <size>0x138</size>
         <input_file_ref idref="fl-3"/>
      </object_component>
      <object_component id="oc-1b7">
         <name>.debug_info</name>
         <load_address>0x424</load_address>
         <run_address>0x424</run_address>
         <size>0x183</size>
         <input_file_ref idref="fl-3"/>
      </object_component>
      <object_component id="oc-172">
         <name>.debug_info</name>
         <load_address>0x5a7</load_address>
         <run_address>0x5a7</run_address>
         <size>0x28a</size>
         <input_file_ref idref="fl-3"/>
      </object_component>
      <object_component id="oc-46">
         <name>.debug_info</name>
         <load_address>0x831</load_address>
         <run_address>0x831</run_address>
         <size>0x163</size>
         <input_file_ref idref="fl-3"/>
      </object_component>
      <object_component id="oc-10f">
         <name>.debug_info</name>
         <load_address>0x994</load_address>
         <run_address>0x994</run_address>
         <size>0x187</size>
         <input_file_ref idref="fl-6"/>
      </object_component>
      <object_component id="oc-232">
         <name>.debug_info</name>
         <load_address>0xb1b</load_address>
         <run_address>0xb1b</run_address>
         <size>0x239</size>
         <input_file_ref idref="fl-6"/>
      </object_component>
      <object_component id="oc-1dc">
         <name>.debug_info</name>
         <load_address>0xd54</load_address>
         <run_address>0xd54</run_address>
         <size>0x1d8</size>
         <input_file_ref idref="fl-6"/>
      </object_component>
      <object_component id="oc-20c">
         <name>.debug_info</name>
         <load_address>0xf2c</load_address>
         <run_address>0xf2c</run_address>
         <size>0x191</size>
         <input_file_ref idref="fl-6"/>
      </object_component>
      <object_component id="oc-1a9">
         <name>.debug_info</name>
         <load_address>0x10bd</load_address>
         <run_address>0x10bd</run_address>
         <size>0x195</size>
         <input_file_ref idref="fl-6"/>
      </object_component>
      <object_component id="oc-1ff">
         <name>.debug_info</name>
         <load_address>0x1252</load_address>
         <run_address>0x1252</run_address>
         <size>0xc2d</size>
         <input_file_ref idref="fl-6"/>
      </object_component>
      <object_component id="oc-19d">
         <name>.debug_info</name>
         <load_address>0x1e7f</load_address>
         <run_address>0x1e7f</run_address>
         <size>0x28a</size>
         <input_file_ref idref="fl-6"/>
      </object_component>
      <object_component id="oc-1a3">
         <name>.debug_info</name>
         <load_address>0x2109</load_address>
         <run_address>0x2109</run_address>
         <size>0x19e</size>
         <input_file_ref idref="fl-6"/>
      </object_component>
      <object_component id="oc-33">
         <name>.debug_info</name>
         <load_address>0x22a7</load_address>
         <run_address>0x22a7</run_address>
         <size>0x15e</size>
         <input_file_ref idref="fl-7"/>
      </object_component>
      <object_component id="oc-81">
         <name>.debug_info</name>
         <load_address>0x2405</load_address>
         <run_address>0x2405</run_address>
         <size>0x15f</size>
         <input_file_ref idref="fl-7"/>
      </object_component>
      <object_component id="oc-214">
         <name>.debug_info</name>
         <load_address>0x2564</load_address>
         <run_address>0x2564</run_address>
         <size>0x1ea</size>
         <input_file_ref idref="fl-16"/>
      </object_component>
      <object_component id="oc-1d4">
         <name>.debug_info</name>
         <load_address>0x274e</load_address>
         <run_address>0x274e</run_address>
         <size>0x2b0</size>
         <input_file_ref idref="fl-1a"/>
      </object_component>
      <object_component id="oc-59">
         <name>.debug_info</name>
         <load_address>0x29fe</load_address>
         <run_address>0x29fe</run_address>
         <size>0x187</size>
         <input_file_ref idref="fl-20"/>
      </object_component>
      <object_component id="oc-55">
         <name>.debug_info</name>
         <load_address>0x2b85</load_address>
         <run_address>0x2b85</run_address>
         <size>0x19d</size>
         <input_file_ref idref="fl-20"/>
      </object_component>
      <object_component id="oc-1b1">
         <name>.debug_info</name>
         <load_address>0x2d22</load_address>
         <run_address>0x2d22</run_address>
         <size>0x191</size>
         <input_file_ref idref="fl-20"/>
      </object_component>
      <object_component id="oc-60">
         <name>.debug_info</name>
         <load_address>0x2eb3</load_address>
         <run_address>0x2eb3</run_address>
         <size>0x1a1</size>
         <input_file_ref idref="fl-20"/>
      </object_component>
      <object_component id="oc-bb">
         <name>.debug_info</name>
         <load_address>0x3054</load_address>
         <run_address>0x3054</run_address>
         <size>0x1d9</size>
         <input_file_ref idref="fl-20"/>
      </object_component>
      <object_component id="oc-67">
         <name>.debug_info</name>
         <load_address>0x322d</load_address>
         <run_address>0x322d</run_address>
         <size>0x18f</size>
         <input_file_ref idref="fl-20"/>
      </object_component>
      <object_component id="oc-27a">
         <name>.debug_info</name>
         <load_address>0x33bc</load_address>
         <run_address>0x33bc</run_address>
         <size>0x1e4</size>
         <input_file_ref idref="fl-29"/>
      </object_component>
      <object_component id="oc-269">
         <name>.debug_info</name>
         <load_address>0x35a0</load_address>
         <run_address>0x35a0</run_address>
         <size>0x1c9</size>
         <input_file_ref idref="fl-29"/>
      </object_component>
      <object_component id="oc-26f">
         <name>.debug_info</name>
         <load_address>0x3769</load_address>
         <run_address>0x3769</run_address>
         <size>0x1e2</size>
         <input_file_ref idref="fl-29"/>
      </object_component>
      <object_component id="oc-23e">
         <name>.debug_info</name>
         <load_address>0x394b</load_address>
         <run_address>0x394b</run_address>
         <size>0x203</size>
         <input_file_ref idref="fl-29"/>
      </object_component>
      <object_component id="oc-244">
         <name>.debug_info</name>
         <load_address>0x3b4e</load_address>
         <run_address>0x3b4e</run_address>
         <size>0x3a9</size>
         <input_file_ref idref="fl-29"/>
      </object_component>
      <object_component id="oc-1e1">
         <name>.debug_info</name>
         <load_address>0x3ef7</load_address>
         <run_address>0x3ef7</run_address>
         <size>0x313</size>
         <input_file_ref idref="fl-29"/>
      </object_component>
      <object_component id="oc-24c">
         <name>.debug_info</name>
         <load_address>0x420a</load_address>
         <run_address>0x420a</run_address>
         <size>0x20a</size>
         <input_file_ref idref="fl-29"/>
      </object_component>
      <object_component id="oc-1e7">
         <name>.debug_info</name>
         <load_address>0x4414</load_address>
         <run_address>0x4414</run_address>
         <size>0x2c0</size>
         <input_file_ref idref="fl-29"/>
      </object_component>
      <object_component id="oc-1ed">
         <name>.debug_info</name>
         <load_address>0x46d4</load_address>
         <run_address>0x46d4</run_address>
         <size>0x1d7</size>
         <input_file_ref idref="fl-29"/>
      </object_component>
      <object_component id="oc-1f2">
         <name>.debug_info</name>
         <load_address>0x48ab</load_address>
         <run_address>0x48ab</run_address>
         <size>0x1d9</size>
         <input_file_ref idref="fl-29"/>
      </object_component>
      <object_component id="oc-1f8">
         <name>.debug_info</name>
         <load_address>0x4a84</load_address>
         <run_address>0x4a84</run_address>
         <size>0x1f1</size>
         <input_file_ref idref="fl-29"/>
      </object_component>
      <object_component id="oc-205">
         <name>.debug_info</name>
         <load_address>0x4c75</load_address>
         <run_address>0x4c75</run_address>
         <size>0x1cf</size>
         <input_file_ref idref="fl-29"/>
      </object_component>
      <object_component id="oc-cd">
         <name>.debug_info</name>
         <load_address>0x4e44</load_address>
         <run_address>0x4e44</run_address>
         <size>0x158</size>
         <input_file_ref idref="fl-3d"/>
      </object_component>
      <object_component id="oc-13f">
         <name>.debug_info</name>
         <load_address>0x4f9c</load_address>
         <run_address>0x4f9c</run_address>
         <size>0x1bf</size>
         <input_file_ref idref="fl-40"/>
      </object_component>
      <object_component id="oc-177">
         <name>.debug_info</name>
         <load_address>0x515b</load_address>
         <run_address>0x515b</run_address>
         <size>0x19e</size>
         <input_file_ref idref="fl-44"/>
      </object_component>
      <object_component id="oc-12a">
         <name>.debug_info</name>
         <load_address>0x52f9</load_address>
         <run_address>0x52f9</run_address>
         <size>0x1a9</size>
         <input_file_ref idref="fl-44"/>
      </object_component>
      <object_component id="oc-124">
         <name>.debug_info</name>
         <load_address>0x54a2</load_address>
         <run_address>0x54a2</run_address>
         <size>0x15d</size>
         <input_file_ref idref="fl-46"/>
      </object_component>
      <object_component id="oc-189">
         <name>.debug_info</name>
         <load_address>0x55ff</load_address>
         <run_address>0x55ff</run_address>
         <size>0x147</size>
         <input_file_ref idref="fl-49"/>
      </object_component>
      <object_component id="oc-17a">
         <name>.debug_info</name>
         <load_address>0x5746</load_address>
         <run_address>0x5746</run_address>
         <size>0x124</size>
         <input_file_ref idref="fl-4a"/>
      </object_component>
      <object_component id="oc-21b">
         <name>.debug_info</name>
         <load_address>0x586a</load_address>
         <run_address>0x586a</run_address>
         <size>0x14e</size>
         <input_file_ref idref="fl-4a"/>
      </object_component>
      <object_component id="oc-21e">
         <name>.debug_info</name>
         <load_address>0x59b8</load_address>
         <run_address>0x59b8</run_address>
         <size>0x14e</size>
         <input_file_ref idref="fl-4a"/>
      </object_component>
      <object_component id="oc-221">
         <name>.debug_info</name>
         <load_address>0x5b06</load_address>
         <run_address>0x5b06</run_address>
         <size>0x148</size>
         <input_file_ref idref="fl-4a"/>
      </object_component>
      <object_component id="oc-224">
         <name>.debug_info</name>
         <load_address>0x5c4e</load_address>
         <run_address>0x5c4e</run_address>
         <size>0x148</size>
         <input_file_ref idref="fl-4a"/>
      </object_component>
      <object_component id="oc-1ba">
         <name>.debug_info</name>
         <load_address>0x5d96</load_address>
         <run_address>0x5d96</run_address>
         <size>0x132</size>
         <input_file_ref idref="fl-4a"/>
      </object_component>
      <object_component id="oc-6f">
         <name>.debug_info</name>
         <load_address>0x5ec8</load_address>
         <run_address>0x5ec8</run_address>
         <size>0x1ac</size>
         <input_file_ref idref="fl-4a"/>
      </object_component>
      <object_component id="oc-1c4">
         <name>.debug_info</name>
         <load_address>0x6074</load_address>
         <run_address>0x6074</run_address>
         <size>0x139</size>
         <input_file_ref idref="fl-4a"/>
      </object_component>
      <object_component id="oc-11d">
         <name>.debug_info</name>
         <load_address>0x61ad</load_address>
         <run_address>0x61ad</run_address>
         <size>0x15c</size>
         <input_file_ref idref="fl-4a"/>
      </object_component>
      <object_component id="oc-75">
         <name>.debug_info</name>
         <load_address>0x6309</load_address>
         <run_address>0x6309</run_address>
         <size>0x1bf</size>
         <input_file_ref idref="fl-4a"/>
      </object_component>
      <object_component id="oc-2d">
         <name>.debug_info</name>
         <load_address>0x64c8</load_address>
         <run_address>0x64c8</run_address>
         <size>0x1ba</size>
         <input_file_ref idref="fl-4a"/>
      </object_component>
      <object_component id="oc-27">
         <name>.debug_info</name>
         <load_address>0x6682</load_address>
         <run_address>0x6682</run_address>
         <size>0x21c</size>
         <input_file_ref idref="fl-4a"/>
      </object_component>
      <object_component id="oc-8c">
         <name>.debug_info</name>
         <load_address>0x689e</load_address>
         <run_address>0x689e</run_address>
         <size>0x192</size>
         <input_file_ref idref="fl-4a"/>
      </object_component>
      <object_component id="oc-a4">
         <name>.debug_info</name>
         <load_address>0x6a30</load_address>
         <run_address>0x6a30</run_address>
         <size>0x1e5</size>
         <input_file_ref idref="fl-4a"/>
      </object_component>
      <object_component id="oc-b6">
         <name>.debug_info</name>
         <load_address>0x6c15</load_address>
         <run_address>0x6c15</run_address>
         <size>0x1bf</size>
         <input_file_ref idref="fl-4a"/>
      </object_component>
      <object_component id="oc-237">
         <name>.debug_info</name>
         <load_address>0x6dd4</load_address>
         <run_address>0x6dd4</run_address>
         <size>0x4b1</size>
         <input_file_ref idref="fl-4a"/>
      </object_component>
      <object_component id="oc-92">
         <name>.debug_info</name>
         <load_address>0x7285</load_address>
         <run_address>0x7285</run_address>
         <size>0x14e</size>
         <input_file_ref idref="fl-4a"/>
      </object_component>
      <object_component id="oc-e1">
         <name>.debug_info</name>
         <load_address>0x73d3</load_address>
         <run_address>0x73d3</run_address>
         <size>0x1ab</size>
         <input_file_ref idref="fl-4a"/>
      </object_component>
      <object_component id="oc-e7">
         <name>.debug_info</name>
         <load_address>0x757e</load_address>
         <run_address>0x757e</run_address>
         <size>0x1c7</size>
         <input_file_ref idref="fl-4a"/>
      </object_component>
      <object_component id="oc-ed">
         <name>.debug_info</name>
         <load_address>0x7745</load_address>
         <run_address>0x7745</run_address>
         <size>0x211</size>
         <input_file_ref idref="fl-4a"/>
      </object_component>
      <object_component id="oc-f2">
         <name>.debug_info</name>
         <load_address>0x7956</load_address>
         <run_address>0x7956</run_address>
         <size>0x1bd</size>
         <input_file_ref idref="fl-4a"/>
      </object_component>
      <object_component id="oc-f8">
         <name>.debug_info</name>
         <load_address>0x7b13</load_address>
         <run_address>0x7b13</run_address>
         <size>0x1fe</size>
         <input_file_ref idref="fl-4a"/>
      </object_component>
      <object_component id="oc-97">
         <name>.debug_info</name>
         <load_address>0x7d11</load_address>
         <run_address>0x7d11</run_address>
         <size>0x825</size>
         <input_file_ref idref="fl-4a"/>
      </object_component>
      <object_component id="oc-100">
         <name>.debug_info</name>
         <load_address>0x8536</load_address>
         <run_address>0x8536</run_address>
         <size>0x18f</size>
         <input_file_ref idref="fl-4a"/>
      </object_component>
      <object_component id="oc-106">
         <name>.debug_info</name>
         <load_address>0x86c5</load_address>
         <run_address>0x86c5</run_address>
         <size>0x1ac</size>
         <input_file_ref idref="fl-4a"/>
      </object_component>
      <object_component id="oc-9e">
         <name>.debug_info</name>
         <load_address>0x8871</load_address>
         <run_address>0x8871</run_address>
         <size>0x191</size>
         <input_file_ref idref="fl-4a"/>
      </object_component>
      <object_component id="oc-aa">
         <name>.debug_info</name>
         <load_address>0x8a02</load_address>
         <run_address>0x8a02</run_address>
         <size>0x196</size>
         <input_file_ref idref="fl-4a"/>
      </object_component>
      <object_component id="oc-b0">
         <name>.debug_info</name>
         <load_address>0x8b98</load_address>
         <run_address>0x8b98</run_address>
         <size>0x18c</size>
         <input_file_ref idref="fl-4a"/>
      </object_component>
      <object_component id="oc-4d">
         <name>.debug_info</name>
         <load_address>0x8d24</load_address>
         <run_address>0x8d24</run_address>
         <size>0x2b8</size>
         <input_file_ref idref="fl-4a"/>
      </object_component>
      <object_component id="oc-2c1">
         <name>.debug_info</name>
         <load_address>0x8fdc</load_address>
         <run_address>0x8fdc</run_address>
         <size>0x100</size>
      </object_component>
      <object_component id="oc-17f">
         <name>.debug_line</name>
         <load_address>0x0</load_address>
         <run_address>0x0</run_address>
         <size>0x43</size>
         <input_file_ref idref="fl-2"/>
      </object_component>
      <object_component id="oc-dd">
         <name>.debug_line</name>
         <load_address>0x43</load_address>
         <run_address>0x43</run_address>
         <size>0x123</size>
         <input_file_ref idref="fl-2"/>
      </object_component>
      <object_component id="oc-181">
         <name>.debug_line</name>
         <load_address>0x166</load_address>
         <run_address>0x166</run_address>
         <size>0xe5</size>
         <input_file_ref idref="fl-2"/>
      </object_component>
      <object_component id="oc-d3">
         <name>.debug_line</name>
         <load_address>0x24b</load_address>
         <run_address>0x24b</run_address>
         <size>0x2e</size>
         <input_file_ref idref="fl-3"/>
      </object_component>
      <object_component id="oc-1b6">
         <name>.debug_line</name>
         <load_address>0x279</load_address>
         <run_address>0x279</run_address>
         <size>0x16a</size>
         <input_file_ref idref="fl-3"/>
      </object_component>
      <object_component id="oc-170">
         <name>.debug_line</name>
         <load_address>0x3e3</load_address>
         <run_address>0x3e3</run_address>
         <size>0x385</size>
         <input_file_ref idref="fl-3"/>
      </object_component>
      <object_component id="oc-4a">
         <name>.debug_line</name>
         <load_address>0x768</load_address>
         <run_address>0x768</run_address>
         <size>0x1a7</size>
         <input_file_ref idref="fl-3"/>
      </object_component>
      <object_component id="oc-d5">
         <name>.debug_line</name>
         <load_address>0x90f</load_address>
         <run_address>0x90f</run_address>
         <size>0x5db</size>
         <input_file_ref idref="fl-3"/>
      </object_component>
      <object_component id="oc-112">
         <name>.debug_line</name>
         <load_address>0xeea</load_address>
         <run_address>0xeea</run_address>
         <size>0x47</size>
         <input_file_ref idref="fl-6"/>
      </object_component>
      <object_component id="oc-230">
         <name>.debug_line</name>
         <load_address>0xf31</load_address>
         <run_address>0xf31</run_address>
         <size>0xde</size>
         <input_file_ref idref="fl-6"/>
      </object_component>
      <object_component id="oc-1da">
         <name>.debug_line</name>
         <load_address>0x100f</load_address>
         <run_address>0x100f</run_address>
         <size>0x54</size>
         <input_file_ref idref="fl-6"/>
      </object_component>
      <object_component id="oc-20f">
         <name>.debug_line</name>
         <load_address>0x1063</load_address>
         <run_address>0x1063</run_address>
         <size>0x56</size>
         <input_file_ref idref="fl-6"/>
      </object_component>
      <object_component id="oc-1a8">
         <name>.debug_line</name>
         <load_address>0x10b9</load_address>
         <run_address>0x10b9</run_address>
         <size>0xf9</size>
         <input_file_ref idref="fl-6"/>
      </object_component>
      <object_component id="oc-1fe">
         <name>.debug_line</name>
         <load_address>0x11b2</load_address>
         <run_address>0x11b2</run_address>
         <size>0xa7</size>
         <input_file_ref idref="fl-6"/>
      </object_component>
      <object_component id="oc-19c">
         <name>.debug_line</name>
         <load_address>0x1259</load_address>
         <run_address>0x1259</run_address>
         <size>0x134</size>
         <input_file_ref idref="fl-6"/>
      </object_component>
      <object_component id="oc-1a2">
         <name>.debug_line</name>
         <load_address>0x138d</load_address>
         <run_address>0x138d</run_address>
         <size>0x1b4</size>
         <input_file_ref idref="fl-6"/>
      </object_component>
      <object_component id="oc-184">
         <name>.debug_line</name>
         <load_address>0x1541</load_address>
         <run_address>0x1541</run_address>
         <size>0x168</size>
         <input_file_ref idref="fl-6"/>
      </object_component>
      <object_component id="oc-36">
         <name>.debug_line</name>
         <load_address>0x16a9</load_address>
         <run_address>0x16a9</run_address>
         <size>0x54</size>
         <input_file_ref idref="fl-7"/>
      </object_component>
      <object_component id="oc-83">
         <name>.debug_line</name>
         <load_address>0x16fd</load_address>
         <run_address>0x16fd</run_address>
         <size>0x5c</size>
         <input_file_ref idref="fl-7"/>
      </object_component>
      <object_component id="oc-217">
         <name>.debug_line</name>
         <load_address>0x1759</load_address>
         <run_address>0x1759</run_address>
         <size>0x7f</size>
         <input_file_ref idref="fl-16"/>
      </object_component>
      <object_component id="oc-281">
         <name>.debug_line</name>
         <load_address>0x17d8</load_address>
         <run_address>0x17d8</run_address>
         <size>0x9c</size>
         <input_file_ref idref="fl-16"/>
      </object_component>
      <object_component id="oc-1d7">
         <name>.debug_line</name>
         <load_address>0x1874</load_address>
         <run_address>0x1874</run_address>
         <size>0xdd</size>
         <input_file_ref idref="fl-1a"/>
      </object_component>
      <object_component id="oc-264">
         <name>.debug_line</name>
         <load_address>0x1951</load_address>
         <run_address>0x1951</run_address>
         <size>0x7e</size>
         <input_file_ref idref="fl-1a"/>
      </object_component>
      <object_component id="oc-5c">
         <name>.debug_line</name>
         <load_address>0x19cf</load_address>
         <run_address>0x19cf</run_address>
         <size>0x57</size>
         <input_file_ref idref="fl-20"/>
      </object_component>
      <object_component id="oc-54">
         <name>.debug_line</name>
         <load_address>0x1a26</load_address>
         <run_address>0x1a26</run_address>
         <size>0x6f</size>
         <input_file_ref idref="fl-20"/>
      </object_component>
      <object_component id="oc-1af">
         <name>.debug_line</name>
         <load_address>0x1a95</load_address>
         <run_address>0x1a95</run_address>
         <size>0xa8</size>
         <input_file_ref idref="fl-20"/>
      </object_component>
      <object_component id="oc-5f">
         <name>.debug_line</name>
         <load_address>0x1b3d</load_address>
         <run_address>0x1b3d</run_address>
         <size>0x57</size>
         <input_file_ref idref="fl-20"/>
      </object_component>
      <object_component id="oc-be">
         <name>.debug_line</name>
         <load_address>0x1b94</load_address>
         <run_address>0x1b94</run_address>
         <size>0xab</size>
         <input_file_ref idref="fl-20"/>
      </object_component>
      <object_component id="oc-65">
         <name>.debug_line</name>
         <load_address>0x1c3f</load_address>
         <run_address>0x1c3f</run_address>
         <size>0x58</size>
         <input_file_ref idref="fl-20"/>
      </object_component>
      <object_component id="oc-119">
         <name>.debug_line</name>
         <load_address>0x1c97</load_address>
         <run_address>0x1c97</run_address>
         <size>0x21</size>
         <input_file_ref idref="fl-20"/>
      </object_component>
      <object_component id="oc-27d">
         <name>.debug_line</name>
         <load_address>0x1cb8</load_address>
         <run_address>0x1cb8</run_address>
         <size>0xa8</size>
         <input_file_ref idref="fl-29"/>
      </object_component>
      <object_component id="oc-26c">
         <name>.debug_line</name>
         <load_address>0x1d60</load_address>
         <run_address>0x1d60</run_address>
         <size>0x91</size>
         <input_file_ref idref="fl-29"/>
      </object_component>
      <object_component id="oc-272">
         <name>.debug_line</name>
         <load_address>0x1df1</load_address>
         <run_address>0x1df1</run_address>
         <size>0xb8</size>
         <input_file_ref idref="fl-29"/>
      </object_component>
      <object_component id="oc-241">
         <name>.debug_line</name>
         <load_address>0x1ea9</load_address>
         <run_address>0x1ea9</run_address>
         <size>0x6c</size>
         <input_file_ref idref="fl-29"/>
      </object_component>
      <object_component id="oc-247">
         <name>.debug_line</name>
         <load_address>0x1f15</load_address>
         <run_address>0x1f15</run_address>
         <size>0x210</size>
         <input_file_ref idref="fl-29"/>
      </object_component>
      <object_component id="oc-1e0">
         <name>.debug_line</name>
         <load_address>0x2125</load_address>
         <run_address>0x2125</run_address>
         <size>0x1ae</size>
         <input_file_ref idref="fl-29"/>
      </object_component>
      <object_component id="oc-24f">
         <name>.debug_line</name>
         <load_address>0x22d3</load_address>
         <run_address>0x22d3</run_address>
         <size>0x89</size>
         <input_file_ref idref="fl-29"/>
      </object_component>
      <object_component id="oc-1e6">
         <name>.debug_line</name>
         <load_address>0x235c</load_address>
         <run_address>0x235c</run_address>
         <size>0xfc</size>
         <input_file_ref idref="fl-29"/>
      </object_component>
      <object_component id="oc-1ec">
         <name>.debug_line</name>
         <load_address>0x2458</load_address>
         <run_address>0x2458</run_address>
         <size>0xcb</size>
         <input_file_ref idref="fl-29"/>
      </object_component>
      <object_component id="oc-1f6">
         <name>.debug_line</name>
         <load_address>0x2523</load_address>
         <run_address>0x2523</run_address>
         <size>0x61</size>
         <input_file_ref idref="fl-29"/>
      </object_component>
      <object_component id="oc-1fc">
         <name>.debug_line</name>
         <load_address>0x2584</load_address>
         <run_address>0x2584</run_address>
         <size>0x88</size>
         <input_file_ref idref="fl-29"/>
      </object_component>
      <object_component id="oc-209">
         <name>.debug_line</name>
         <load_address>0x260c</load_address>
         <run_address>0x260c</run_address>
         <size>0x5d</size>
         <input_file_ref idref="fl-29"/>
      </object_component>
      <object_component id="oc-277">
         <name>.debug_line</name>
         <load_address>0x2669</load_address>
         <run_address>0x2669</run_address>
         <size>0x60</size>
         <input_file_ref idref="fl-29"/>
      </object_component>
      <object_component id="oc-d0">
         <name>.debug_line</name>
         <load_address>0x26c9</load_address>
         <run_address>0x26c9</run_address>
         <size>0x50</size>
         <input_file_ref idref="fl-3d"/>
      </object_component>
      <object_component id="oc-142">
         <name>.debug_line</name>
         <load_address>0x2719</load_address>
         <run_address>0x2719</run_address>
         <size>0x74</size>
         <input_file_ref idref="fl-40"/>
      </object_component>
      <object_component id="oc-1d0">
         <name>.debug_line</name>
         <load_address>0x278d</load_address>
         <run_address>0x278d</run_address>
         <size>0x21</size>
         <input_file_ref idref="fl-40"/>
      </object_component>
      <object_component id="oc-1c1">
         <name>.debug_line</name>
         <load_address>0x27ae</load_address>
         <run_address>0x27ae</run_address>
         <size>0x2b</size>
         <input_file_ref idref="fl-44"/>
      </object_component>
      <object_component id="oc-12d">
         <name>.debug_line</name>
         <load_address>0x27d9</load_address>
         <run_address>0x27d9</run_address>
         <size>0x66</size>
         <input_file_ref idref="fl-44"/>
      </object_component>
      <object_component id="oc-1cb">
         <name>.debug_line</name>
         <load_address>0x283f</load_address>
         <run_address>0x283f</run_address>
         <size>0x21</size>
         <input_file_ref idref="fl-44"/>
      </object_component>
      <object_component id="oc-123">
         <name>.debug_line</name>
         <load_address>0x2860</load_address>
         <run_address>0x2860</run_address>
         <size>0x4e</size>
         <input_file_ref idref="fl-46"/>
      </object_component>
      <object_component id="oc-1be">
         <name>.debug_line</name>
         <load_address>0x28ae</load_address>
         <run_address>0x28ae</run_address>
         <size>0x30</size>
         <input_file_ref idref="fl-46"/>
      </object_component>
      <object_component id="oc-188">
         <name>.debug_line</name>
         <load_address>0x28de</load_address>
         <run_address>0x28de</run_address>
         <size>0x3b</size>
         <input_file_ref idref="fl-49"/>
      </object_component>
      <object_component id="oc-22a">
         <name>.debug_line</name>
         <load_address>0x2919</load_address>
         <run_address>0x2919</run_address>
         <size>0x21</size>
         <input_file_ref idref="fl-49"/>
      </object_component>
      <object_component id="oc-1c9">
         <name>.debug_line</name>
         <load_address>0x293a</load_address>
         <run_address>0x293a</run_address>
         <size>0x2c</size>
         <input_file_ref idref="fl-4a"/>
      </object_component>
      <object_component id="oc-25c">
         <name>.debug_line</name>
         <load_address>0x2966</load_address>
         <run_address>0x2966</run_address>
         <size>0x3e</size>
         <input_file_ref idref="fl-4a"/>
      </object_component>
      <object_component id="oc-25e">
         <name>.debug_line</name>
         <load_address>0x29a4</load_address>
         <run_address>0x29a4</run_address>
         <size>0x3e</size>
         <input_file_ref idref="fl-4a"/>
      </object_component>
      <object_component id="oc-260">
         <name>.debug_line</name>
         <load_address>0x29e2</load_address>
         <run_address>0x29e2</run_address>
         <size>0x3e</size>
         <input_file_ref idref="fl-4a"/>
      </object_component>
      <object_component id="oc-262">
         <name>.debug_line</name>
         <load_address>0x2a20</load_address>
         <run_address>0x2a20</run_address>
         <size>0x3e</size>
         <input_file_ref idref="fl-4a"/>
      </object_component>
      <object_component id="oc-227">
         <name>.debug_line</name>
         <load_address>0x2a5e</load_address>
         <run_address>0x2a5e</run_address>
         <size>0x3e</size>
         <input_file_ref idref="fl-4a"/>
      </object_component>
      <object_component id="oc-6d">
         <name>.debug_line</name>
         <load_address>0x2a9c</load_address>
         <run_address>0x2a9c</run_address>
         <size>0x63</size>
         <input_file_ref idref="fl-4a"/>
      </object_component>
      <object_component id="oc-1c3">
         <name>.debug_line</name>
         <load_address>0x2aff</load_address>
         <run_address>0x2aff</run_address>
         <size>0x39</size>
         <input_file_ref idref="fl-4a"/>
      </object_component>
      <object_component id="oc-11c">
         <name>.debug_line</name>
         <load_address>0x2b38</load_address>
         <run_address>0x2b38</run_address>
         <size>0x3f</size>
         <input_file_ref idref="fl-4a"/>
      </object_component>
      <object_component id="oc-74">
         <name>.debug_line</name>
         <load_address>0x2b77</load_address>
         <run_address>0x2b77</run_address>
         <size>0x4d</size>
         <input_file_ref idref="fl-4a"/>
      </object_component>
      <object_component id="oc-2c">
         <name>.debug_line</name>
         <load_address>0x2bc4</load_address>
         <run_address>0x2bc4</run_address>
         <size>0x57</size>
         <input_file_ref idref="fl-4a"/>
      </object_component>
      <object_component id="oc-26">
         <name>.debug_line</name>
         <load_address>0x2c1b</load_address>
         <run_address>0x2c1b</run_address>
         <size>0x95</size>
         <input_file_ref idref="fl-4a"/>
      </object_component>
      <object_component id="oc-8b">
         <name>.debug_line</name>
         <load_address>0x2cb0</load_address>
         <run_address>0x2cb0</run_address>
         <size>0x5a</size>
         <input_file_ref idref="fl-4a"/>
      </object_component>
      <object_component id="oc-a3">
         <name>.debug_line</name>
         <load_address>0x2d0a</load_address>
         <run_address>0x2d0a</run_address>
         <size>0x7b</size>
         <input_file_ref idref="fl-4a"/>
      </object_component>
      <object_component id="oc-b5">
         <name>.debug_line</name>
         <load_address>0x2d85</load_address>
         <run_address>0x2d85</run_address>
         <size>0x5a</size>
         <input_file_ref idref="fl-4a"/>
      </object_component>
      <object_component id="oc-236">
         <name>.debug_line</name>
         <load_address>0x2ddf</load_address>
         <run_address>0x2ddf</run_address>
         <size>0x217</size>
         <input_file_ref idref="fl-4a"/>
      </object_component>
      <object_component id="oc-91">
         <name>.debug_line</name>
         <load_address>0x2ff6</load_address>
         <run_address>0x2ff6</run_address>
         <size>0x11c</size>
         <input_file_ref idref="fl-4a"/>
      </object_component>
      <object_component id="oc-e0">
         <name>.debug_line</name>
         <load_address>0x3112</load_address>
         <run_address>0x3112</run_address>
         <size>0x7c</size>
         <input_file_ref idref="fl-4a"/>
      </object_component>
      <object_component id="oc-e6">
         <name>.debug_line</name>
         <load_address>0x318e</load_address>
         <run_address>0x318e</run_address>
         <size>0x79</size>
         <input_file_ref idref="fl-4a"/>
      </object_component>
      <object_component id="oc-ec">
         <name>.debug_line</name>
         <load_address>0x3207</load_address>
         <run_address>0x3207</run_address>
         <size>0xaa</size>
         <input_file_ref idref="fl-4a"/>
      </object_component>
      <object_component id="oc-f5">
         <name>.debug_line</name>
         <load_address>0x32b1</load_address>
         <run_address>0x32b1</run_address>
         <size>0x5b</size>
         <input_file_ref idref="fl-4a"/>
      </object_component>
      <object_component id="oc-fb">
         <name>.debug_line</name>
         <load_address>0x330c</load_address>
         <run_address>0x330c</run_address>
         <size>0xca</size>
         <input_file_ref idref="fl-4a"/>
      </object_component>
      <object_component id="oc-9a">
         <name>.debug_line</name>
         <load_address>0x33d6</load_address>
         <run_address>0x33d6</run_address>
         <size>0x202</size>
         <input_file_ref idref="fl-4a"/>
      </object_component>
      <object_component id="oc-ff">
         <name>.debug_line</name>
         <load_address>0x35d8</load_address>
         <run_address>0x35d8</run_address>
         <size>0x7c</size>
         <input_file_ref idref="fl-4a"/>
      </object_component>
      <object_component id="oc-105">
         <name>.debug_line</name>
         <load_address>0x3654</load_address>
         <run_address>0x3654</run_address>
         <size>0x66</size>
         <input_file_ref idref="fl-4a"/>
      </object_component>
      <object_component id="oc-9d">
         <name>.debug_line</name>
         <load_address>0x36ba</load_address>
         <run_address>0x36ba</run_address>
         <size>0x15b</size>
         <input_file_ref idref="fl-4a"/>
      </object_component>
      <object_component id="oc-a9">
         <name>.debug_line</name>
         <load_address>0x3815</load_address>
         <run_address>0x3815</run_address>
         <size>0x59</size>
         <input_file_ref idref="fl-4a"/>
      </object_component>
      <object_component id="oc-af">
         <name>.debug_line</name>
         <load_address>0x386e</load_address>
         <run_address>0x386e</run_address>
         <size>0x57</size>
         <input_file_ref idref="fl-4a"/>
      </object_component>
      <object_component id="oc-4c">
         <name>.debug_line</name>
         <load_address>0x38c5</load_address>
         <run_address>0x38c5</run_address>
         <size>0x134</size>
         <input_file_ref idref="fl-4a"/>
      </object_component>
      <object_component id="oc-c7">
         <name>.debug_line</name>
         <load_address>0x39f9</load_address>
         <run_address>0x39f9</run_address>
         <size>0x67c</size>
         <input_file_ref idref="fl-4a"/>
      </object_component>
      <object_component id="oc-d9">
         <name>.debug_frame</name>
         <load_address>0x0</load_address>
         <run_address>0x0</run_address>
         <size>0x24</size>
         <input_file_ref idref="fl-2"/>
      </object_component>
      <object_component id="oc-1b4">
         <name>.debug_frame</name>
         <load_address>0x24</load_address>
         <run_address>0x24</run_address>
         <size>0x40</size>
         <input_file_ref idref="fl-3"/>
      </object_component>
      <object_component id="oc-16f">
         <name>.debug_frame</name>
         <load_address>0x64</load_address>
         <run_address>0x64</run_address>
         <size>0x44</size>
         <input_file_ref idref="fl-3"/>
      </object_component>
      <object_component id="oc-49">
         <name>.debug_frame</name>
         <load_address>0xa8</load_address>
         <run_address>0xa8</run_address>
         <size>0x64</size>
         <input_file_ref idref="fl-3"/>
      </object_component>
      <object_component id="oc-10e">
         <name>.debug_frame</name>
         <load_address>0x10c</load_address>
         <run_address>0x10c</run_address>
         <size>0x40</size>
         <input_file_ref idref="fl-6"/>
      </object_component>
      <object_component id="oc-231">
         <name>.debug_frame</name>
         <load_address>0x14c</load_address>
         <run_address>0x14c</run_address>
         <size>0x40</size>
         <input_file_ref idref="fl-6"/>
      </object_component>
      <object_component id="oc-1db">
         <name>.debug_frame</name>
         <load_address>0x18c</load_address>
         <run_address>0x18c</run_address>
         <size>0x44</size>
         <input_file_ref idref="fl-6"/>
      </object_component>
      <object_component id="oc-210">
         <name>.debug_frame</name>
         <load_address>0x1d0</load_address>
         <run_address>0x1d0</run_address>
         <size>0x40</size>
         <input_file_ref idref="fl-6"/>
      </object_component>
      <object_component id="oc-1ac">
         <name>.debug_frame</name>
         <load_address>0x210</load_address>
         <run_address>0x210</run_address>
         <size>0x40</size>
         <input_file_ref idref="fl-6"/>
      </object_component>
      <object_component id="oc-202">
         <name>.debug_frame</name>
         <load_address>0x250</load_address>
         <run_address>0x250</run_address>
         <size>0x44</size>
         <input_file_ref idref="fl-6"/>
      </object_component>
      <object_component id="oc-1a0">
         <name>.debug_frame</name>
         <load_address>0x294</load_address>
         <run_address>0x294</run_address>
         <size>0x44</size>
         <input_file_ref idref="fl-6"/>
      </object_component>
      <object_component id="oc-1a6">
         <name>.debug_frame</name>
         <load_address>0x2d8</load_address>
         <run_address>0x2d8</run_address>
         <size>0x40</size>
         <input_file_ref idref="fl-6"/>
      </object_component>
      <object_component id="oc-218">
         <name>.debug_frame</name>
         <load_address>0x318</load_address>
         <run_address>0x318</run_address>
         <size>0x50</size>
         <input_file_ref idref="fl-16"/>
      </object_component>
      <object_component id="oc-1d8">
         <name>.debug_frame</name>
         <load_address>0x368</load_address>
         <run_address>0x368</run_address>
         <size>0x5c</size>
         <input_file_ref idref="fl-1a"/>
      </object_component>
      <object_component id="oc-58">
         <name>.debug_frame</name>
         <load_address>0x3c4</load_address>
         <run_address>0x3c4</run_address>
         <size>0x48</size>
         <input_file_ref idref="fl-20"/>
      </object_component>
      <object_component id="oc-53">
         <name>.debug_frame</name>
         <load_address>0x40c</load_address>
         <run_address>0x40c</run_address>
         <size>0x40</size>
         <input_file_ref idref="fl-20"/>
      </object_component>
      <object_component id="oc-1b0">
         <name>.debug_frame</name>
         <load_address>0x44c</load_address>
         <run_address>0x44c</run_address>
         <size>0x40</size>
         <input_file_ref idref="fl-20"/>
      </object_component>
      <object_component id="oc-5e">
         <name>.debug_frame</name>
         <load_address>0x48c</load_address>
         <run_address>0x48c</run_address>
[...]
         <origin>0x90000</origin>
         <length>0x8000</length>
         <used_space>0x19d</used_space>
         <unused_space>0x7e63</unused_space>
         <attributes>RWIX</attributes>
         <usage_details>
            <allocated_space>
               <start_address>0x90000</start_address>
               <size>0x19d</size>
               <logical_group_ref idref="lg-d"/>
            </allocated_space>
            <available_space>
               <start_address>0x9019d</start_address>
               <size>0x7e63</size>
            </available_space>
         </usage_details>
      </memory_area>
      <memory_area display="yes" color="green">
         <name>FLASH6</name>
         <page_id>0x0</page_id>
         <origin>0x98000</origin>
         <length>0x8000</length>
         <used_space>0x0</used_space>
         <unused_space>0x8000</unused_space>
         <attributes>RWIX</attributes>
         <usage_details>
         </usage_details>
      </memory_area>
      <memory_area display="yes" color="green">
         <name>FLASH7</name>
         <page_id>0x0</page_id>
         <origin>0xa0000</origin>
         <length>0x8000</length>
         <used_space>0x0</used_space>
         <unused_space>0x8000</unused_space>
         <attributes>RWIX</attributes>
         <usage_details>
         </usage_details>
      </memory_area>
      <memory_area display="yes" color="green">
         <name>FLASH8</name>
         <page_id>0x0</page_id>
         <origin>0xa8000</origin>
         <length>0x8000</length>
         <used_space>0x0</used_space>
         <unused_space>0x8000</unused_space>
         <attributes>RWIX</attributes>
         <usage_details>
         </usage_details>
      </memory_area>
      <memory_area display="yes" color="green">
         <name>FLASH9</name>
         <page_id>0x0</page_id>
         <origin>0xb0000</origin>
         <length>0x8000</length>
         <used_space>0x0</used_space>
         <unused_space>0x8000</unused_space>
         <attributes>RWIX</attributes>
         <usage_details>
         </usage_details>
      </memory_area>
      <memory_area display="yes" color="green">
         <name>FLASH10</name>
         <page_id>0x0</page_id>
         <origin>0xb8000</origin>
         <length>0x2000</length>
         <used_space>0x0</used_space>
         <unused_space>0x2000</unused_space>
         <attributes>RWIX</attributes>
         <usage_details>
         </usage_details>
      </memory_area>
      <memory_area display="yes" color="green">
         <name>FLASH11</name>
         <page_id>0x0</page_id>
         <origin>0xba000</origin>
         <length>0x2000</length>
         <used_space>0x0</used_space>
         <unused_space>0x2000</unused_space>
         <attributes>RWIX</attributes>
         <usage_details>
         </usage_details>
      </memory_area>
      <memory_area display="yes" color="green">
         <name>FLASH12</name>
         <page_id>0x0</page_id>
         <origin>0xbc000</origin>
         <length>0x2000</length>
         <used_space>0x0</used_space>
         <unused_space>0x2000</unused_space>
         <attributes>RWIX</attributes>
         <usage_details>
         </usage_details>
      </memory_area>
      <memory_area display="yes" color="green">
         <name>FLASH13</name>
         <page_id>0x0</page_id>
         <origin>0xbe000</origin>
         <length>0x1ff0</length>
         <used_space>0x0</used_space>
         <unused_space>0x1ff0</unused_space>
         <attributes>RWIX</attributes>
         <usage_details>
         </usage_details>
      </memory_area>
      <memory_area display="no" color="green">
         <name>RESET</name>
         <page_id>0x0</page_id>
         <origin>0x3fffc0</origin>
         <length>0x2</length>
         <used_space>0x0</used_space>
         <unused_space>0x2</unused_space>
         <attributes>RWIX</attributes>
         <usage_details>
         </usage_details>
      </memory_area>
   </placement_map>
   <cptbl_list>
      <cptbl>
         <name>__TI_cinit_table</name>
         <cprec>
            <name>.data</name>
            <load_address>0x83400</load_address>
            <load_size>0x9</load_size>
            <run_address>0xa000</run_address>
            <run_size>0xa</run_size>
            <compression>lzss</compression>
         </cprec>
         <cprec>
            <name>.bss_cla</name>
            <load_address>0x83410</load_address>
            <load_size>0x4</load_size>
            <run_address>0x8900</run_address>
            <run_size>0x2</run_size>
            <compression>zero_init</compression>
         </cprec>
      </cptbl>
   </cptbl_list>
   <handler_table>
      <handler_table_name>__TI_handler_table</handler_table_name>
      <handler>
         <index>0x0</index>
         <name>__TI_decompress_lzss</name>
      </handler>
      <handler>
         <index>0x1</index>
         <name>__TI_decompress_none</name>
      </handler>
      <handler>
         <index>0x2</index>
         <name>__TI_zero_init</name>
      </handler>
   </handler_table>
   <symbol_table>
      <symbol id="sm-1">
         <name>CLA_SCRATCHPAD_SIZE</name>
         <value>0x100</value>
      </symbol>
      <symbol id="sm-2">
         <name>Cla1funcsLoadStart</name>
         <value>0x88000</value>
      </symbol>
      <symbol id="sm-3">
         <name>Cla1funcsLoadEnd</name>
         <value>0x8803a</value>
      </symbol>
      <symbol id="sm-4">
         <name>Cla1funcsRunStart</name>
         <value>0xa800</value>
      </symbol>
      <symbol id="sm-5">
         <name>Cla1funcsLoadSize</name>
         <value>0x3a</value>
      </symbol>
      <symbol id="sm-6">
         <name>Cla1ConstRunStart</name>
         <value>0x8800</value>
      </symbol>
      <symbol id="sm-7">
         <name>Cla1ConstLoadStart</name>
         <value>0x8800</value>
      </symbol>
      <symbol id="sm-8">
         <name>Cla1ConstLoadSize</name>
         <value>0x0</value>
      </symbol>
      <symbol id="sm-9">
         <name>RamfuncsLoadStart</name>
         <value>0x86000</value>
      </symbol>
      <symbol id="sm-a">
         <name>RamfuncsLoadSize</name>
         <value>0xd5</value>
      </symbol>
      <symbol id="sm-b">
         <name>RamfuncsLoadEnd</name>
         <value>0x860d5</value>
      </symbol>
      <symbol id="sm-c">
         <name>RamfuncsRunStart</name>
         <value>0xc000</value>
      </symbol>
      <symbol id="sm-d">
         <name>RamfuncsRunSize</name>
         <value>0xd5</value>
      </symbol>
      <symbol id="sm-e">
         <name>RamfuncsRunEnd</name>
         <value>0xc0d5</value>
      </symbol>
      <symbol id="sm-f">
         <name>__TI_CINIT_Base</name>
         <value>0x83414</value>
      </symbol>
      <symbol id="sm-10">
         <name>__TI_CINIT_Limit</name>
         <value>0x8341c</value>
      </symbol>
      <symbol id="sm-11">
         <name>__TI_CINIT_Warm</name>
         <value>0x8341c</value>
      </symbol>
      <symbol id="sm-12">
         <name>__TI_Handler_Table_Base</name>
         <value>0x8340a</value>
      </symbol>
      <symbol id="sm-13">
         <name>__TI_Handler_Table_Limit</name>
         <value>0x83410</value>
      </symbol>
      <symbol id="sm-14">
         <name>__TI_STACK_SIZE</name>
         <value>0x3f8</value>
      </symbol>
      <symbol id="sm-15">
         <name>__TI_STACK_END</name>
         <value>0x7f8</value>
      </symbol>
      <symbol id="sm-16">
         <name>__TI_pprof_out_hndl</name>
         <value>0xffffffff</value>
      </symbol>
      <symbol id="sm-17">
         <name>__TI_prof_data_start</name>
         <value>0xffffffff</value>
      </symbol>
      <symbol id="sm-18">
         <name>__TI_prof_data_size</name>
         <value>0xffffffff</value>
      </symbol>
      <symbol id="sm-182">
         <name>GPIO_setQualificationMode</name>
         <value>0x83235</value>
         <object_component_ref idref="oc-a8"/>
      </symbol>
      <symbol id="sm-183">
         <name>ADC_setOffsetTrim</name>
         <value>0x831c9</value>
         <object_component_ref idref="oc-104"/>
      </symbol>
      <symbol id="sm-184">
         <name>MemCfg_initSections</name>
         <value>0x82dc1</value>
         <object_component_ref idref="oc-df"/>
      </symbol>
      <symbol id="sm-185">
         <name>MemCfg_setGSRAMControllerSel</name>
         <value>0x83273</value>
         <object_component_ref idref="oc-f1"/>
      </symbol>
      <symbol id="sm-186">
         <name>MemCfg_setLSRAMControllerSel</name>
         <value>0x82cf0</value>
         <object_component_ref idref="oc-eb"/>
      </symbol>
      <symbol id="sm-187">
         <name>memcpy</name>
         <value>0x832cc</value>
         <object_component_ref idref="oc-6c"/>
      </symbol>
      <symbol id="sm-188">
         <name>Board_init</name>
         <value>0x82ece</value>
         <object_component_ref idref="oc-4b"/>
      </symbol>
      <symbol id="sm-189">
         <name>_nop</name>
         <value>0x830b1</value>
         <object_component_ref idref="oc-1c2"/>
      </symbol>
      <symbol id="sm-18a">
         <name>MEMCFG_init</name>
         <value>0x825d8</value>
         <object_component_ref idref="oc-96"/>
      </symbol>
      <symbol id="sm-18b">
         <name>GPIO_setPadConfig</name>
         <value>0x82f6f</value>
         <object_component_ref idref="oc-a2"/>
      </symbol>
      <symbol id="sm-18c">
         <name>ADC_setINLTrim</name>
         <value>0x830b2</value>
         <object_component_ref idref="oc-fe"/>
      </symbol>
      <symbol id="sm-18d">
         <name>_lock</name>
         <value>0xa006</value>
         <object_component_ref idref="oc-179"/>
      </symbol>
      <symbol id="sm-18e">
         <name>DCC_verifyClockFrequency</name>
         <value>0x82000</value>
         <object_component_ref idref="oc-235"/>
      </symbol>
      <symbol id="sm-18f">
         <name>IPC_CPU_To_CM_GetBuffer</name>
         <value>0x38000</value>
         <object_component_ref idref="oc-223"/>
      </symbol>
      <symbol id="sm-190">
         <name>MemCfg_setProtection</name>
         <value>0x82968</value>
         <object_component_ref idref="oc-f7"/>
      </symbol>
      <symbol id="sm-191">
         <name>IPC_CPU1_To_CPU2_GetBuffer</name>
         <value>0x3b000</value>
         <object_component_ref idref="oc-21d"/>
      </symbol>
      <symbol id="sm-192">
         <name>__TI_zero_init_nomemset</name>
         <value>0x833ab</value>
         <object_component_ref idref="oc-73"/>
      </symbol>
      <symbol id="sm-193">
         <name>CPU1_ADCA_init</name>
         <value>0x82e21</value>
         <object_component_ref idref="oc-9c"/>
      </symbol>
      <symbol id="sm-194">
         <name>IPC_CPU1_To_CPU2_PutBuffer</name>
         <value>0x3a000</value>
         <object_component_ref idref="oc-21a"/>
      </symbol>
      <symbol id="sm-195">
         <name>GPIO_setDirectionMode</name>
         <value>0x83398</value>
         <object_component_ref idref="oc-ae"/>
      </symbol>
      <symbol id="sm-196">
         <name>MemCfg_getInitStatus</name>
         <value>0x82c80</value>
         <object_component_ref idref="oc-e5"/>
      </symbol>
      <symbol id="sm-197">
         <name>IPC_CPU_To_CM_PutBuffer</name>
         <value>0x39000</value>
         <object_component_ref idref="oc-220"/>
      </symbol>
      <symbol id="sm-198">
         <name>IPC_Instance</name>
         <value>0x90000</value>
         <object_component_ref idref="oc-1b9"/>
      </symbol>
      <symbol id="sm-199">
         <name>__TI_decompress_lzss</name>
         <value>0x83145</value>
         <object_component_ref idref="oc-25"/>
      </symbol>
      <symbol id="sm-19a">
         <name>myCLA0_init</name>
         <value>0x832af</value>
         <object_component_ref idref="oc-90"/>
      </symbol>
      <symbol id="sm-19b">
         <name>GPIO_setPinConfig</name>
         <value>0x83115</value>
         <object_component_ref idref="oc-8a"/>
      </symbol>
      <symbol id="sm-19c">
         <name>__TI_decompress_none</name>
         <value>0x833e4</value>
         <object_component_ref idref="oc-2b"/>
      </symbol>
      <symbol id="sm-19d">
         <name>_system_pre_init</name>
         <value>0x833f7</value>
         <object_component_ref idref="oc-11b"/>
      </symbol>
      <symbol id="sm-19e">
         <name>GPIO_setControllerCore</name>
         <value>0x830e5</value>
         <object_component_ref idref="oc-b4"/>
      </symbol>
      <symbol id="sm-1b3">
         <name>duty</name>
         <value>0x8900</value>
         <object_component_ref idref="oc-12f"/>
      </symbol>
      <symbol id="sm-1b4">
         <name>Cla1Task1</name>
         <value>0xa800</value>
         <object_component_ref idref="oc-d8"/>
      </symbol>
      <symbol id="sm-1d9">
         <name>INT_CPU1_ADCA_1_ISR</name>
         <value>0x83305</value>
         <object_component_ref idref="oc-45"/>
      </symbol>
      <symbol id="sm-1da">
         <name>main</name>
         <value>0x82a08</value>
         <object_component_ref idref="oc-16e"/>
      </symbol>
      <symbol id="sm-1db">
         <name>initEPWM</name>
         <value>0x82c0f</value>
         <object_component_ref idref="oc-1b3"/>
      </symbol>
      <symbol id="sm-1dc">
         <name>u32C28cnts</name>
         <value>0xa008</value>
         <object_component_ref idref="oc-85"/>
      </symbol>
      <symbol id="sm-222">
         <name>Device_enableAllPeripherals</name>
         <value>0x82471</value>
         <object_component_ref idref="oc-1fd"/>
      </symbol>
      <symbol id="sm-223">
         <name>Device_verifyXTAL</name>
         <value>0x832e9</value>
         <object_component_ref idref="oc-1d9"/>
      </symbol>
      <symbol id="sm-224">
         <name>Device_initGPIO</name>
         <value>0x83255</value>
         <object_component_ref idref="oc-1a7"/>
      </symbol>
      <symbol id="sm-225">
         <name>Device_bootCPU2</name>
         <value>0x8336e</value>
         <object_component_ref idref="oc-1a1"/>
      </symbol>
      <symbol id="sm-226">
         <name>Device_init</name>
         <value>0x82b22</value>
         <object_component_ref idref="oc-19b"/>
      </symbol>
      <symbol id="sm-227">
         <name>Device_enableUnbondedGPIOPullups</name>
         <value>0x83321</value>
         <object_component_ref idref="oc-20b"/>
      </symbol>
      <symbol id="sm-228">
         <name>__error__</name>
         <value>0x833f4</value>
         <object_component_ref idref="oc-10d"/>
      </symbol>
      <symbol id="sm-237">
         <name>code_start</name>
         <value>0x80000</value>
         <object_component_ref idref="oc-32"/>
      </symbol>
      <symbol id="sm-24a">
         <name>EPWM_setEmulationMode</name>
         <value>0x82e79</value>
         <object_component_ref idref="oc-213"/>
      </symbol>
      <symbol id="sm-266">
         <name>Flash_initModule</name>
         <value>0xc000</value>
         <object_component_ref idref="oc-1d3"/>
      </symbol>
      <symbol id="sm-29f">
         <name>Interrupt_defaultHandler</name>
         <value>0x833b8</value>
         <object_component_ref idref="oc-63"/>
      </symbol>
      <symbol id="sm-2a0">
         <name>Interrupt_initModule</name>
         <value>0x82ffe</value>
         <object_component_ref idref="oc-1ad"/>
      </symbol>
      <symbol id="sm-2a1">
         <name>Interrupt_nmiHandler</name>
         <value>0x833da</value>
         <object_component_ref idref="oc-51"/>
      </symbol>
      <symbol id="sm-2a2">
         <name>Interrupt_enable</name>
         <value>0x8307b</value>
         <object_component_ref idref="oc-ba"/>
      </symbol>
      <symbol id="sm-2a3">
         <name>Interrupt_initVectorTable</name>
         <value>0x83292</value>
         <object_component_ref idref="oc-52"/>
      </symbol>
      <symbol id="sm-2a4">
         <name>Interrupt_illegalOperationHandler</name>
         <value>0x833d0</value>
         <object_component_ref idref="oc-5d"/>
      </symbol>
      <symbol id="sm-354">
         <name>SysCtl_controlCPU2Reset</name>
         <value>0x83383</value>
         <object_component_ref idref="oc-204"/>
      </symbol>
      <symbol id="sm-355">
         <name>SysCtl_isPLLValid</name>
         <value>0x82290</value>
         <object_component_ref idref="oc-243"/>
      </symbol>
      <symbol id="sm-356">
         <name>SysCtl_delay</name>
         <value>0xc0d1</value>
         <object_component_ref idref="oc-10a"/>
      </symbol>
      <symbol id="sm-357">
         <name>SysCtl_getAuxClock</name>
         <value>0x82aa1</value>
         <object_component_ref idref="oc-1f7"/>
      </symbol>
      <symbol id="sm-358">
         <name>SysCtl_selectXTALSingleEnded</name>
         <value>0x83213</value>
         <object_component_ref idref="oc-268"/>
      </symbol>
      <symbol id="sm-359">
         <name>SysCtl_selectXTAL</name>
         <value>0x82fbc</value>
         <object_component_ref idref="oc-26e"/>
      </symbol>
      <symbol id="sm-35a">
         <name>SysCtl_selectOscSource</name>
         <value>0x8303f</value>
         <object_component_ref idref="oc-23d"/>
      </symbol>
      <symbol id="sm-35b">
         <name>SysCtl_getLowSpeedClock</name>
         <value>0x831ef</value>
         <object_component_ref idref="oc-1f1"/>
      </symbol>
      <symbol id="sm-35c">
         <name>SysCtl_setClock</name>
         <value>0x82739</value>
         <object_component_ref idref="oc-1df"/>
      </symbol>
      <symbol id="sm-35d">
         <name>SysCtl_getClock</name>
         <value>0x82b9d</value>
         <object_component_ref idref="oc-1eb"/>
      </symbol>
      <symbol id="sm-35e">
         <name>SysCtl_selectOscSourceAuxPLL</name>
         <value>0x82f1f</value>
         <object_component_ref idref="oc-24b"/>
      </symbol>
      <symbol id="sm-35f">
         <name>SysCtl_setAuxClock</name>
         <value>0x8286c</value>
         <object_component_ref idref="oc-1e5"/>
      </symbol>
      <symbol id="sm-369">
         <name>_c_int00</name>
         <value>0x83355</value>
         <object_component_ref idref="oc-cc"/>
      </symbol>
      <symbol id="sm-36a">
         <name>__stack</name>
         <value>0x400</value>
         <object_component_ref idref="oc-69"/>
      </symbol>
      <symbol id="sm-379">
         <name>__TI_auto_init_nobinit_nopinit</name>
         <value>0x83175</value>
         <object_component_ref idref="oc-13e"/>
      </symbol>
      <symbol id="sm-38f">
         <name>C$$EXIT</name>
         <value>0x831a0</value>
         <object_component_ref idref="oc-128"/>
      </symbol>
      <symbol id="sm-390">
         <name>abort</name>
         <value>0x831a0</value>
         <object_component_ref idref="oc-128"/>
      </symbol>
      <symbol id="sm-391">
         <name>exit</name>
         <value>0x831a2</value>
         <object_component_ref idref="oc-128"/>
      </symbol>
      <symbol id="sm-392">
         <name>__TI_dtors_ptr</name>
         <value>0xa004</value>
         <object_component_ref idref="oc-176"/>
      </symbol>
      <symbol id="sm-393">
         <name>__TI_cleanup_ptr</name>
         <value>0xa002</value>
         <object_component_ref idref="oc-176"/>
      </symbol>
      <symbol id="sm-394">
         <name>__TI_enable_exit_profile_output</name>
         <value>0xa000</value>
         <object_component_ref idref="oc-176"/>
      </symbol>
      <symbol id="sm-3a3">
         <name>_args_main</name>
         <value>0x833c4</value>
         <object_component_ref idref="oc-122"/>
      </symbol>
      <symbol id="sm-3b0">
         <name>_system_post_cinit</name>
         <value>0x83291</value>
         <object_component_ref idref="oc-186"/>
      </symbol>
      <symbol id="sm-3b2">
         <name>__c_args__</name>
         <value>0x0</value>
      </symbol>
   </symbol_table>
   <title>Link successful</title>
</link_info>
