******************************************************************************
             TMS320C2000 Linker PC v22.6.1                     
******************************************************************************
>> Linked Thu Jun 20 13:39:09 2024

OUTPUT FILE NAME:   <led_ex2_blinky_sysconfig_cpu1.out>
ENTRY POINT SYMBOL: "code_start"  address: 00080000


MEMORY CONFIGURATION

         name            origin    length      used     unused   attr    fill
----------------------  --------  ---------  --------  --------  ----  --------
  BOOT_RSVD             00000002   000001af  00000000  000001af  RWIX
  RAMM0                 000001b1   0000024f  00000000  0000024f  RWIX
  RAMM1                 00000400   000003f8  000003f8  00000000  RWIX
  CLA1_MSGRAMLOW        00001480   00000080  00000000  00000080  RWIX
  CLA1_MSGRAMHIGH       00001500   00000080  00000000  00000080  RWIX
  CLA1_DMA_MSGRAM       00001680   00000080  00000000  00000080  RWIX
  DMA_CLA1_MSGRAM       00001700   00000080  00000000  00000080  RWIX
  RAMLS0                00008000   00000800  00000000  00000800  RWIX
  RAMLS1                00008800   00000800  00000102  000006fe  RWIX
  RAMLS2                00009000   00000800  00000000  00000800  RWIX
  RAMLS3                00009800   00000800  00000000  00000800  RWIX
  RAMLS4                0000a000   00000800  0000000a  000007f6  RWIX
  RAMLS5                0000a800   00000800  0000003a  000007c6  RWIX
  RAMLS6                0000b000   00000800  00000000  00000800  RWIX
  RAMLS7                0000b800   00000800  00000000  00000800  RWIX
  RAMD0                 0000c000   00000800  000000d5  0000072b  RWIX
  RAMD1                 0000c800   00000800  00000000  00000800  RWIX
  RAMGS0                0000d000   00001000  00000000  00001000  RWIX
  RAMGS1                0000e000   00001000  00000000  00001000  RWIX
  RAMGS2                0000f000   00001000  00000000  00001000  RWIX
  RAMGS3                00010000   00001000  00000000  00001000  RWIX
  RAMGS4                00011000   00001000  00000000  00001000  RWIX
  RAMGS5                00012000   00001000  00000000  00001000  RWIX
  RAMGS6                00013000   00001000  00000000  00001000  RWIX
  RAMGS7                00014000   00001000  00000000  00001000  RWIX
  CMTOCPURAM            00038000   00000800  00000088  00000778  RWIX
  CPUTOCMRAM            00039000   00000800  00000088  00000778  RWIX
  CPU1TOCPU2RAM         0003a000   00000800  00000088  00000778  RWIX
  CPU2TOCPU1RAM         0003b000   00000800  00000088  00000778  RWIX
  CANA_MSG_RAM          00049000   00000800  00000000  00000800  RWIX
  CANB_MSG_RAM          0004b000   00000800  00000000  00000800  RWIX
  BEGIN                 00080000   00000002  00000002  00000000  RWIX
  FLASH0                00080002   00001ffe  00000000  00001ffe  RWIX
  FLASH1                00082000   00002000  00001415  00000beb  RWIX
  FLASH2                00084000   00002000  00000000  00002000  RWIX
  FLASH3                00086000   00002000  000000d5  00001f2b  RWIX
  FLASH4                00088000   00008000  0000003a  00007fc6  RWIX
  FLASH5                00090000   00008000  0000019d  00007e63  RWIX
  FLASH6                00098000   00008000  00000000  00008000  RWIX
  FLASH7                000a0000   00008000  00000000  00008000  RWIX
  FLASH8                000a8000   00008000  00000000  00008000  RWIX
  FLASH9                000b0000   00008000  00000000  00008000  RWIX
  FLASH10               000b8000   00002000  00000000  00002000  RWIX
  FLASH11               000ba000   00002000  00000000  00002000  RWIX
  FLASH12               000bc000   00002000  00000000  00002000  RWIX
  FLASH13               000be000   00001ff0  00000000  00001ff0  RWIX
  RESET                 003fffc0   00000002  00000000  00000002  RWIX


SECTION ALLOCATION MAP

 output                                  attributes/
section   page    origin      length       input sections
--------  ----  ----------  ----------   ----------------
codestart 
*          0    00080000    00000002     
                  00080000    00000002     f2838x_codestartbranch.obj (codestart)

.cinit     0    00083400    0000001c     
                  00083400    00000009     (.cinit..data.load) [load image, compression = lzss]
                  00083409    00000001     --HOLE-- [fill = 0]
                  0008340a    00000006     (__TI_handler_table)
                  00083410    00000004     (.cinit..bss_cla.load) [load image, compression = zero_init]
                  00083414    00000008     (__TI_cinit_table)

.reset     0    003fffc0    00000000     DSECT

.stack     0    00000400    000003f8     UNINITIALIZED
                  00000400    000003f8     --HOLE--

.init_array 
*          0    00082000    00000000     UNINITIALIZED

.data      0    0000a000    0000000a     UNINITIALIZED
                  0000a000    00000006     rts2800_fpu64_eabi.lib : exit.c.obj (.data)
                  0000a006    00000002                            : _lock.c.obj (.data:_lock)
                  0000a008    00000002     main.obj (.data)

MSGRAM_CM_TO_CPU 
*          0    00038000    00000088     UNINITIALIZED
                  00038000    00000088     ipc.obj (MSGRAM_CM_TO_CPU)

MSGRAM_CPU_TO_CM 
*          0    00039000    00000088     UNINITIALIZED
                  00039000    00000088     ipc.obj (MSGRAM_CPU_TO_CM)

MSGRAM_CPU1_TO_CPU2 
*          0    0003a000    00000088     UNINITIALIZED
                  0003a000    00000088     ipc.obj (MSGRAM_CPU1_TO_CPU2)

MSGRAM_CPU2_TO_CPU1 
*          0    0003b000    00000088     UNINITIALIZED
                  0003b000    00000088     ipc.obj (MSGRAM_CPU2_TO_CPU1)

.const     0    00090000    0000019d     
                  00090000    00000088     ipc.obj (.const:IPC_Instance)
                  00090088    0000006d     <whole-program> (.const:.string)
                  000900f5    00000001     --HOLE-- [fill = 0]
                  000900f6    00000038     flash.obj (.const:.string)
                  0009012e    00000038     sysctl.obj (.const:.string)
                  00090166    00000037     epwm.obj (.const:.string)

Cla1Prog   0    00088000    0000003a     RUN ADDR = 0000a800
                  00088000    0000003a     cla_ex4_pwm_control_cla.obj (Cla1Prog:Cla1Task1)

CLAscratch 
*          0    00008800    00000100     UNINITIALIZED
                  00008800    00000100     --HOLE--

.bss_cla   0    00008900    00000002     UNINITIALIZED
                  00008900    00000002     cla_ex4_pwm_control_cla.obj (.bss_cla)

.const_cla 
*          0    00008800    00000000     UNINITIALIZED

.TI.ramfunc 
*          0    00086000    000000d5     RUN ADDR = 0000c000
                  00086000    000000d1     flash.obj (.TI.ramfunc:Flash_initModule)
                  000860d1    00000004     sysctl.obj (.TI.ramfunc)

.text      0    00082000    000013f9     
                  00082000    00000290     dcc.obj (.text:DCC_verifyClockFrequency)
                  00082290    000001e1     sysctl.obj (.text:SysCtl_isPLLValid)
                  00082471    00000167     device.obj (.text:Device_enableAllPeripherals)
                  000825d8    00000161     board.obj (.text:MEMCFG_init)
                  00082739    00000133     sysctl.obj (.text:SysCtl_setClock)
                  0008286c    000000fc     sysctl.obj (.text:SysCtl_setAuxClock)
                  00082968    000000a0     memcfg.obj (.text:MemCfg_setProtection)
                  00082a08    00000099     main.obj (.text:main)
                  00082aa1    00000081     sysctl.obj (.text:SysCtl_getAuxClock)
                  00082b22    0000007b     device.obj (.text:Device_init)
                  00082b9d    00000072     sysctl.obj (.text:SysCtl_getClock)
                  00082c0f    00000071     main.obj (.text:initEPWM)
                  00082c80    00000070     memcfg.obj (.text:MemCfg_getInitStatus)
                  00082cf0    0000006b     memcfg.obj (.text:MemCfg_setLSRAMControllerSel)
                  00082d5b    00000066     sysctl.obj (.text:SysCtl_pollX1Counter)
                  00082dc1    00000060     memcfg.obj (.text:MemCfg_initSections)
                  00082e21    00000058     board.obj (.text:CPU1_ADCA_init)
                  00082e79    00000055     epwm.obj (.text:EPWM_setEmulationMode)
                  00082ece    00000051     board.obj (.text:Board_init)
                  00082f1f    00000050     sysctl.obj (.text:SysCtl_selectOscSourceAuxPLL)
                  00082f6f    0000004d     gpio.obj (.text:GPIO_setPadConfig)
                  00082fbc    00000042     sysctl.obj (.text:SysCtl_selectXTAL)
                  00082ffe    00000041     interrupt.obj (.text:Interrupt_initModule)
                  0008303f    0000003c     sysctl.obj (.text:SysCtl_selectOscSource)
                  0008307b    00000036     interrupt.obj (.text:Interrupt_enable)
                  000830b1    00000001     rts2800_fpu64_eabi.lib : _lock.c.obj (.text)
                  000830b2    00000033     adc.obj (.text:ADC_setINLTrim)
                  000830e5    00000030     gpio.obj (.text:GPIO_setControllerCore)
                  00083115    00000030     gpio.obj (.text:GPIO_setPinConfig)
                  00083145    00000030     rts2800_fpu64_eabi.lib : copy_decompress_lzss.c.obj (.text:decompress:lzss)
                  00083175    0000002b                            : autoinit.c.obj (.text:__TI_auto_init_nobinit_nopinit)
                  000831a0    00000029                            : exit.c.obj (.text)
                  000831c9    00000026     adc.obj (.text:ADC_setOffsetTrim)
                  000831ef    00000024     sysctl.obj (.text:SysCtl_getLowSpeedClock)
                  00083213    00000022     sysctl.obj (.text:SysCtl_selectXTALSingleEnded)
                  00083235    00000020     gpio.obj (.text:GPIO_setQualificationMode)
                  00083255    0000001e     device.obj (.text:Device_initGPIO)
                  00083273    0000001e     memcfg.obj (.text:MemCfg_setGSRAMControllerSel)
                  00083291    00000001     rts2800_fpu64_eabi.lib : startup.c.obj (.text)
                  00083292    0000001d     interrupt.obj (.text:Interrupt_initVectorTable)
                  000832af    0000001d     board.obj (.text:myCLA0_init)
                  000832cc    0000001d     rts2800_fpu64_eabi.lib : memcpy.c.obj (.text)
                  000832e9    0000001c     device.obj (.text:Device_verifyXTAL)
                  00083305    0000001c     main.obj (.text:INT_CPU1_ADCA_1_ISR)
                  00083321    0000001b     device.obj (.text:Device_enableUnbondedGPIOPullups)
                  0008333c    00000019     device.obj (.text:SysCtl_enablePeripheral)
                  00083355    00000019     rts2800_fpu64_eabi.lib : boot28.asm.obj (.text)
                  0008336e    00000015     device.obj (.text:Device_bootCPU2)
                  00083383    00000015     sysctl.obj (.text:SysCtl_controlCPU2Reset)
                  00083398    00000013     gpio.obj (.text:GPIO_setDirectionMode)
                  000833ab    0000000d     rts2800_fpu64_eabi.lib : copy_zero_init.c.obj (.text:decompress:ZI:__TI_zero_init_nomemset)
                  000833b8    0000000c     interrupt.obj (.text:Interrupt_defaultHandler)
                  000833c4    0000000c     rts2800_fpu64_eabi.lib : args_main.c.obj (.text)
                  000833d0    0000000a     interrupt.obj (.text:Interrupt_illegalOperationHandler)
                  000833da    0000000a     interrupt.obj (.text:Interrupt_nmiHandler)
                  000833e4    00000008     rts2800_fpu64_eabi.lib : copy_decompress_none.c.obj (.text:decompress:none)
                  000833ec    00000008     f2838x_codestartbranch.obj (.text)
                  000833f4    00000003     device.obj (.text:__error__)
                  000833f7    00000002     rts2800_fpu64_eabi.lib : pre_init.c.obj (.text)

MODULE SUMMARY

       Module                                   code   ro data   rw data
       ------                                   ----   -------   -------
    .\
       main.obj                                 294    0         2      
       cla_ex4_pwm_control_cla.obj              116    0         2      
    +--+----------------------------------------+------+---------+---------+
       Total:                                   410    0         4      
                                                                        
    .\device\
       device.obj                               616    0         0      
       f2838x_codestartbranch.obj               10     0         0      
    +--+----------------------------------------+------+---------+---------+
       Total:                                   626    0         0      
                                                                        
    .\device\driverlib\
       sysctl.obj                               1690   56        0      
       ipc.obj                                  0      136       544    
       dcc.obj                                  656    0         0      
       memcfg.obj                               505    0         0      
       flash.obj                                418    56        0      
       gpio.obj                                 224    0         0      
       interrupt.obj                            180    0         0      
       epwm.obj                                 85     55        0      
       adc.obj                                  89     0         0      
    +--+----------------------------------------+------+---------+---------+
       Total:                                   3847   303       544    
                                                                        
    .\syscfg\
       board.obj                                551    0         0      
    +--+----------------------------------------+------+---------+---------+
       Total:                                   551    0         0      
                                                                        
    C:\Users\User\AppData\Local\Temp\
       {851F7E04-96CF-43EE-B2BD-0C4AD1BC765B}   0      109       0      
    +--+----------------------------------------+------+---------+---------+
       Total:                                   0      109       0      
                                                                        
    C:\ti\ccs1240\ccs\tools\compiler\ti-cgt-c2000_22.6.1.LTS\lib\rts2800_fpu64_eabi.lib
       copy_decompress_lzss.c.obj               48     0         0      
       exit.c.obj                               41     0         6      
       autoinit.c.obj                           43     0         0      
       memcpy.c.obj                             29     0         0      
       boot28.asm.obj                           25     0         0      
       copy_zero_init.c.obj                     13     0         0      
       args_main.c.obj                          12     0         0      
       copy_decompress_none.c.obj               8      0         0      
       _lock.c.obj                              1      0         2      
       pre_init.c.obj                           2      0         0      
       startup.c.obj                            1      0         0      
    +--+----------------------------------------+------+---------+---------+
       Total:                                   223    0         8      
                                                                        
       Stack:                                   0      0         1016   
       Linker Generated:                        0      27        0      
    +--+----------------------------------------+------+---------+---------+
       Grand Total:                             5657   439       1572   


LINKER GENERATED COPY TABLES

__TI_cinit_table @ 00083414 records: 2, size/record: 4, table size: 8
	.data: load addr=00083400, load size=00000009 bytes, run addr=0000a000, run size=0000000a bytes, compression=lzss
	.bss_cla: load addr=00083410, load size=00000004 bytes, run addr=00008900, run size=00000002 bytes, compression=zero_init


LINKER GENERATED HANDLER TABLE

__TI_handler_table @ 0008340a records: 3, size/record: 2, table size: 6
	index: 0, handler: __TI_decompress_lzss
	index: 1, handler: __TI_decompress_none
	index: 2, handler: __TI_zero_init


GLOBAL DATA SYMBOLS: SORTED BY DATA PAGE

address     data page           name
--------    ----------------    ----
00000400      10 (00000400)     __stack

00008900     224 (00008900)     duty

0000a000     280 (0000a000)     __TI_enable_exit_profile_output
0000a002     280 (0000a000)     __TI_cleanup_ptr
0000a004     280 (0000a000)     __TI_dtors_ptr
0000a006     280 (0000a000)     _lock
0000a008     280 (0000a000)     u32C28cnts

00038000     e00 (00038000)     IPC_CPU_To_CM_GetBuffer

00039000     e40 (00039000)     IPC_CPU_To_CM_PutBuffer

0003a000     e80 (0003a000)     IPC_CPU1_To_CPU2_PutBuffer

0003b000     ec0 (0003b000)     IPC_CPU1_To_CPU2_GetBuffer

00090000    2400 (00090000)     IPC_Instance


GLOBAL SYMBOLS: SORTED ALPHABETICALLY BY Name 

page  address   name                             
----  -------   ----                             
0     000830b2  ADC_setINLTrim                   
0     000831c9  ADC_setOffsetTrim                
0     00082ece  Board_init                       
0     000831a0  C$$EXIT                          
abs   00000100  CLA_SCRATCHPAD_SIZE              
0     00082e21  CPU1_ADCA_init                   
abs   00000000  Cla1ConstLoadSize                
0     00008800  Cla1ConstLoadStart               
0     00008800  Cla1ConstRunStart                
0     0000a800  Cla1Task1                        
0     0008803a  Cla1funcsLoadEnd                 
abs   0000003a  Cla1funcsLoadSize                
0     00088000  Cla1funcsLoadStart               
0     0000a800  Cla1funcsRunStart                
0     00082000  DCC_verifyClockFrequency         
0     0008336e  Device_bootCPU2                  
0     00082471  Device_enableAllPeripherals      
0     00083321  Device_enableUnbondedGPIOPullups 
0     00082b22  Device_init                      
0     00083255  Device_initGPIO                  
0     000832e9  Device_verifyXTAL                
0     00082e79  EPWM_setEmulationMode            
0     0000c000  Flash_initModule                 
0     000830e5  GPIO_setControllerCore           
0     00083398  GPIO_setDirectionMode            
0     00082f6f  GPIO_setPadConfig                
0     00083115  GPIO_setPinConfig                
0     00083235  GPIO_setQualificationMode        
0     00083305  INT_CPU1_ADCA_1_ISR              
0     0003b000  IPC_CPU1_To_CPU2_GetBuffer       
0     0003a000  IPC_CPU1_To_CPU2_PutBuffer       
0     00038000  IPC_CPU_To_CM_GetBuffer          
0     00039000  IPC_CPU_To_CM_PutBuffer          
0     00090000  IPC_Instance                     
0     000833b8  Interrupt_defaultHandler         
0     0008307b  Interrupt_enable                 
0     000833d0  Interrupt_illegalOperationHandler
0     00082ffe  Interrupt_initModule             
0     00083292  Interrupt_initVectorTable        
0     000833da  Interrupt_nmiHandler             
0     000825d8  MEMCFG_init                      
0     00082c80  MemCfg_getInitStatus             
0     00082dc1  MemCfg_initSections              
0     00083273  MemCfg_setGSRAMControllerSel     
0     00082cf0  MemCfg_setLSRAMControllerSel     
0     00082968  MemCfg_setProtection             
0     000860d5  RamfuncsLoadEnd                  
abs   000000d5  RamfuncsLoadSize                 
0     00086000  RamfuncsLoadStart                
0     0000c0d5  RamfuncsRunEnd                   
abs   000000d5  RamfuncsRunSize                  
0     0000c000  RamfuncsRunStart                 
0     00083383  SysCtl_controlCPU2Reset          
0     0000c0d1  SysCtl_delay                     
0     00082aa1  SysCtl_getAuxClock               
0     00082b9d  SysCtl_getClock                  
0     000831ef  SysCtl_getLowSpeedClock          
0     00082290  SysCtl_isPLLValid                
0     0008303f  SysCtl_selectOscSource           
0     00082f1f  SysCtl_selectOscSourceAuxPLL     
0     00082fbc  SysCtl_selectXTAL                
0     00083213  SysCtl_selectXTALSingleEnded     
0     0008286c  SysCtl_setAuxClock               
0     00082739  SysCtl_setClock                  
0     00083414  __TI_CINIT_Base                  
0     0008341c  __TI_CINIT_Limit                 
0     0008341c  __TI_CINIT_Warm                  
0     0008340a  __TI_Handler_Table_Base          
0     00083410  __TI_Handler_Table_Limit         
0     000007f8  __TI_STACK_END                   
abs   000003f8  __TI_STACK_SIZE                  
0     00083175  __TI_auto_init_nobinit_nopinit   
0     0000a002  __TI_cleanup_ptr                 
0     00083145  __TI_decompress_lzss             
0     000833e4  __TI_decompress_none             
0     0000a004  __TI_dtors_ptr                   
0     0000a000  __TI_enable_exit_profile_output  
abs   ffffffff  __TI_pprof_out_hndl              
abs   ffffffff  __TI_prof_data_size              
abs   ffffffff  __TI_prof_data_start             
0     000833ab  __TI_zero_init_nomemset          
n/a   UNDEFED   __c_args__                       
0     000833f4  __error__                        
0     00000400  __stack                          
0     000833c4  _args_main                       
0     00083355  _c_int00                         
0     0000a006  _lock                            
0     000830b1  _nop                             
0     00083291  _system_post_cinit               
0     000833f7  _system_pre_init                 
0     000831a0  abort                            
0     00080000  code_start                       
0     00008900  duty                             
0     000831a2  exit                             
0     00082c0f  initEPWM                         
0     00082a08  main                             
0     000832cc  memcpy                           
0     000832af  myCLA0_init                      
0     0000a008  u32C28cnts                       


GLOBAL SYMBOLS: SORTED BY Symbol Address 

page  address   name                             
----  -------   ----                             
0     00000400  __stack                          
0     000007f8  __TI_STACK_END                   
0     00008800  Cla1ConstLoadStart               
0     00008800  Cla1ConstRunStart                
0     00008900  duty                             
0     0000a000  __TI_enable_exit_profile_output  
0     0000a002  __TI_cleanup_ptr                 
0     0000a004  __TI_dtors_ptr                   
0     0000a006  _lock                            
0     0000a008  u32C28cnts                       
0     0000a800  Cla1Task1                        
0     0000a800  Cla1funcsRunStart                
0     0000c000  Flash_initModule                 
0     0000c000  RamfuncsRunStart                 
0     0000c0d1  SysCtl_delay                     
0     0000c0d5  RamfuncsRunEnd                   
0     00038000  IPC_CPU_To_CM_GetBuffer          
0     00039000  IPC_CPU_To_CM_PutBuffer          
0     0003a000  IPC_CPU1_To_CPU2_PutBuffer       
0     0003b000  IPC_CPU1_To_CPU2_GetBuffer       
0     00080000  code_start                       
0     00082000  DCC_verifyClockFrequency         
0     00082290  SysCtl_isPLLValid                
0     00082471  Device_enableAllPeripherals      
0     000825d8  MEMCFG_init                      
0     00082739  SysCtl_setClock                  
0     0008286c  SysCtl_setAuxClock               
0     00082968  MemCfg_setProtection             
0     00082a08  main                             
0     00082aa1  SysCtl_getAuxClock               
0     00082b22  Device_init                      
0     00082b9d  SysCtl_getClock                  
0     00082c0f  initEPWM                         
0     00082c80  MemCfg_getInitStatus             
0     00082cf0  MemCfg_setLSRAMControllerSel     
0     00082dc1  MemCfg_initSections              
0     00082e21  CPU1_ADCA_init                   
0     00082e79  EPWM_setEmulationMode            
0     00082ece  Board_init                       
0     00082f1f  SysCtl_selectOscSourceAuxPLL     
0     00082f6f  GPIO_setPadConfig                
0     00082fbc  SysCtl_selectXTAL                
0     00082ffe  Interrupt_initModule             
0     0008303f  SysCtl_selectOscSource           
0     0008307b  Interrupt_enable                 
0     000830b1  _nop                             
0     000830b2  ADC_setINLTrim                   
0     000830e5  GPIO_setControllerCore           
0     00083115  GPIO_setPinConfig                
0     00083145  __TI_decompress_lzss             
0     00083175  __TI_auto_init_nobinit_nopinit   
0     000831a0  C$$EXIT                          
0     000831a0  abort                            
0     000831a2  exit                             
0     000831c9  ADC_setOffsetTrim                
0     000831ef  SysCtl_getLowSpeedClock          
0     00083213  SysCtl_selectXTALSingleEnded     
0     00083235  GPIO_setQualificationMode        
0     00083255  Device_initGPIO                  
0     00083273  MemCfg_setGSRAMControllerSel     
0     00083291  _system_post_cinit               
0     00083292  Interrupt_initVectorTable        
0     000832af  myCLA0_init                      
0     000832cc  memcpy                           
0     000832e9  Device_verifyXTAL                
0     00083305  INT_CPU1_ADCA_1_ISR              
0     00083321  Device_enableUnbondedGPIOPullups 
0     00083355  _c_int00                         
0     0008336e  Device_bootCPU2                  
0     00083383  SysCtl_controlCPU2Reset          
0     00083398  GPIO_setDirectionMode            
0     000833ab  __TI_zero_init_nomemset          
0     000833b8  Interrupt_defaultHandler         
0     000833c4  _args_main                       
0     000833d0  Interrupt_illegalOperationHandler
0     000833da  Interrupt_nmiHandler             
0     000833e4  __TI_decompress_none             
0     000833f4  __error__                        
0     000833f7  _system_pre_init                 
0     0008340a  __TI_Handler_Table_Base          
0     00083410  __TI_Handler_Table_Limit         
0     00083414  __TI_CINIT_Base                  
0     0008341c  __TI_CINIT_Limit                 
0     0008341c  __TI_CINIT_Warm                  
0     00086000  RamfuncsLoadStart                
0     000860d5  RamfuncsLoadEnd                  
0     00088000  Cla1funcsLoadStart               
0     0008803a  Cla1funcsLoadEnd                 
0     00090000  IPC_Instance                     
abs   00000000  Cla1ConstLoadSize                
abs   0000003a  Cla1funcsLoadSize                
abs   000000d5  RamfuncsLoadSize                 
abs   000000d5  RamfuncsRunSize                  
abs   00000100  CLA_SCRATCHPAD_SIZE              
abs   000003f8  __TI_STACK_SIZE                  
abs   ffffffff  __TI_pprof_out_hndl              
abs   ffffffff  __TI_prof_data_size              
abs   ffffffff  __TI_prof_data_start             
n/a   UNDEFED   __c_args__                       

[99 symbols]
